../Core/ap/src/Presenter.c:47:6:Presenter_Init	8	static
../Core/ap/src/Presenter.c:57:6:Presenter_Excute	8	static
../Core/ap/src/Presenter.c:76:6:Presenter_DispLCD	16	static
../Core/ap/src/Presenter.c:102:6:Presenter_DispMonitor	16	static
../Core/ap/src/Presenter.c:187:6:Presenter_SpeedMotor	16	static
../Core/ap/src/Presenter.c:193:6:Presenter_DispFnd_CurrentTime	16	static
../Core/ap/src/Presenter.c:209:6:Presenter_DispMonitorInfo	80	static
../Core/ap/src/Presenter.c:215:6:Presenter_DispMonitorSpeedInfo	72	static
../Core/ap/src/Presenter.c:221:6:Presenter_DispMonitorSongInfo	72	static
../Core/ap/src/Presenter.c:227:6:Presenter_DispMonitorDone	64	static
../Core/ap/src/Presenter.c:235:6:Presenter_DispLCD_RUN_DIST	136	static
../Core/ap/src/Presenter.c:248:6:Presenter_DispLCD_CAL_SPEED	128	static
../Core/ap/src/Presenter.c:261:6:Presenter_DispLCD_SONG_TITLE	16	static
../Core/ap/src/Presenter.c:276:6:Presenter_DispLCD_WARNING	64	static
../Core/ap/src/Presenter.c:285:6:Presenter_DispLED_Dist	24	static
../Core/ap/src/Presenter.c:313:6:Presenter_DispLEDMsbToggle	4	static
