../Core/ap/src/Presenter.c:42:6:Presenter_Init	8	static
../Core/ap/src/Presenter.c:48:6:Presenter_OutData	12	static
../Core/ap/src/Presenter.c:55:6:Presenter_Excute	8	static
../Core/ap/src/Presenter.c:66:6:Presenter_DispLCD	16	static
../Core/ap/src/Presenter.c:87:6:Presenter_DispMonitor	16	static
../Core/ap/src/Presenter.c:131:6:Presenter_SpeedMotor	16	static
../Core/ap/src/Presenter.c:138:6:Presenter_SongBuzzer	16	static
../Core/ap/src/Presenter.c:144:6:Presenter_DispFnd_CurrentTime	16	static
../Core/ap/src/Presenter.c:160:6:Presenter_DispMonitorInfo	80	static
../Core/ap/src/Presenter.c:166:6:Presenter_DispMonitorSpeedInfo	72	static
../Core/ap/src/Presenter.c:172:6:Presenter_DispMonitorSongInfo	72	static
../Core/ap/src/Presenter.c:178:6:Presenter_DispMonitorDone	64	static
../Core/ap/src/Presenter.c:189:6:Presenter_DispLCD_RUN_DIST	136	static
../Core/ap/src/Presenter.c:201:6:Presenter_DispLCD_CAL_SPEED	120	static
../Core/ap/src/Presenter.c:213:6:Presenter_DispLCD_SONG_TITLE	16	static
../Core/ap/src/Presenter.c:228:6:Presenter_DispLCD_WARNING	8	static
../Core/ap/src/Presenter.c:238:6:Presenter_DispLED_Dist	24	static
