Archive member included to satisfy reference by file (symbol)

C:/ST/STM32CubeIDE_1.18.1/STM32CubeIDE/plugins/com.st.stm32cube.ide.mcu.externaltools.gnu-tools-for-stm32.13.3.rel1.win32_1.0.0.202411081344/tools/bin/../lib/gcc/arm-none-eabi/13.3.1/../../../../arm-none-eabi/lib/thumb/v7e-m+fp/hard\libc_nano.a(libc_a-exit.o)
                              C:/ST/STM32CubeIDE_1.18.1/STM32CubeIDE/plugins/com.st.stm32cube.ide.mcu.externaltools.gnu-tools-for-stm32.13.3.rel1.win32_1.0.0.202411081344/tools/bin/../lib/gcc/arm-none-eabi/13.3.1/../../../../arm-none-eabi/lib/thumb/v7e-m+fp/hard/crt0.o (exit)
C:/ST/STM32CubeIDE_1.18.1/STM32CubeIDE/plugins/com.st.stm32cube.ide.mcu.externaltools.gnu-tools-for-stm32.13.3.rel1.win32_1.0.0.202411081344/tools/bin/../lib/gcc/arm-none-eabi/13.3.1/../../../../arm-none-eabi/lib/thumb/v7e-m+fp/hard\libc_nano.a(libc_a-findfp.o)
                              C:/ST/STM32CubeIDE_1.18.1/STM32CubeIDE/plugins/com.st.stm32cube.ide.mcu.externaltools.gnu-tools-for-stm32.13.3.rel1.win32_1.0.0.202411081344/tools/bin/../lib/gcc/arm-none-eabi/13.3.1/../../../../arm-none-eabi/lib/thumb/v7e-m+fp/hard\libc_nano.a(libc_a-exit.o) (__stdio_exit_handler)
C:/ST/STM32CubeIDE_1.18.1/STM32CubeIDE/plugins/com.st.stm32cube.ide.mcu.externaltools.gnu-tools-for-stm32.13.3.rel1.win32_1.0.0.202411081344/tools/bin/../lib/gcc/arm-none-eabi/13.3.1/../../../../arm-none-eabi/lib/thumb/v7e-m+fp/hard\libc_nano.a(libc_a-fwalk.o)
                              C:/ST/STM32CubeIDE_1.18.1/STM32CubeIDE/plugins/com.st.stm32cube.ide.mcu.externaltools.gnu-tools-for-stm32.13.3.rel1.win32_1.0.0.202411081344/tools/bin/../lib/gcc/arm-none-eabi/13.3.1/../../../../arm-none-eabi/lib/thumb/v7e-m+fp/hard\libc_nano.a(libc_a-findfp.o) (_fwalk_sglue)
C:/ST/STM32CubeIDE_1.18.1/STM32CubeIDE/plugins/com.st.stm32cube.ide.mcu.externaltools.gnu-tools-for-stm32.13.3.rel1.win32_1.0.0.202411081344/tools/bin/../lib/gcc/arm-none-eabi/13.3.1/../../../../arm-none-eabi/lib/thumb/v7e-m+fp/hard\libc_nano.a(libc_a-sprintf.o)
                              ./Core/ap/src/Presenter.o (sprintf)
C:/ST/STM32CubeIDE_1.18.1/STM32CubeIDE/plugins/com.st.stm32cube.ide.mcu.externaltools.gnu-tools-for-stm32.13.3.rel1.win32_1.0.0.202411081344/tools/bin/../lib/gcc/arm-none-eabi/13.3.1/../../../../arm-none-eabi/lib/thumb/v7e-m+fp/hard\libc_nano.a(libc_a-stdio.o)
                              C:/ST/STM32CubeIDE_1.18.1/STM32CubeIDE/plugins/com.st.stm32cube.ide.mcu.externaltools.gnu-tools-for-stm32.13.3.rel1.win32_1.0.0.202411081344/tools/bin/../lib/gcc/arm-none-eabi/13.3.1/../../../../arm-none-eabi/lib/thumb/v7e-m+fp/hard\libc_nano.a(libc_a-findfp.o) (__sread)
C:/ST/STM32CubeIDE_1.18.1/STM32CubeIDE/plugins/com.st.stm32cube.ide.mcu.externaltools.gnu-tools-for-stm32.13.3.rel1.win32_1.0.0.202411081344/tools/bin/../lib/gcc/arm-none-eabi/13.3.1/../../../../arm-none-eabi/lib/thumb/v7e-m+fp/hard\libc_nano.a(libc_a-memset.o)
                              C:/ST/STM32CubeIDE_1.18.1/STM32CubeIDE/plugins/com.st.stm32cube.ide.mcu.externaltools.gnu-tools-for-stm32.13.3.rel1.win32_1.0.0.202411081344/tools/bin/../lib/gcc/arm-none-eabi/13.3.1/../../../../arm-none-eabi/lib/thumb/v7e-m+fp/hard/crt0.o (memset)
C:/ST/STM32CubeIDE_1.18.1/STM32CubeIDE/plugins/com.st.stm32cube.ide.mcu.externaltools.gnu-tools-for-stm32.13.3.rel1.win32_1.0.0.202411081344/tools/bin/../lib/gcc/arm-none-eabi/13.3.1/../../../../arm-none-eabi/lib/thumb/v7e-m+fp/hard\libc_nano.a(libc_a-closer.o)
                              C:/ST/STM32CubeIDE_1.18.1/STM32CubeIDE/plugins/com.st.stm32cube.ide.mcu.externaltools.gnu-tools-for-stm32.13.3.rel1.win32_1.0.0.202411081344/tools/bin/../lib/gcc/arm-none-eabi/13.3.1/../../../../arm-none-eabi/lib/thumb/v7e-m+fp/hard\libc_nano.a(libc_a-stdio.o) (_close_r)
C:/ST/STM32CubeIDE_1.18.1/STM32CubeIDE/plugins/com.st.stm32cube.ide.mcu.externaltools.gnu-tools-for-stm32.13.3.rel1.win32_1.0.0.202411081344/tools/bin/../lib/gcc/arm-none-eabi/13.3.1/../../../../arm-none-eabi/lib/thumb/v7e-m+fp/hard\libc_nano.a(libc_a-reent.o)
                              C:/ST/STM32CubeIDE_1.18.1/STM32CubeIDE/plugins/com.st.stm32cube.ide.mcu.externaltools.gnu-tools-for-stm32.13.3.rel1.win32_1.0.0.202411081344/tools/bin/../lib/gcc/arm-none-eabi/13.3.1/../../../../arm-none-eabi/lib/thumb/v7e-m+fp/hard\libc_nano.a(libc_a-closer.o) (errno)
C:/ST/STM32CubeIDE_1.18.1/STM32CubeIDE/plugins/com.st.stm32cube.ide.mcu.externaltools.gnu-tools-for-stm32.13.3.rel1.win32_1.0.0.202411081344/tools/bin/../lib/gcc/arm-none-eabi/13.3.1/../../../../arm-none-eabi/lib/thumb/v7e-m+fp/hard\libc_nano.a(libc_a-impure.o)
                              C:/ST/STM32CubeIDE_1.18.1/STM32CubeIDE/plugins/com.st.stm32cube.ide.mcu.externaltools.gnu-tools-for-stm32.13.3.rel1.win32_1.0.0.202411081344/tools/bin/../lib/gcc/arm-none-eabi/13.3.1/../../../../arm-none-eabi/lib/thumb/v7e-m+fp/hard\libc_nano.a(libc_a-sprintf.o) (_impure_ptr)
[...]
Memory Configuration

Name             Origin             Length             Attributes
RAM              0x20000000         0x00020000         xrw
FLASH            0x08000000         0x00080000         xr
*default*        0x00000000         0xffffffff

Linker script and memory map

LOAD C:/ST/STM32CubeIDE_1.18.1/STM32CubeIDE/plugins/com.st.stm32cube.ide.mcu.externaltools.gnu-tools-for-stm32.13.3.rel1.win32_1.0.0.202411081344/tools/bin/../lib/gcc/arm-none-eabi/13.3.1/thumb/v7e-m+fp/hard/crti.o
LOAD C:/ST/STM32CubeIDE_1.18.1/STM32CubeIDE/plugins/com.st.stm32cube.ide.mcu.externaltools.gnu-tools-for-stm32.13.3.rel1.win32_1.0.0.202411081344/tools/bin/../lib/gcc/arm-none-eabi/13.3.1/thumb/v7e-m+fp/hard/crtbegin.o
LOAD C:/ST/STM32CubeIDE_1.18.1/STM32CubeIDE/plugins/com.st.stm32cube.ide.mcu.externaltools.gnu-tools-for-stm32.13.3.rel1.win32_1.0.0.202411081344/tools/bin/../lib/gcc/arm-none-eabi/13.3.1/../../../../arm-none-eabi/lib/thumb/v7e-m+fp/hard/crt0.o
LOAD ./Core/Src/gpio.o
LOAD ./Core/Src/i2c.o
LOAD ./Core/Src/main.o
LOAD ./Core/Src/stm32f4xx_hal_msp.o
LOAD ./Core/Src/stm32f4xx_it.o
LOAD ./Core/Src/syscalls.o
LOAD ./Core/Src/sysmem.o
LOAD ./Core/Src/system_stm32f4xx.o
LOAD ./Core/Src/tim.o
LOAD ./Core/Src/usart.o
LOAD ./Core/Startup/startup_stm32f411retx.o
LOAD ./Core/ap/src/Controller.o
LOAD ./Core/ap/src/Listener.o
LOAD ./Core/ap/src/Presenter.o
LOAD ./Core/ap/src/ap_main.o
LOAD ./Core/ap/src/queue.o
LOAD ./Core/ap/src/sound.o
LOAD ./Core/ap/src/stopWatch.o
LOAD ./Core/ap/src/timeWatch.o
LOAD ./Core/driver/Button/Button.o
LOAD ./Core/driver/FND/FND.o
LOAD ./Core/driver/LCD/lcd.o
LOAD ./Core/driver/LedBar/LedBar.o
LOAD ./Core/driver/buzzer/buzzer.o
LOAD ./Drivers/STM32F4xx_HAL_Driver/Src/stm32f4xx_hal.o
LOAD ./Drivers/STM32F4xx_HAL_Driver/Src/stm32f4xx_hal_cortex.o
LOAD ./Drivers/STM32F4xx_HAL_Driver/Src/stm32f4xx_hal_dma.o
LOAD ./Drivers/STM32F4xx_HAL_Driver/Src/stm32f4xx_hal_dma_ex.o
LOAD ./Drivers/STM32F4xx_HAL_Driver/Src/stm32f4xx_hal_exti.o
LOAD ./Drivers/STM32F4xx_HAL_Driver/Src/stm32f4xx_hal_flash.o
LOAD ./Drivers/STM32F4xx_HAL_Driver/Src/stm32f4xx_hal_flash_ex.o
LOAD ./Drivers/STM32F4xx_HAL_Driver/Src/stm32f4xx_hal_flash_ramfunc.o
LOAD ./Drivers/STM32F4xx_HAL_Driver/Src/stm32f4xx_hal_gpio.o
LOAD ./Drivers/STM32F4xx_HAL_Driver/Src/stm32f4xx_hal_i2c.o
LOAD ./Drivers/STM32F4xx_HAL_Driver/Src/stm32f4xx_hal_i2c_ex.o
LOAD ./Drivers/STM32F4xx_HAL_Driver/Src/stm32f4xx_hal_pwr.o
LOAD ./Drivers/STM32F4xx_HAL_Driver/Src/stm32f4xx_hal_pwr_ex.o
LOAD ./Drivers/STM32F4xx_HAL_Driver/Src/stm32f4xx_hal_rcc.o
LOAD ./Drivers/STM32F4xx_HAL_Driver/Src/stm32f4xx_hal_rcc_ex.o
LOAD ./Drivers/STM32F4xx_HAL_Driver/Src/stm32f4xx_hal_tim.o
LOAD ./Drivers/STM32F4xx_HAL_Driver/Src/stm32f4xx_hal_tim_ex.o
LOAD ./Drivers/STM32F4xx_HAL_Driver/Src/stm32f4xx_hal_uart.o
START GROUP
LOAD C:/ST/STM32CubeIDE_1.18.1/STM32CubeIDE/plugins/com.st.stm32cube.ide.mcu.externaltools.gnu-tools-for-stm32.13.3.rel1.win32_1.0.0.202411081344/tools/bin/../lib/gcc/arm-none-eabi/13.3.1/../../../../arm-none-eabi/lib/thumb/v7e-m+fp/hard\libc_nano.a
LOAD C:/ST/STM32CubeIDE_1.18.1/STM32CubeIDE/plugins/com.st.stm32cube.ide.mcu.externaltools.gnu-tools-for-stm32.13.3.rel1.win32_1.0.0.202411081344/tools/bin/../lib/gcc/arm-none-eabi/13.3.1/../../../../arm-none-eabi/lib/thumb/v7e-m+fp/hard\libm.a
END GROUP
START GROUP
LOAD C:/ST/STM32CubeIDE_1.18.1/STM32CubeIDE/plugins/com.st.stm32cube.ide.mcu.externaltools.gnu-tools-for-stm32.13.3.rel1.win32_1.0.0.202411081344/tools/bin/../lib/gcc/arm-none-eabi/13.3.1/thumb/v7e-m+fp/hard\libgcc.a
LOAD C:/ST/STM32CubeIDE_1.18.1/STM32CubeIDE/plugins/com.st.stm32cube.ide.mcu.externaltools.gnu-tools-for-stm32.13.3.rel1.win32_1.0.0.202411081344/tools/bin/../lib/gcc/arm-none-eabi/13.3.1/../../../../arm-none-eabi/lib/thumb/v7e-m+fp/hard\libc_nano.a
END GROUP
START GROUP
LOAD C:/ST/STM32CubeIDE_1.18.1/STM32CubeIDE/plugins/com.st.stm32cube.ide.mcu.externaltools.gnu-tools-for-stm32.13.3.rel1.win32_1.0.0.202411081344/tools/bin/../lib/gcc/arm-none-eabi/13.3.1/thumb/v7e-m+fp/hard\libgcc.a
LOAD C:/ST/STM32CubeIDE_1.18.1/STM32CubeIDE/plugins/com.st.stm32cube.ide.mcu.externaltools.gnu-tools-for-stm32.13.3.rel1.win32_1.0.0.202411081344/tools/bin/../lib/gcc/arm-none-eabi/13.3.1/../../../../arm-none-eabi/lib/thumb/v7e-m+fp/hard\libc_nano.a
LOAD C:/ST/STM32CubeIDE_1.18.1/STM32CubeIDE/plugins/com.st.stm32cube.ide.mcu.externaltools.gnu-tools-for-stm32.13.3.rel1.win32_1.0.0.202411081344/tools/bin/../lib/gcc/arm-none-eabi/13.3.1/../../../../arm-none-eabi/lib/thumb/v7e-m+fp/hard\libnosys.a
END GROUP
START GROUP
LOAD C:/ST/STM32CubeIDE_1.18.1/STM32CubeIDE/plugins/com.st.stm32cube.ide.mcu.externaltools.gnu-tools-for-stm32.13.3.rel1.win32_1.0.0.202411081344/tools/bin/../lib/gcc/arm-none-eabi/13.3.1/thumb/v7e-m+fp/hard\libgcc.a
LOAD C:/ST/STM32CubeIDE_1.18.1/STM32CubeIDE/plugins/com.st.stm32cube.ide.mcu.externaltools.gnu-tools-for-stm32.13.3.rel1.win32_1.0.0.202411081344/tools/bin/../lib/gcc/arm-none-eabi/13.3.1/../../../../arm-none-eabi/lib/thumb/v7e-m+fp/hard\libc_nano.a
LOAD C:/ST/STM32CubeIDE_1.18.1/STM32CubeIDE/plugins/com.st.stm32cube.ide.mcu.externaltools.gnu-tools-for-stm32.13.3.rel1.win32_1.0.0.202411081344/tools/bin/../lib/gcc/arm-none-eabi/13.3.1/../../../../arm-none-eabi/lib/thumb/v7e-m+fp/hard\libnosys.a
END GROUP
LOAD C:/ST/STM32CubeIDE_1.18.1/STM32CubeIDE/plugins/com.st.stm32cube.ide.mcu.externaltools.gnu-tools-for-stm32.13.3.rel1.win32_1.0.0.202411081344/tools/bin/../lib/gcc/arm-none-eabi/13.3.1/thumb/v7e-m+fp/hard/crtend.o
LOAD C:/ST/STM32CubeIDE_1.18.1/STM32CubeIDE/plugins/com.st.stm32cube.ide.mcu.externaltools.gnu-tools-for-stm32.13.3.rel1.win32_1.0.0.202411081344/tools/bin/../lib/gcc/arm-none-eabi/13.3.1/thumb/v7e-m+fp/hard/crtn.o
                0x20020000                        _estack = (ORIGIN (RAM) + LENGTH (RAM))
                0x00000200                        _Min_Heap_Size = 0x200
                0x00000400                        _Min_Stack_Size = 0x400

.isr_vector     0x08000000      0x198
                0x08000000                        . = ALIGN (0x4)
 *(.isr_vector)
 .isr_vector    0x08000000      0x198 ./Core/Startup/startup_stm32f411retx.o
                0x08000000                g_pfnVectors
                0x08000198                        . = ALIGN (0x4)

.text           0x08000198     0x50b4
                0x08000198                        . = ALIGN (0x4)
 *(.text)
 .text          0x08000198       0x40 C:/ST/STM32CubeIDE_1.18.1/STM32CubeIDE/plugins/com.st.stm32cube.ide.mcu.externaltools.gnu-tools-for-stm32.13.3.rel1.win32_1.0.0.202411081344/tools/bin/../lib/gcc/arm-none-eabi/13.3.1/thumb/v7e-m+fp/hard/crtbegin.o
 .text          0x080001d8       0x30 C:/ST/STM32CubeIDE_1.18.1/STM32CubeIDE/plugins/com.st.stm32cube.ide.mcu.externaltools.gnu-tools-for-stm32.13.3.rel1.win32_1.0.0.202411081344/tools/bin/../lib/gcc/arm-none-eabi/13.3.1/thumb/v7e-m+fp/hard\libgcc.a(_aeabi_uldivmod.o)
                0x080001d8                __aeabi_uldivmod
 .text          0x08000208      0x2f8 C:/ST/STM32CubeIDE_1.18.1/STM32CubeIDE/plugins/com.st.stm32cube.ide.mcu.externaltools.gnu-tools-for-stm32.13.3.rel1.win32_1.0.0.202411081344/tools/bin/../lib/gcc/arm-none-eabi/13.3.1/thumb/v7e-m+fp/hard\libgcc.a(_udivmoddi4.o)
                0x08000208                __udivmoddi4
 .text          0x08000500        0x4 C:/ST/STM32CubeIDE_1.18.1/STM32CubeIDE/plugins/com.st.stm32cube.ide.mcu.externaltools.gnu-tools-for-stm32.13.3.rel1.win32_1.0.0.202411081344/tools/bin/../lib/gcc/arm-none-eabi/13.3.1/thumb/v7e-m+fp/hard\libgcc.a(_dvmd_tls.o)
                0x08000500                __aeabi_idiv0
                0x08000500                __aeabi_ldiv0
 *(.text*)
 .text.MX_GPIO_Init
                0x08000504      0x150 ./Core/Src/gpio.o
                0x08000504                MX_GPIO_Init
 .text.MX_I2C1_Init
                0x08000654       0x5c ./Core/Src/i2c.o
                0x08000654                MX_I2C1_Init
 .text.HAL_I2C_MspInit
                0x080006b0       0x90 ./Core/Src/i2c.o
                0x080006b0                HAL_I2C_MspInit
 .text.main     0x08000740       0x2e ./Core/Src/main.o
                0x08000740                main
 *fill*         0x0800076e        0x2 
 .text.SystemClock_Config
                0x08000770       0xd0 ./Core/Src/main.o
                0x08000770                SystemClock_Config
 .text.Error_Handler
                0x08000840        0xc ./Core/Src/main.o
                0x08000840                Error_Handler
 .text.HAL_MspInit
                0x0800084c       0x50 ./Core/Src/stm32f4xx_hal_msp.o
                0x0800084c                HAL_MspInit
 .text.NMI_Handler
                0x0800089c        0x8 ./Core/Src/stm32f4xx_it.o
                0x0800089c                NMI_Handler
 .text.HardFault_Handler
                0x080008a4        0x8 ./Core/Src/stm32f4xx_it.o
                0x080008a4                HardFault_Handler
 .text.MemManage_Handler
                0x080008ac        0x8 ./Core/Src/stm32f4xx_it.o
                0x080008ac                MemManage_Handler
 .text.BusFault_Handler
                0x080008b4        0x8 ./Core/Src/stm32f4xx_it.o
                0x080008b4                BusFault_Handler
 .text.UsageFault_Handler
                0x080008bc        0x8 ./Core/Src/stm32f4xx_it.o
                0x080008bc                UsageFault_Handler
 .text.SVC_Handler
                0x080008c4        0xe ./Core/Src/stm32f4xx_it.o
                0x080008c4                SVC_Handler
 .text.DebugMon_Handler
                0x080008d2        0xe ./Core/Src/stm32f4xx_it.o
                0x080008d2                DebugMon_Handler
 .text.PendSV_Handler
                0x080008e0        0xe ./Core/Src/stm32f4xx_it.o
                0x080008e0                PendSV_Handler
 .text.SysTick_Handler
                0x080008ee        0xc ./Core/Src/stm32f4xx_it.o
                0x080008ee                SysTick_Handler
 *fill*         0x080008fa        0x2 
 .text.TIM2_IRQHandler
                0x080008fc       0x14 ./Core/Src/stm32f4xx_it.o
                0x080008fc                TIM2_IRQHandler
 .text.USART2_IRQHandler
                0x08000910       0x14 ./Core/Src/stm32f4xx_it.o
                0x08000910                USART2_IRQHandler
 .text.SystemInit
                0x08000924       0x24 ./Core/Src/system_stm32f4xx.o
                0x08000924                SystemInit
 .text.MX_TIM1_Init
                0x08000948      0x144 ./Core/Src/tim.o
                0x08000948                MX_TIM1_Init
 .text.MX_TIM2_Init
                0x08000a8c       0x98 ./Core/Src/tim.o
                0x08000a8c                MX_TIM2_Init
 .text.MX_TIM3_Init
                0x08000b24       0xf0 ./Core/Src/tim.o
                0x08000b24                MX_TIM3_Init
 .text.HAL_TIM_Base_MspInit
                0x08000c14       0xa4 ./Core/Src/tim.o
                0x08000c14                HAL_TIM_Base_MspInit
 .text.HAL_TIM_MspPostInit
                0x08000cb8       0xc4 ./Core/Src/tim.o
                0x08000cb8                HAL_TIM_MspPostInit
 .text.MX_USART2_UART_Init
                0x08000d7c       0x54 ./Core/Src/usart.o
                0x08000d7c                MX_USART2_UART_Init
 .text.HAL_UART_MspInit
                0x08000dd0       0xa0 ./Core/Src/usart.o
                0x08000dd0                HAL_UART_MspInit
 .text.Reset_Handler
                0x08000e70       0x50 ./Core/Startup/startup_stm32f411retx.o
                0x08000e70                Reset_Handler
 .text.Default_Handler
                0x08000ec0        0x2 ./Core/Startup/startup_stm32f411retx.o
                0x08000ec0                RTC_Alarm_IRQHandler
                0x08000ec0                EXTI2_IRQHandler
                0x08000ec0                SPI4_IRQHandler
                0x08000ec0                TIM1_CC_IRQHandler
                0x08000ec0                DMA2_Stream5_IRQHandler
                0x08000ec0                DMA1_Stream5_IRQHandler
                0x08000ec0                PVD_IRQHandler
                0x08000ec0                SDIO_IRQHandler
                0x08000ec0                TAMP_STAMP_IRQHandler
                0x08000ec0                EXTI3_IRQHandler
                0x08000ec0                TIM1_UP_TIM10_IRQHandler
                0x08000ec0                I2C3_ER_IRQHandler
                0x08000ec0                EXTI0_IRQHandler
                0x08000ec0                I2C2_EV_IRQHandler
                0x08000ec0                DMA1_Stream2_IRQHandler
                0x08000ec0                FPU_IRQHandler
                0x08000ec0                DMA2_Stream2_IRQHandler
                0x08000ec0                SPI1_IRQHandler
                0x08000ec0                TIM1_BRK_TIM9_IRQHandler
                0x08000ec0                DMA2_Stream3_IRQHandler
                0x08000ec0                USART6_IRQHandler
                0x08000ec0                DMA2_Stream0_IRQHandler
                0x08000ec0                TIM4_IRQHandler
                0x08000ec0                I2C1_EV_IRQHandler
                0x08000ec0                DMA1_Stream6_IRQHandler
                0x08000ec0                DMA1_Stream1_IRQHandler
                0x08000ec0                TIM3_IRQHandler
                0x08000ec0                RCC_IRQHandler
                0x08000ec0                Default_Handler
                0x08000ec0                EXTI15_10_IRQHandler
                0x08000ec0                ADC_IRQHandler
                0x08000ec0                DMA1_Stream7_IRQHandler
                0x08000ec0                SPI5_IRQHandler
                0x08000ec0                TIM5_IRQHandler
                0x08000ec0                DMA2_Stream7_IRQHandler
                0x08000ec0                I2C3_EV_IRQHandler
                0x08000ec0                EXTI9_5_IRQHandler
                0x08000ec0                RTC_WKUP_IRQHandler
                0x08000ec0                SPI2_IRQHandler
                0x08000ec0                DMA1_Stream0_IRQHandler
                0x08000ec0                EXTI4_IRQHandler
                0x08000ec0                WWDG_IRQHandler
                0x08000ec0                OTG_FS_WKUP_IRQHandler
                0x08000ec0                TIM1_TRG_COM_TIM11_IRQHandler
                0x08000ec0                EXTI1_IRQHandler
                0x08000ec0                I2C2_ER_IRQHandler
                0x08000ec0                DMA2_Stream1_IRQHandler
                0x08000ec0                FLASH_IRQHandler
                0x08000ec0                DMA2_Stream4_IRQHandler
                0x08000ec0                USART1_IRQHandler
                0x08000ec0                OTG_FS_IRQHandler
                0x08000ec0                SPI3_IRQHandler
                0x08000ec0                DMA1_Stream4_IRQHandler
                0x08000ec0                I2C1_ER_IRQHandler
                0x08000ec0                DMA2_Stream6_IRQHandler
                0x08000ec0                DMA1_Stream3_IRQHandler
 *fill*         0x08000ec2        0x2 
 .text.Listener_Init
                0x08000ec4       0x58 ./Core/ap/src/Listener.o
                0x08000ec4                Listener_Init
 .text.Listener_UartCallBack
                0x08000f1c       0x2c ./Core/ap/src/Listener.o
                0x08000f1c                Listener_UartCallBack
 .text.Presenter_Init
                0x08000f48       0x14 ./Core/ap/src/Presenter.o
                0x08000f48                Presenter_Init
 .text.HAL_TIM_PeriodElapsedCallback
                0x08000f5c       0x26 ./Core/ap/src/ap_main.o
                0x08000f5c                HAL_TIM_PeriodElapsedCallback
 *fill*         0x08000f82        0x2 
 .text.HAL_UART_RxCpltCallback
                0x08000f84       0x24 ./Core/ap/src/ap_main.o
                0x08000f84                HAL_UART_RxCpltCallback
 .text.ap_main  0x08000fa8       0x28 ./Core/ap/src/ap_main.o
                0x08000fa8                ap_main
 .text.ap_init  0x08000fd0       0x18 ./Core/ap/src/ap_main.o
                0x08000fd0                ap_init
 .text.Que_Init
                0x08000fe8       0x20 ./Core/ap/src/queue.o
                0x08000fe8                Que_Init
 .text.isQueFull
                0x08001008       0x36 ./Core/ap/src/queue.o
                0x08001008                isQueFull
 .text.enQue    0x0800103e       0x46 ./Core/ap/src/queue.o
                0x0800103e                enQue
 .text.Sound_Init
                0x08001084       0x14 ./Core/ap/src/sound.o
                0x08001084                Sound_Init
 .text.Sound_PowerOn
                0x08001098       0x48 ./Core/ap/src/sound.o
                0x08001098                Sound_PowerOn
 .text.StopWatch_IncTimeCallBack
                0x080010e0       0x18 ./Core/ap/src/stopWatch.o
                0x080010e0                StopWatch_IncTimeCallBack
 .text.StopWatch_IncTime
                0x080010f8       0x84 ./Core/ap/src/stopWatch.o
                0x080010f8                StopWatch_IncTime
 .text.TimeWatch_IncTimeCallBack
                0x0800117c       0x84 ./Core/ap/src/timeWatch.o
                0x0800117c                TimeWatch_IncTimeCallBack
 .text.Button_Init
                0x08001200       0x2c ./Core/driver/Button/Button.o
                0x08001200                Button_Init
 .text.FND_DispDataCallBack
                0x0800122c      0x220 ./Core/driver/FND/FND.o
                0x0800122c                FND_DispDataCallBack
 .text.FND_DispOn
                0x0800144c       0x30 ./Core/driver/FND/FND.o
 .text.FND_DispOffAll
                0x0800147c       0x44 ./Core/driver/FND/FND.o
                0x0800147c                FND_DispOffAll
 .text.FND_DispDigit
                0x080014c0       0x90 ./Core/driver/FND/FND.o
 .text.LCD_Init
                0x08001550       0x70 ./Core/driver/LCD/lcd.o
                0x08001550                LCD_Init
 .text.LCD_sendI2C
                0x080015c0       0x2c ./Core/driver/LCD/lcd.o
                0x080015c0                LCD_sendI2C
 .text.LCD_backLightOn
                0x080015ec       0x20 ./Core/driver/LCD/lcd.o
                0x080015ec                LCD_backLightOn
 .text.LCD_cmdMode
                0x0800160c       0x24 ./Core/driver/LCD/lcd.o
 .text.LCD_writeMode
                0x08001630       0x24 ./Core/driver/LCD/lcd.o
 .text.LCD_E_High
                0x08001654       0x24 ./Core/driver/LCD/lcd.o
 .text.LCD_E_Low
                0x08001678       0x24 ./Core/driver/LCD/lcd.o
 .text.LCD_sendNibbleData
                0x0800169c       0x48 ./Core/driver/LCD/lcd.o
 .text.LCD_sendData
                0x080016e4       0x28 ./Core/driver/LCD/lcd.o
 .text.Buzzer_Init
                0x0800170c       0x2c ./Core/driver/buzzer/buzzer.o
                0x0800170c                Buzzer_Init
 .text.Buzzer_SetFreq
                0x08001738       0x68 ./Core/driver/buzzer/buzzer.o
                0x08001738                Buzzer_SetFreq
 .text.Buzzer_Start
                0x080017a0       0x20 ./Core/driver/buzzer/buzzer.o
                0x080017a0                Buzzer_Start
 .text.Buzzer_Stop
                0x080017c0       0x20 ./Core/driver/buzzer/buzzer.o
                0x080017c0                Buzzer_Stop
 .text.HAL_Init
                0x080017e0       0x44 ./Drivers/STM32F4xx_HAL_Driver/Src/stm32f4xx_hal.o
                0x080017e0                HAL_Init
 .text.HAL_InitTick
                0x08001824       0x60 ./Drivers/STM32F4xx_HAL_Driver/Src/stm32f4xx_hal.o
                0x08001824                HAL_InitTick
 .text.HAL_IncTick
                0x08001884       0x28 ./Drivers/STM32F4xx_HAL_Driver/Src/stm32f4xx_hal.o
                0x08001884                HAL_IncTick
 .text.HAL_GetTick
                0x080018ac       0x18 ./Drivers/STM32F4xx_HAL_Driver/Src/stm32f4xx_hal.o
                0x080018ac                HAL_GetTick
 .text.HAL_Delay
                0x080018c4       0x48 ./Drivers/STM32F4xx_HAL_Driver/Src/stm32f4xx_hal.o
                0x080018c4                HAL_Delay
 .text.__NVIC_SetPriorityGrouping
                0x0800190c       0x48 ./Drivers/STM32F4xx_HAL_Driver/Src/stm32f4xx_hal_cortex.o
 .text.__NVIC_GetPriorityGrouping
                0x08001954       0x1c ./Drivers/STM32F4xx_HAL_Driver/Src/stm32f4xx_hal_cortex.o
 .text.__NVIC_EnableIRQ
                0x08001970       0x3c ./Drivers/STM32F4xx_HAL_Driver/Src/stm32f4xx_hal_cortex.o
 .text.__NVIC_SetPriority
                0x080019ac       0x54 ./Drivers/STM32F4xx_HAL_Driver/Src/stm32f4xx_hal_cortex.o
 .text.NVIC_EncodePriority
                0x08001a00       0x66 ./Drivers/STM32F4xx_HAL_Driver/Src/stm32f4xx_hal_cortex.o
 *fill*         0x08001a66        0x2 
 .text.SysTick_Config
                0x08001a68       0x44 ./Drivers/STM32F4xx_HAL_Driver/Src/stm32f4xx_hal_cortex.o
 .text.HAL_NVIC_SetPriorityGrouping
                0x08001aac       0x16 ./Drivers/STM32F4xx_HAL_Driver/Src/stm32f4xx_hal_cortex.o
                0x08001aac                HAL_NVIC_SetPriorityGrouping
 .text.HAL_NVIC_SetPriority
                0x08001ac2       0x38 ./Drivers/STM32F4xx_HAL_Driver/Src/stm32f4xx_hal_cortex.o
                0x08001ac2                HAL_NVIC_SetPriority
 .text.HAL_NVIC_EnableIRQ
                0x08001afa       0x1c ./Drivers/STM32F4xx_HAL_Driver/Src/stm32f4xx_hal_cortex.o
                0x08001afa                HAL_NVIC_EnableIRQ
 .text.HAL_SYSTICK_Config
                0x08001b16       0x18 ./Drivers/STM32F4xx_HAL_Driver/Src/stm32f4xx_hal_cortex.o
                0x08001b16                HAL_SYSTICK_Config
 .text.HAL_DMA_Abort
                0x08001b2e       0xe0 ./Drivers/STM32F4xx_HAL_Driver/Src/stm32f4xx_hal_dma.o
                0x08001b2e                HAL_DMA_Abort
 .text.HAL_DMA_Abort_IT
                0x08001c0e       0x44 ./Drivers/STM32F4xx_HAL_Driver/Src/stm32f4xx_hal_dma.o
                0x08001c0e                HAL_DMA_Abort_IT
 *fill*         0x08001c52        0x2 
 .text.HAL_GPIO_Init
                0x08001c54      0x308 ./Drivers/STM32F4xx_HAL_Driver/Src/stm32f4xx_hal_gpio.o
                0x08001c54                HAL_GPIO_Init
 .text.HAL_GPIO_WritePin
                0x08001f5c       0x32 ./Drivers/STM32F4xx_HAL_Driver/Src/stm32f4xx_hal_gpio.o
                0x08001f5c                HAL_GPIO_WritePin
 *fill*         0x08001f8e        0x2 
 .text.HAL_I2C_Init
                0x08001f90      0x288 ./Drivers/STM32F4xx_HAL_Driver/Src/stm32f4xx_hal_i2c.o
                0x08001f90                HAL_I2C_Init
 .text.HAL_I2C_Master_Transmit
                0x08002218      0x1fc ./Drivers/STM32F4xx_HAL_Driver/Src/stm32f4xx_hal_i2c.o
                0x08002218                HAL_I2C_Master_Transmit
 .text.I2C_MasterRequestWrite
                0x08002414      0x104 ./Drivers/STM32F4xx_HAL_Driver/Src/stm32f4xx_hal_i2c.o
 .text.I2C_WaitOnFlagUntilTimeout
                0x08002518       0xf4 ./Drivers/STM32F4xx_HAL_Driver/Src/stm32f4xx_hal_i2c.o
 .text.I2C_WaitOnMasterAddressFlagUntilTimeout
                0x0800260c      0x140 ./Drivers/STM32F4xx_HAL_Driver/Src/stm32f4xx_hal_i2c.o
 .text.I2C_WaitOnTXEFlagUntilTimeout
                0x0800274c       0x90 ./Drivers/STM32F4xx_HAL_Driver/Src/stm32f4xx_hal_i2c.o
 .text.I2C_WaitOnBTFFlagUntilTimeout
                0x080027dc       0x90 ./Drivers/STM32F4xx_HAL_Driver/Src/stm32f4xx_hal_i2c.o
 .text.I2C_IsAcknowledgeFailed
                0x0800286c       0x5e ./Drivers/STM32F4xx_HAL_Driver/Src/stm32f4xx_hal_i2c.o
 *fill*         0x080028ca        0x2 
 .text.HAL_RCC_OscConfig
                0x080028cc      0x4f0 ./Drivers/STM32F4xx_HAL_Driver/Src/stm32f4xx_hal_rcc.o
                0x080028cc                HAL_RCC_OscConfig
 .text.HAL_RCC_ClockConfig
                0x08002dbc      0x1cc ./Drivers/STM32F4xx_HAL_Driver/Src/stm32f4xx_hal_rcc.o
                0x08002dbc                HAL_RCC_ClockConfig
 .text.HAL_RCC_GetSysClockFreq
                0x08002f88      0x20c ./Drivers/STM32F4xx_HAL_Driver/Src/stm32f4xx_hal_rcc.o
                0x08002f88                HAL_RCC_GetSysClockFreq
 .text.HAL_RCC_GetHCLKFreq
                0x08003194       0x18 ./Drivers/STM32F4xx_HAL_Driver/Src/stm32f4xx_hal_rcc.o
                0x08003194                HAL_RCC_GetHCLKFreq
 .text.HAL_RCC_GetPCLK1Freq
                0x080031ac       0x28 ./Drivers/STM32F4xx_HAL_Driver/Src/stm32f4xx_hal_rcc.o
                0x080031ac                HAL_RCC_GetPCLK1Freq
 .text.HAL_RCC_GetPCLK2Freq
                0x080031d4       0x28 ./Drivers/STM32F4xx_HAL_Driver/Src/stm32f4xx_hal_rcc.o
                0x080031d4                HAL_RCC_GetPCLK2Freq
 .text.HAL_TIM_Base_Init
                0x080031fc       0x9e ./Drivers/STM32F4xx_HAL_Driver/Src/stm32f4xx_hal_tim.o
                0x080031fc                HAL_TIM_Base_Init
 *fill*         0x0800329a        0x2 
 .text.HAL_TIM_Base_Start_IT
                0x0800329c       0xc4 ./Drivers/STM32F4xx_HAL_Driver/Src/stm32f4xx_hal_tim.o
                0x0800329c                HAL_TIM_Base_Start_IT
 .text.HAL_TIM_PWM_Init
                0x08003360       0x9e ./Drivers/STM32F4xx_HAL_Driver/Src/stm32f4xx_hal_tim.o
                0x08003360                HAL_TIM_PWM_Init
 .text.HAL_TIM_PWM_MspInit
                0x080033fe       0x14 ./Drivers/STM32F4xx_HAL_Driver/Src/stm32f4xx_hal_tim.o
                0x080033fe                HAL_TIM_PWM_MspInit
 *fill*         0x08003412        0x2 
 .text.HAL_TIM_PWM_Start
                0x08003414      0x160 ./Drivers/STM32F4xx_HAL_Driver/Src/stm32f4xx_hal_tim.o
                0x08003414                HAL_TIM_PWM_Start
 .text.HAL_TIM_PWM_Stop
                0x08003574       0xc8 ./Drivers/STM32F4xx_HAL_Driver/Src/stm32f4xx_hal_tim.o
                0x08003574                HAL_TIM_PWM_Stop
 .text.HAL_TIM_IRQHandler
                0x0800363c      0x1e0 ./Drivers/STM32F4xx_HAL_Driver/Src/stm32f4xx_hal_tim.o
                0x0800363c                HAL_TIM_IRQHandler
 .text.HAL_TIM_PWM_ConfigChannel
                0x0800381c      0x184 ./Drivers/STM32F4xx_HAL_Driver/Src/stm32f4xx_hal_tim.o
                0x0800381c                HAL_TIM_PWM_ConfigChannel
 .text.HAL_TIM_ConfigClockSource
                0x080039a0      0x18e ./Drivers/STM32F4xx_HAL_Driver/Src/stm32f4xx_hal_tim.o
                0x080039a0                HAL_TIM_ConfigClockSource
 .text.HAL_TIM_OC_DelayElapsedCallback
                0x08003b2e       0x14 ./Drivers/STM32F4xx_HAL_Driver/Src/stm32f4xx_hal_tim.o
                0x08003b2e                HAL_TIM_OC_DelayElapsedCallback
 .text.HAL_TIM_IC_CaptureCallback
                0x08003b42       0x14 ./Drivers/STM32F4xx_HAL_Driver/Src/stm32f4xx_hal_tim.o
                0x08003b42                HAL_TIM_IC_CaptureCallback
 .text.HAL_TIM_PWM_PulseFinishedCallback
                0x08003b56       0x14 ./Drivers/STM32F4xx_HAL_Driver/Src/stm32f4xx_hal_tim.o
                0x08003b56                HAL_TIM_PWM_PulseFinishedCallback
 .text.HAL_TIM_TriggerCallback
                0x08003b6a       0x14 ./Drivers/STM32F4xx_HAL_Driver/Src/stm32f4xx_hal_tim.o
                0x08003b6a                HAL_TIM_TriggerCallback
 *fill*         0x08003b7e        0x2 
 .text.TIM_Base_SetConfig
                0x08003b80      0x10c ./Drivers/STM32F4xx_HAL_Driver/Src/stm32f4xx_hal_tim.o
                0x08003b80                TIM_Base_SetConfig
 .text.TIM_OC1_SetConfig
                0x08003c8c       0xcc ./Drivers/STM32F4xx_HAL_Driver/Src/stm32f4xx_hal_tim.o
 .text.TIM_OC2_SetConfig
                0x08003d58       0xd8 ./Drivers/STM32F4xx_HAL_Driver/Src/stm32f4xx_hal_tim.o
                0x08003d58                TIM_OC2_SetConfig
 .text.TIM_OC3_SetConfig
                0x08003e30       0xd4 ./Drivers/STM32F4xx_HAL_Driver/Src/stm32f4xx_hal_tim.o
 .text.TIM_OC4_SetConfig
                0x08003f04       0xa0 ./Drivers/STM32F4xx_HAL_Driver/Src/stm32f4xx_hal_tim.o
 .text.TIM_TI1_ConfigInputStage
                0x08003fa4       0x5e ./Drivers/STM32F4xx_HAL_Driver/Src/stm32f4xx_hal_tim.o
 .text.TIM_TI2_ConfigInputStage
                0x08004002       0x60 ./Drivers/STM32F4xx_HAL_Driver/Src/stm32f4xx_hal_tim.o
 .text.TIM_ITRx_SetConfig
                0x08004062       0x36 ./Drivers/STM32F4xx_HAL_Driver/Src/stm32f4xx_hal_tim.o
 .text.TIM_ETR_SetConfig
                0x08004098       0x40 ./Drivers/STM32F4xx_HAL_Driver/Src/stm32f4xx_hal_tim.o
                0x08004098                TIM_ETR_SetConfig
 .text.TIM_CCxChannelCmd
                0x080040d8       0x4a ./Drivers/STM32F4xx_HAL_Driver/Src/stm32f4xx_hal_tim.o
                0x080040d8                TIM_CCxChannelCmd
 *fill*         0x08004122        0x2 
 .text.HAL_TIMEx_MasterConfigSynchronization
                0x08004124       0xdc ./Drivers/STM32F4xx_HAL_Driver/Src/stm32f4xx_hal_tim_ex.o
                0x08004124                HAL_TIMEx_MasterConfigSynchronization
 .text.HAL_TIMEx_ConfigBreakDeadTime
                0x08004200       0xa4 ./Drivers/STM32F4xx_HAL_Driver/Src/stm32f4xx_hal_tim_ex.o
                0x08004200                HAL_TIMEx_ConfigBreakDeadTime
 .text.HAL_TIMEx_CommutCallback
                0x080042a4       0x14 ./Drivers/STM32F4xx_HAL_Driver/Src/stm32f4xx_hal_tim_ex.o
                0x080042a4                HAL_TIMEx_CommutCallback
 .text.HAL_TIMEx_BreakCallback
                0x080042b8       0x14 ./Drivers/STM32F4xx_HAL_Driver/Src/stm32f4xx_hal_tim_ex.o
                0x080042b8                HAL_TIMEx_BreakCallback
 .text.HAL_UART_Init
                0x080042cc       0xa0 ./Drivers/STM32F4xx_HAL_Driver/Src/stm32f4xx_hal_uart.o
                0x080042cc                HAL_UART_Init
 .text.HAL_UART_Receive_IT
                0x0800436c       0x4a ./Drivers/STM32F4xx_HAL_Driver/Src/stm32f4xx_hal_uart.o
                0x0800436c                HAL_UART_Receive_IT
 *fill*         0x080043b6        0x2 
 .text.HAL_UART_IRQHandler
                0x080043b8      0x554 ./Drivers/STM32F4xx_HAL_Driver/Src/stm32f4xx_hal_uart.o
                0x080043b8                HAL_UART_IRQHandler
 .text.HAL_UART_TxCpltCallback
                0x0800490c       0x14 ./Drivers/STM32F4xx_HAL_Driver/Src/stm32f4xx_hal_uart.o
                0x0800490c                HAL_UART_TxCpltCallback
 .text.HAL_UART_ErrorCallback
                0x08004920       0x14 ./Drivers/STM32F4xx_HAL_Driver/Src/stm32f4xx_hal_uart.o
                0x08004920                HAL_UART_ErrorCallback
 .text.HAL_UARTEx_RxEventCallback
                0x08004934       0x18 ./Drivers/STM32F4xx_HAL_Driver/Src/stm32f4xx_hal_uart.o
                0x08004934                HAL_UARTEx_RxEventCallback
 .text.UART_Start_Receive_IT
                0x0800494c       0x74 ./Drivers/STM32F4xx_HAL_Driver/Src/stm32f4xx_hal_uart.o
                0x0800494c                UART_Start_Receive_IT
 .text.UART_EndRxTransfer
                0x080049c0       0xc6 ./Drivers/STM32F4xx_HAL_Driver/Src/stm32f4xx_hal_uart.o
 .text.UART_DMAAbortOnError
                0x08004a86       0x22 ./Drivers/STM32F4xx_HAL_Driver/Src/stm32f4xx_hal_uart.o
 .text.UART_Transmit_IT
                0x08004aa8       0xa0 ./Drivers/STM32F4xx_HAL_Driver/Src/stm32f4xx_hal_uart.o
 .text.UART_EndTransmit_IT
                0x08004b48       0x30 ./Drivers/STM32F4xx_HAL_Driver/Src/stm32f4xx_hal_uart.o
 .text.UART_Receive_IT
                0x08004b78      0x17c ./Drivers/STM32F4xx_HAL_Driver/Src/stm32f4xx_hal_uart.o
 .text.UART_SetConfig
                0x08004cf4      0x4e8 ./Drivers/STM32F4xx_HAL_Driver/Src/stm32f4xx_hal_uart.o
 .text.memset   0x080051dc       0x10 C:/ST/STM32CubeIDE_1.18.1/STM32CubeIDE/plugins/com.st.stm32cube.ide.mcu.externaltools.gnu-tools-for-stm32.13.3.rel1.win32_1.0.0.202411081344/tools/bin/../lib/gcc/arm-none-eabi/13.3.1/../../../../arm-none-eabi/lib/thumb/v7e-m+fp/hard\libc_nano.a(libc_a-memset.o)
                0x080051dc                memset
 .text.__libc_init_array
                0x080051ec       0x48 C:/ST/STM32CubeIDE_1.18.1/STM32CubeIDE/plugins/com.st.stm32cube.ide.mcu.externaltools.gnu-tools-for-stm32.13.3.rel1.win32_1.0.0.202411081344/tools/bin/../lib/gcc/arm-none-eabi/13.3.1/../../../../arm-none-eabi/lib/thumb/v7e-m+fp/hard\libc_nano.a(libc_a-init.o)
                0x080051ec                __libc_init_array
 *(.glue_7)
 .glue_7        0x08005234        0x0 linker stubs
 *(.glue_7t)
 .glue_7t       0x08005234        0x0 linker stubs
 *(.eh_frame)
 .eh_frame      0x08005234        0x0 C:/ST/STM32CubeIDE_1.18.1/STM32CubeIDE/plugins/com.st.stm32cube.ide.mcu.externaltools.gnu-tools-for-stm32.13.3.rel1.win32_1.0.0.202411081344/tools/bin/../lib/gcc/arm-none-eabi/13.3.1/thumb/v7e-m+fp/hard/crtbegin.o
 *(.init)
 .init          0x08005234        0x4 C:/ST/STM32CubeIDE_1.18.1/STM32CubeIDE/plugins/com.st.stm32cube.ide.mcu.externaltools.gnu-tools-for-stm32.13.3.rel1.win32_1.0.0.202411081344/tools/bin/../lib/gcc/arm-none-eabi/13.3.1/thumb/v7e-m+fp/hard/crti.o
                0x08005234                _init
 .init          0x08005238        0x8 C:/ST/STM32CubeIDE_1.18.1/STM32CubeIDE/plugins/com.st.stm32cube.ide.mcu.externaltools.gnu-tools-for-stm32.13.3.rel1.win32_1.0.0.202411081344/tools/bin/../lib/gcc/arm-none-eabi/13.3.1/thumb/v7e-m+fp/hard/crtn.o
 *(.fini)
 .fini          0x08005240        0x4 C:/ST/STM32CubeIDE_1.18.1/STM32CubeIDE/plugins/com.st.stm32cube.ide.mcu.externaltools.gnu-tools-for-stm32.13.3.rel1.win32_1.0.0.202411081344/tools/bin/../lib/gcc/arm-none-eabi/13.3.1/thumb/v7e-m+fp/hard/crti.o
                0x08005240                _fini
 .fini          0x08005244        0x8 C:/ST/STM32CubeIDE_1.18.1/STM32CubeIDE/plugins/com.st.stm32cube.ide.mcu.externaltools.gnu-tools-for-stm32.13.3.rel1.win32_1.0.0.202411081344/tools/bin/../lib/gcc/arm-none-eabi/13.3.1/thumb/v7e-m+fp/hard/crtn.o
                0x0800524c                        . = ALIGN (0x4)
                0x0800524c                        _etext = .

.vfp11_veneer   0x0800524c        0x0
 .vfp11_veneer  0x0800524c        0x0 linker stubs

.v4_bx          0x0800524c        0x0
 .v4_bx         0x0800524c        0x0 linker stubs

.iplt           0x0800524c        0x0
 .iplt          0x0800524c        0x0 C:/ST/STM32CubeIDE_1.18.1/STM32CubeIDE/plugins/com.st.stm32cube.ide.mcu.externaltools.gnu-tools-for-stm32.13.3.rel1.win32_1.0.0.202411081344/tools/bin/../lib/gcc/arm-none-eabi/13.3.1/thumb/v7e-m+fp/hard/crtbegin.o

.rodata         0x0800524c       0x24
                0x0800524c                        . = ALIGN (0x4)
 *(.rodata)
 .rodata        0x0800524c        0xc ./Core/driver/FND/FND.o
 *(.rodata*)
 .rodata.AHBPrescTable
                0x08005258       0x10 ./Core/Src/system_stm32f4xx.o
                0x08005258                AHBPrescTable
 .rodata.APBPrescTable
                0x08005268        0x8 ./Core/Src/system_stm32f4xx.o
                0x08005268                APBPrescTable
                0x08005270                        . = ALIGN (0x4)

.ARM.extab      0x08005270        0x0
                0x08005270                        . = ALIGN (0x4)
 *(.ARM.extab* .gnu.linkonce.armextab.*)
                0x08005270                        . = ALIGN (0x4)

.ARM            0x08005270        0x8
                0x08005270                        . = ALIGN (0x4)
                0x08005270                        __exidx_start = .
 *(.ARM.exidx*)
 .ARM.exidx     0x08005270        0x8 C:/ST/STM32CubeIDE_1.18.1/STM32CubeIDE/plugins/com.st.stm32cube.ide.mcu.externaltools.gnu-tools-for-stm32.13.3.rel1.win32_1.0.0.202411081344/tools/bin/../lib/gcc/arm-none-eabi/13.3.1/thumb/v7e-m+fp/hard\libgcc.a(_udivmoddi4.o)
                0x08005278                        __exidx_end = .
                0x08005278                        . = ALIGN (0x4)

.preinit_array  0x08005278        0x0
                0x08005278                        . = ALIGN (0x4)
                0x08005278                        PROVIDE (__preinit_array_start = .)
 *(.preinit_array*)
                0x08005278                        PROVIDE (__preinit_array_end = .)
                0x08005278                        . = ALIGN (0x4)

.init_array     0x08005278        0x4
                0x08005278                        . = ALIGN (0x4)
                0x08005278                        PROVIDE (__init_array_start = .)
 *(SORT_BY_NAME(.init_array.*))
 *(.init_array*)
 .init_array    0x08005278        0x4 C:/ST/STM32CubeIDE_1.18.1/STM32CubeIDE/plugins/com.st.stm32cube.ide.mcu.externaltools.gnu-tools-for-stm32.13.3.rel1.win32_1.0.0.202411081344/tools/bin/../lib/gcc/arm-none-eabi/13.3.1/thumb/v7e-m+fp/hard/crtbegin.o
                0x0800527c                        PROVIDE (__init_array_end = .)
                0x0800527c                        . = ALIGN (0x4)

.fini_array     0x0800527c        0x4
                0x0800527c                        . = ALIGN (0x4)
                [!provide]                        PROVIDE (__fini_array_start = .)
 *(SORT_BY_NAME(.fini_array.*))
 *(.fini_array*)
 .fini_array    0x0800527c        0x4 C:/ST/STM32CubeIDE_1.18.1/STM32CubeIDE/plugins/com.st.stm32cube.ide.mcu.externaltools.gnu-tools-for-stm32.13.3.rel1.win32_1.0.0.202411081344/tools/bin/../lib/gcc/arm-none-eabi/13.3.1/thumb/v7e-m+fp/hard/crtbegin.o
                [!provide]                        PROVIDE (__fini_array_end = .)
                0x08005280                        . = ALIGN (0x4)
                0x08005280                        _sidata = LOADADDR (.data)

.rel.dyn        0x08005280        0x0
 .rel.iplt      0x08005280        0x0 C:/ST/STM32CubeIDE_1.18.1/STM32CubeIDE/plugins/com.st.stm32cube.ide.mcu.externaltools.gnu-tools-for-stm32.13.3.rel1.win32_1.0.0.202411081344/tools/bin/../lib/gcc/arm-none-eabi/13.3.1/thumb/v7e-m+fp/hard/crtbegin.o

.data           0x20000000       0x7c load address 0x08005280
                0x20000000                        . = ALIGN (0x4)
                0x20000000                        _sdata = .
 *(.data)
 *(.data*)
 .data.SystemCoreClock
                0x20000000        0x4 ./Core/Src/system_stm32f4xx.o
                0x20000000                SystemCoreClock
 .data.stopWatch
                0x20000004        0x6 ./Core/ap/src/stopWatch.o
 *fill*         0x2000000a        0x2 
 .data.timeWatch
                0x2000000c        0x6 ./Core/ap/src/timeWatch.o
 *fill*         0x20000012        0x2 
 .data.fndDigitCom
                0x20000014       0x20 ./Core/driver/FND/FND.o
                0x20000014                fndDigitCom
 .data.fndPin   0x20000034       0x40 ./Core/driver/FND/FND.o
                0x20000034                fndPin
 .data.uwTickPrio
                0x20000074        0x4 ./Drivers/STM32F4xx_HAL_Driver/Src/stm32f4xx_hal.o
                0x20000074                uwTickPrio
 .data.uwTickFreq
                0x20000078        0x1 ./Drivers/STM32F4xx_HAL_Driver/Src/stm32f4xx_hal.o
                0x20000078                uwTickFreq
 *(.RamFunc)
 *(.RamFunc*)
                0x2000007c                        . = ALIGN (0x4)
 *fill*         0x20000079        0x3 
                0x2000007c                        _edata = .

.igot.plt       0x2000007c        0x0 load address 0x080052fc
 .igot.plt      0x2000007c        0x0 C:/ST/STM32CubeIDE_1.18.1/STM32CubeIDE/plugins/com.st.stm32cube.ide.mcu.externaltools.gnu-tools-for-stm32.13.3.rel1.win32_1.0.0.202411081344/tools/bin/../lib/gcc/arm-none-eabi/13.3.1/thumb/v7e-m+fp/hard/crtbegin.o
                0x2000007c                        . = ALIGN (0x4)

.bss            0x2000007c      0x1f0 load address 0x080052fc
                0x2000007c                        _sbss = .
                0x2000007c                        __bss_start__ = _sbss
 *(.bss)
 .bss           0x2000007c       0x1c C:/ST/STM32CubeIDE_1.18.1/STM32CubeIDE/plugins/com.st.stm32cube.ide.mcu.externaltools.gnu-tools-for-stm32.13.3.rel1.win32_1.0.0.202411081344/tools/bin/../lib/gcc/arm-none-eabi/13.3.1/thumb/v7e-m+fp/hard/crtbegin.o
 *(.bss*)
 .bss.hi2c1     0x20000098       0x54 ./Core/Src/i2c.o
                0x20000098                hi2c1
 .bss.htim1     0x200000ec       0x48 ./Core/Src/tim.o
                0x200000ec                htim1
 .bss.htim2     0x20000134       0x48 ./Core/Src/tim.o
                0x20000134                htim2
 .bss.htim3     0x2000017c       0x48 ./Core/Src/tim.o
                0x2000017c                htim3
 .bss.huart2    0x200001c4       0x48 ./Core/Src/usart.o
                0x200001c4                huart2
 .bss.rcvData   0x2000020c        0x1 ./Core/ap/src/Listener.o
 *fill*         0x2000020d        0x3 
 .bss.uartRxQue
                0x20000210       0x18 ./Core/ap/src/Listener.o
 .bss.stopWatchState
                0x20000228        0x1 ./Core/ap/src/stopWatch.o
 *fill*         0x20000229        0x3 
 .bss.hBtnMode  0x2000022c        0xc ./Core/driver/Button/Button.o
                0x2000022c                hBtnMode
 .bss.hBtnRunStop
                0x20000238        0xc ./Core/driver/Button/Button.o
                0x20000238                hBtnRunStop
 .bss.hBtnClear
                0x20000244        0xc ./Core/driver/Button/Button.o
                0x20000244                hBtnClear
 .bss.fndDispNum
                0x20000250        0x2 ./Core/driver/FND/FND.o
 .bss.fndDispDp
                0x20000252        0x1 ./Core/driver/FND/FND.o
 *fill*         0x20000253        0x1 
 .bss.digitPos.0
                0x20000254        0x4 ./Core/driver/FND/FND.o
 .bss.lcdData   0x20000258        0x1 ./Core/driver/LCD/lcd.o
 *fill*         0x20000259        0x3 
 .bss.hLcdI2C   0x2000025c        0x4 ./Core/driver/LCD/lcd.o
 .bss.hbuzzerTim
                0x20000260        0x4 ./Core/driver/buzzer/buzzer.o
 .bss.buzzerTimchannel
                0x20000264        0x4 ./Core/driver/buzzer/buzzer.o
 .bss.uwTick    0x20000268        0x4 ./Drivers/STM32F4xx_HAL_Driver/Src/stm32f4xx_hal.o
                0x20000268                uwTick
 *(COMMON)
                0x2000026c                        . = ALIGN (0x4)
                0x2000026c                        _ebss = .
                0x2000026c                        __bss_end__ = _ebss

._user_heap_stack
                0x2000026c      0x604 load address 0x080052fc
                0x20000270                        . = ALIGN (0x8)
 *fill*         0x2000026c        0x4 
                [!provide]                        PROVIDE (end = .)
                0x20000270                        PROVIDE (_end = .)
                0x20000470                        . = (. + _Min_Heap_Size)
 *fill*         0x20000270      0x200 
                0x20000870                        . = (. + _Min_Stack_Size)
 *fill*         0x20000470      0x400 
                0x20000870                        . = ALIGN (0x8)

/DISCARD/
 libc.a(*)
 libm.a(*)
 libgcc.a(*)

.ARM.attributes
                0x00000000       0x30
 *(.ARM.attributes)
 .ARM.attributes
                0x00000000       0x22 C:/ST/STM32CubeIDE_1.18.1/STM32CubeIDE/plugins/com.st.stm32cube.ide.mcu.externaltools.gnu-tools-for-stm32.13.3.rel1.win32_1.0.0.202411081344/tools/bin/../lib/gcc/arm-none-eabi/13.3.1/thumb/v7e-m+fp/hard/crti.o
 .ARM.attributes
                0x00000022       0x34 C:/ST/STM32CubeIDE_1.18.1/STM32CubeIDE/plugins/com.st.stm32cube.ide.mcu.externaltools.gnu-tools-for-stm32.13.3.rel1.win32_1.0.0.202411081344/tools/bin/../lib/gcc/arm-none-eabi/13.3.1/thumb/v7e-m+fp/hard/crtbegin.o
 .ARM.attributes
                0x00000056       0x34 ./Core/Src/gpio.o
 .ARM.attributes
                0x0000008a       0x34 ./Core/Src/i2c.o
 .ARM.attributes
                0x000000be       0x34 ./Core/Src/main.o
 .ARM.attributes
                0x000000f2       0x34 ./Core/Src/stm32f4xx_hal_msp.o
 .ARM.attributes
                0x00000126       0x34 ./Core/Src/stm32f4xx_it.o
 .ARM.attributes
                0x0000015a       0x34 ./Core/Src/system_stm32f4xx.o
 .ARM.attributes
                0x0000018e       0x34 ./Core/Src/tim.o
 .ARM.attributes
                0x000001c2       0x34 ./Core/Src/usart.o
 .ARM.attributes
                0x000001f6       0x21 ./Core/Startup/startup_stm32f411retx.o
 .ARM.attributes
                0x00000217       0x34 ./Core/ap/src/Listener.o
 .ARM.attributes
                0x0000024b       0x34 ./Core/ap/src/Presenter.o
 .ARM.attributes
                0x0000027f       0x34 ./Core/ap/src/ap_main.o
 .ARM.attributes
                0x000002b3       0x34 ./Core/ap/src/queue.o
 .ARM.attributes
                0x000002e7       0x34 ./Core/ap/src/sound.o
 .ARM.attributes
                0x0000031b       0x34 ./Core/ap/src/stopWatch.o
 .ARM.attributes
                0x0000034f       0x34 ./Core/ap/src/timeWatch.o
 .ARM.attributes
                0x00000383       0x34 ./Core/driver/Button/Button.o
 .ARM.attributes
                0x000003b7       0x34 ./Core/driver/FND/FND.o
 .ARM.attributes
                0x000003eb       0x34 ./Core/driver/LCD/lcd.o
 .ARM.attributes
                0x0000041f       0x34 ./Core/driver/buzzer/buzzer.o
 .ARM.attributes
                0x00000453       0x34 ./Drivers/STM32F4xx_HAL_Driver/Src/stm32f4xx_hal.o
 .ARM.attributes
                0x00000487       0x34 ./Drivers/STM32F4xx_HAL_Driver/Src/stm32f4xx_hal_cortex.o
 .ARM.attributes
                0x000004bb       0x34 ./Drivers/STM32F4xx_HAL_Driver/Src/stm32f4xx_hal_dma.o
 .ARM.attributes
                0x000004ef       0x34 ./Drivers/STM32F4xx_HAL_Driver/Src/stm32f4xx_hal_gpio.o
 .ARM.attributes
                0x00000523       0x34 ./Drivers/STM32F4xx_HAL_Driver/Src/stm32f4xx_hal_i2c.o
 .ARM.attributes
                0x00000557       0x34 ./Drivers/STM32F4xx_HAL_Driver/Src/stm32f4xx_hal_rcc.o
 .ARM.attributes
                0x0000058b       0x34 ./Drivers/STM32F4xx_HAL_Driver/Src/stm32f4xx_hal_tim.o
 .ARM.attributes
                0x000005bf       0x34 ./Drivers/STM32F4xx_HAL_Driver/Src/stm32f4xx_hal_tim_ex.o
 .ARM.attributes
                0x000005f3       0x34 ./Drivers/STM32F4xx_HAL_Driver/Src/stm32f4xx_hal_uart.o
 .ARM.attributes
                0x00000627       0x34 C:/ST/STM32CubeIDE_1.18.1/STM32CubeIDE/plugins/com.st.stm32cube.ide.mcu.externaltools.gnu-tools-for-stm32.13.3.rel1.win32_1.0.0.202411081344/tools/bin/../lib/gcc/arm-none-eabi/13.3.1/../../../../arm-none-eabi/lib/thumb/v7e-m+fp/hard\libc_nano.a(libc_a-memset.o)
 .ARM.attributes
                0x0000065b       0x34 C:/ST/STM32CubeIDE_1.18.1/STM32CubeIDE/plugins/com.st.stm32cube.ide.mcu.externaltools.gnu-tools-for-stm32.13.3.rel1.win32_1.0.0.202411081344/tools/bin/../lib/gcc/arm-none-eabi/13.3.1/../../../../arm-none-eabi/lib/thumb/v7e-m+fp/hard\libc_nano.a(libc_a-init.o)
 .ARM.attributes
                0x0000068f       0x22 C:/ST/STM32CubeIDE_1.18.1/STM32CubeIDE/plugins/com.st.stm32cube.ide.mcu.externaltools.gnu-tools-for-stm32.13.3.rel1.win32_1.0.0.202411081344/tools/bin/../lib/gcc/arm-none-eabi/13.3.1/thumb/v7e-m+fp/hard\libgcc.a(_aeabi_uldivmod.o)
 .ARM.attributes
                0x000006b1       0x34 C:/ST/STM32CubeIDE_1.18.1/STM32CubeIDE/plugins/com.st.stm32cube.ide.mcu.externaltools.gnu-tools-for-stm32.13.3.rel1.win32_1.0.0.202411081344/tools/bin/../lib/gcc/arm-none-eabi/13.3.1/thumb/v7e-m+fp/hard\libgcc.a(_udivmoddi4.o)
 .ARM.attributes
                0x000006e5       0x22 C:/ST/STM32CubeIDE_1.18.1/STM32CubeIDE/plugins/com.st.stm32cube.ide.mcu.externaltools.gnu-tools-for-stm32.13.3.rel1.win32_1.0.0.202411081344/tools/bin/../lib/gcc/arm-none-eabi/13.3.1/thumb/v7e-m+fp/hard\libgcc.a(_dvmd_tls.o)
 .ARM.attributes
                0x00000707       0x22 C:/ST/STM32CubeIDE_1.18.1/STM32CubeIDE/plugins/com.st.stm32cube.ide.mcu.externaltools.gnu-tools-for-stm32.13.3.rel1.win32_1.0.0.202411081344/tools/bin/../lib/gcc/arm-none-eabi/13.3.1/thumb/v7e-m+fp/hard/crtn.o
OUTPUT(0626_TimeWatch_StopWatch3.elf elf32-littlearm)
LOAD linker stubs
LOAD C:/ST/STM32CubeIDE_1.18.1/STM32CubeIDE/plugins/com.st.stm32cube.ide.mcu.externaltools.gnu-tools-for-stm32.13.3.rel1.win32_1.0.0.202411081344/tools/bin/../lib/gcc/arm-none-eabi/13.3.1/../../../../arm-none-eabi/lib/thumb/v7e-m+fp/hard\libc.a
LOAD C:/ST/STM32CubeIDE_1.18.1/STM32CubeIDE/plugins/com.st.stm32cube.ide.mcu.externaltools.gnu-tools-for-stm32.13.3.rel1.win32_1.0.0.202411081344/tools/bin/../lib/gcc/arm-none-eabi/13.3.1/../../../../arm-none-eabi/lib/thumb/v7e-m+fp/hard\libm.a
LOAD C:/ST/STM32CubeIDE_1.18.1/STM32CubeIDE/plugins/com.st.stm32cube.ide.mcu.externaltools.gnu-tools-for-stm32.13.3.rel1.win32_1.0.0.202411081344/tools/bin/../lib/gcc/arm-none-eabi/13.3.1/thumb/v7e-m+fp/hard\libgcc.a

.debug_info     0x00000000    0x13fd2
 .debug_info    0x00000000      0x433 ./Core/Src/gpio.o
 .debug_info    0x00000433      0x9a5 ./Core/Src/i2c.o
 .debug_info    0x00000dd8      0x520 ./Core/Src/main.o
 .debug_info    0x000012f8      0x2a4 ./Core/Src/stm32f4xx_hal_msp.o
 .debug_info    0x0000159c      0x984 ./Core/Src/stm32f4xx_it.o
 .debug_info    0x00001f20      0x53e ./Core/Src/system_stm32f4xx.o
 .debug_info    0x0000245e      0xf9c ./Core/Src/tim.o
 .debug_info    0x000033fa      0xb2e ./Core/Src/usart.o
 .debug_info    0x00003f28       0x30 ./Core/Startup/startup_stm32f411retx.o
 .debug_info    0x00003f58      0x933 ./Core/ap/src/Listener.o
 .debug_info    0x0000488b      0xad4 ./Core/ap/src/Presenter.o
 .debug_info    0x0000535f      0x9c3 ./Core/ap/src/ap_main.o
 .debug_info    0x00005d22      0x1b9 ./Core/ap/src/queue.o
 .debug_info    0x00005edb      0x6bf ./Core/ap/src/sound.o
 .debug_info    0x0000659a      0x234 ./Core/ap/src/stopWatch.o
 .debug_info    0x000067ce      0x159 ./Core/ap/src/timeWatch.o
 .debug_info    0x00006927      0x2d7 ./Core/driver/Button/Button.o
 .debug_info    0x00006bfe      0x3c3 ./Core/driver/FND/FND.o
 .debug_info    0x00006fc1      0x86f ./Core/driver/LCD/lcd.o
 .debug_info    0x00007830      0x719 ./Core/driver/buzzer/buzzer.o
 .debug_info    0x00007f49      0x8c4 ./Drivers/STM32F4xx_HAL_Driver/Src/stm32f4xx_hal.o
 .debug_info    0x0000880d      0xcfc ./Drivers/STM32F4xx_HAL_Driver/Src/stm32f4xx_hal_cortex.o
 .debug_info    0x00009509      0x8e6 ./Drivers/STM32F4xx_HAL_Driver/Src/stm32f4xx_hal_dma.o
 .debug_info    0x00009def      0x6f9 ./Drivers/STM32F4xx_HAL_Driver/Src/stm32f4xx_hal_gpio.o
 .debug_info    0x0000a4e8     0x2426 ./Drivers/STM32F4xx_HAL_Driver/Src/stm32f4xx_hal_i2c.o
 .debug_info    0x0000c90e      0x904 ./Drivers/STM32F4xx_HAL_Driver/Src/stm32f4xx_hal_rcc.o
 .debug_info    0x0000d212     0x2996 ./Drivers/STM32F4xx_HAL_Driver/Src/stm32f4xx_hal_tim.o
 .debug_info    0x0000fba8     0x14d4 ./Drivers/STM32F4xx_HAL_Driver/Src/stm32f4xx_hal_tim_ex.o
 .debug_info    0x0001107c     0x2f56 ./Drivers/STM32F4xx_HAL_Driver/Src/stm32f4xx_hal_uart.o

.debug_abbrev   0x00000000     0x3690
 .debug_abbrev  0x00000000      0x151 ./Core/Src/gpio.o
 .debug_abbrev  0x00000151      0x1f0 ./Core/Src/i2c.o
 .debug_abbrev  0x00000341      0x20b ./Core/Src/main.o
 .debug_abbrev  0x0000054c       0xf4 ./Core/Src/stm32f4xx_hal_msp.o
 .debug_abbrev  0x00000640      0x1af ./Core/Src/stm32f4xx_it.o
 .debug_abbrev  0x000007ef      0x11a ./Core/Src/system_stm32f4xx.o
 .debug_abbrev  0x00000909      0x269 ./Core/Src/tim.o
 .debug_abbrev  0x00000b72      0x217 ./Core/Src/usart.o
 .debug_abbrev  0x00000d89       0x24 ./Core/Startup/startup_stm32f411retx.o
 .debug_abbrev  0x00000dad      0x1d6 ./Core/ap/src/Listener.o
 .debug_abbrev  0x00000f83      0x208 ./Core/ap/src/Presenter.o
 .debug_abbrev  0x0000118b      0x1f7 ./Core/ap/src/ap_main.o
 .debug_abbrev  0x00001382      0x11e ./Core/ap/src/queue.o
 .debug_abbrev  0x000014a0      0x1a9 ./Core/ap/src/sound.o
 .debug_abbrev  0x00001649      0x107 ./Core/ap/src/stopWatch.o
 .debug_abbrev  0x00001750       0xe6 ./Core/ap/src/timeWatch.o
 .debug_abbrev  0x00001836      0x193 ./Core/driver/Button/Button.o
 .debug_abbrev  0x000019c9      0x1e4 ./Core/driver/FND/FND.o
 .debug_abbrev  0x00001bad      0x208 ./Core/driver/LCD/lcd.o
 .debug_abbrev  0x00001db5      0x1d1 ./Core/driver/buzzer/buzzer.o
 .debug_abbrev  0x00001f86      0x24b ./Drivers/STM32F4xx_HAL_Driver/Src/stm32f4xx_hal.o
 .debug_abbrev  0x000021d1      0x31d ./Drivers/STM32F4xx_HAL_Driver/Src/stm32f4xx_hal_cortex.o
 .debug_abbrev  0x000024ee      0x221 ./Drivers/STM32F4xx_HAL_Driver/Src/stm32f4xx_hal_dma.o
 .debug_abbrev  0x0000270f      0x1d3 ./Drivers/STM32F4xx_HAL_Driver/Src/stm32f4xx_hal_gpio.o
 .debug_abbrev  0x000028e2      0x2bc ./Drivers/STM32F4xx_HAL_Driver/Src/stm32f4xx_hal_i2c.o
 .debug_abbrev  0x00002b9e      0x2b6 ./Drivers/STM32F4xx_HAL_Driver/Src/stm32f4xx_hal_rcc.o
 .debug_abbrev  0x00002e54      0x28b ./Drivers/STM32F4xx_HAL_Driver/Src/stm32f4xx_hal_tim.o
 .debug_abbrev  0x000030df      0x296 ./Drivers/STM32F4xx_HAL_Driver/Src/stm32f4xx_hal_tim_ex.o
 .debug_abbrev  0x00003375      0x31b ./Drivers/STM32F4xx_HAL_Driver/Src/stm32f4xx_hal_uart.o

.debug_aranges  0x00000000     0x1268
 .debug_aranges
                0x00000000       0x20 ./Core/Src/gpio.o
 .debug_aranges
                0x00000020       0x30 ./Core/Src/i2c.o
 .debug_aranges
                0x00000050       0x30 ./Core/Src/main.o
 .debug_aranges
                0x00000080       0x20 ./Core/Src/stm32f4xx_hal_msp.o
 .debug_aranges
                0x000000a0       0x70 ./Core/Src/stm32f4xx_it.o
 .debug_aranges
                0x00000110       0x28 ./Core/Src/system_stm32f4xx.o
 .debug_aranges
                0x00000138       0x48 ./Core/Src/tim.o
 .debug_aranges
                0x00000180       0x30 ./Core/Src/usart.o
 .debug_aranges
                0x000001b0       0x28 ./Core/Startup/startup_stm32f411retx.o
 .debug_aranges
                0x000001d8       0x40 ./Core/ap/src/Listener.o
 .debug_aranges
                0x00000218       0x60 ./Core/ap/src/Presenter.o
 .debug_aranges
                0x00000278       0x38 ./Core/ap/src/ap_main.o
 .debug_aranges
                0x000002b0       0x48 ./Core/ap/src/queue.o
 .debug_aranges
                0x000002f8       0x40 ./Core/ap/src/sound.o
 .debug_aranges
                0x00000338       0x48 ./Core/ap/src/stopWatch.o
 .debug_aranges
                0x00000380       0x28 ./Core/ap/src/timeWatch.o
 .debug_aranges
                0x000003a8       0x28 ./Core/driver/Button/Button.o
 .debug_aranges
                0x000003d0       0x50 ./Core/driver/FND/FND.o
 .debug_aranges
                0x00000420       0x98 ./Core/driver/LCD/lcd.o
 .debug_aranges
                0x000004b8       0x38 ./Core/driver/buzzer/buzzer.o
 .debug_aranges
                0x000004f0       0xf0 ./Drivers/STM32F4xx_HAL_Driver/Src/stm32f4xx_hal.o
 .debug_aranges
                0x000005e0      0x130 ./Drivers/STM32F4xx_HAL_Driver/Src/stm32f4xx_hal_cortex.o
 .debug_aranges
                0x00000710       0x90 ./Drivers/STM32F4xx_HAL_Driver/Src/stm32f4xx_hal_dma.o
 .debug_aranges
                0x000007a0       0x58 ./Drivers/STM32F4xx_HAL_Driver/Src/stm32f4xx_hal_gpio.o
 .debug_aranges
                0x000007f8      0x2a8 ./Drivers/STM32F4xx_HAL_Driver/Src/stm32f4xx_hal_i2c.o
 .debug_aranges
                0x00000aa0       0x88 ./Drivers/STM32F4xx_HAL_Driver/Src/stm32f4xx_hal_rcc.o
 .debug_aranges
                0x00000b28      0x3d0 ./Drivers/STM32F4xx_HAL_Driver/Src/stm32f4xx_hal_tim.o
 .debug_aranges
                0x00000ef8      0x168 ./Drivers/STM32F4xx_HAL_Driver/Src/stm32f4xx_hal_tim_ex.o
 .debug_aranges
                0x00001060      0x208 ./Drivers/STM32F4xx_HAL_Driver/Src/stm32f4xx_hal_uart.o

.debug_rnglists
                0x00000000      0xe3c
 .debug_rnglists
                0x00000000       0x14 ./Core/Src/gpio.o
 .debug_rnglists
                0x00000014       0x20 ./Core/Src/i2c.o
 .debug_rnglists
                0x00000034       0x20 ./Core/Src/main.o
 .debug_rnglists
                0x00000054       0x13 ./Core/Src/stm32f4xx_hal_msp.o
 .debug_rnglists
                0x00000067       0x4f ./Core/Src/stm32f4xx_it.o
 .debug_rnglists
                0x000000b6       0x1a ./Core/Src/system_stm32f4xx.o
 .debug_rnglists
                0x000000d0       0x36 ./Core/Src/tim.o
 .debug_rnglists
                0x00000106       0x20 ./Core/Src/usart.o
 .debug_rnglists
                0x00000126       0x19 ./Core/Startup/startup_stm32f411retx.o
 .debug_rnglists
                0x0000013f       0x2d ./Core/ap/src/Listener.o
 .debug_rnglists
                0x0000016c       0x44 ./Core/ap/src/Presenter.o
 .debug_rnglists
                0x000001b0       0x25 ./Core/ap/src/ap_main.o
 .debug_rnglists
                0x000001d5       0x31 ./Core/ap/src/queue.o
 .debug_rnglists
                0x00000206       0x2b ./Core/ap/src/sound.o
 .debug_rnglists
                0x00000231       0x32 ./Core/ap/src/stopWatch.o
 .debug_rnglists
                0x00000263       0x1a ./Core/ap/src/timeWatch.o
 .debug_rnglists
                0x0000027d       0x19 ./Core/driver/Button/Button.o
 .debug_rnglists
                0x00000296       0x39 ./Core/driver/FND/FND.o
 .debug_rnglists
                0x000002cf       0x6d ./Core/driver/LCD/lcd.o
 .debug_rnglists
                0x0000033c       0x25 ./Core/driver/buzzer/buzzer.o
 .debug_rnglists
                0x00000361       0xaf ./Drivers/STM32F4xx_HAL_Driver/Src/stm32f4xx_hal.o
 .debug_rnglists
                0x00000410       0xe0 ./Drivers/STM32F4xx_HAL_Driver/Src/stm32f4xx_hal_cortex.o
 .debug_rnglists
                0x000004f0       0x70 ./Drivers/STM32F4xx_HAL_Driver/Src/stm32f4xx_hal_dma.o
 .debug_rnglists
                0x00000560       0x3f ./Drivers/STM32F4xx_HAL_Driver/Src/stm32f4xx_hal_gpio.o
 .debug_rnglists
                0x0000059f      0x23c ./Drivers/STM32F4xx_HAL_Driver/Src/stm32f4xx_hal_i2c.o
 .debug_rnglists
                0x000007db       0x66 ./Drivers/STM32F4xx_HAL_Driver/Src/stm32f4xx_hal_rcc.o
 .debug_rnglists
                0x00000841      0x31a ./Drivers/STM32F4xx_HAL_Driver/Src/stm32f4xx_hal_tim.o
 .debug_rnglists
                0x00000b5b      0x125 ./Drivers/STM32F4xx_HAL_Driver/Src/stm32f4xx_hal_tim_ex.o
 .debug_rnglists
                0x00000c80      0x1bc ./Drivers/STM32F4xx_HAL_Driver/Src/stm32f4xx_hal_uart.o

.debug_macro    0x00000000    0x180ab
 .debug_macro   0x00000000      0x1fb ./Core/Src/gpio.o
 .debug_macro   0x000001fb      0xad8 ./Core/Src/gpio.o
 .debug_macro   0x00000cd3      0x2a1 ./Core/Src/gpio.o
 .debug_macro   0x00000f74       0x2e ./Core/Src/gpio.o
 .debug_macro   0x00000fa2       0x28 ./Core/Src/gpio.o
 .debug_macro   0x00000fca       0x22 ./Core/Src/gpio.o
 .debug_macro   0x00000fec       0x8e ./Core/Src/gpio.o
 .debug_macro   0x0000107a       0x51 ./Core/Src/gpio.o
 .debug_macro   0x000010cb      0x103 ./Core/Src/gpio.o
 .debug_macro   0x000011ce       0x6a ./Core/Src/gpio.o
 .debug_macro   0x00001238      0x1df ./Core/Src/gpio.o
 .debug_macro   0x00001417       0x1c ./Core/Src/gpio.o
 .debug_macro   0x00001433       0x22 ./Core/Src/gpio.o
 .debug_macro   0x00001455       0xfb ./Core/Src/gpio.o
 .debug_macro   0x00001550     0x1011 ./Core/Src/gpio.o
 .debug_macro   0x00002561      0x11f ./Core/Src/gpio.o
 .debug_macro   0x00002680     0xb968 ./Core/Src/gpio.o
 .debug_macro   0x0000dfe8       0x6d ./Core/Src/gpio.o
 .debug_macro   0x0000e055     0x3693 ./Core/Src/gpio.o
 .debug_macro   0x000116e8      0x190 ./Core/Src/gpio.o
 .debug_macro   0x00011878       0x5c ./Core/Src/gpio.o
 .debug_macro   0x000118d4      0x45c ./Core/Src/gpio.o
 .debug_macro   0x00011d30      0x9e9 ./Core/Src/gpio.o
 .debug_macro   0x00012719      0x115 ./Core/Src/gpio.o
 .debug_macro   0x0001282e      0x11b ./Core/Src/gpio.o
 .debug_macro   0x00012949       0xa5 ./Core/Src/gpio.o
 .debug_macro   0x000129ee      0x15f ./Core/Src/gpio.o
 .debug_macro   0x00012b4d      0x287 ./Core/Src/gpio.o
 .debug_macro   0x00012dd4       0x5f ./Core/Src/gpio.o
 .debug_macro   0x00012e33      0x236 ./Core/Src/gpio.o
 .debug_macro   0x00013069      0x132 ./Core/Src/gpio.o
 .debug_macro   0x0001319b      0x264 ./Core/Src/gpio.o
 .debug_macro   0x000133ff       0x2e ./Core/Src/gpio.o
 .debug_macro   0x0001342d      0x1b5 ./Core/Src/gpio.o
 .debug_macro   0x000135e2       0x22 ./Core/Src/gpio.o
 .debug_macro   0x00013604       0xd6 ./Core/Src/gpio.o
 .debug_macro   0x000136da      0x127 ./Core/Src/gpio.o
 .debug_macro   0x00013801       0x85 ./Core/Src/gpio.o
 .debug_macro   0x00013886       0x89 ./Core/Src/gpio.o
 .debug_macro   0x0001390f      0x8ed ./Core/Src/gpio.o
 .debug_macro   0x000141fc       0x47 ./Core/Src/gpio.o
 .debug_macro   0x00014243      0x2aa ./Core/Src/gpio.o
 .debug_macro   0x000144ed      0x126 ./Core/Src/gpio.o
 .debug_macro   0x00014613      0x1fb ./Core/Src/i2c.o
 .debug_macro   0x0001480e      0x2ab ./Core/Src/main.o
 .debug_macro   0x00014ab9       0x2e ./Core/Src/main.o
 .debug_macro   0x00014ae7       0x10 ./Core/Src/main.o
 .debug_macro   0x00014af7      0x1f1 ./Core/Src/stm32f4xx_hal_msp.o
 .debug_macro   0x00014ce8      0x1fb ./Core/Src/stm32f4xx_it.o
 .debug_macro   0x00014ee3      0x1e7 ./Core/Src/system_stm32f4xx.o
 .debug_macro   0x000150ca      0x1fb ./Core/Src/tim.o
 .debug_macro   0x000152c5      0x1fb ./Core/Src/usart.o
 .debug_macro   0x000154c0      0x275 ./Core/ap/src/Listener.o
 .debug_macro   0x00015735      0x338 ./Core/ap/src/Presenter.o
 .debug_macro   0x00015a6d       0x61 ./Core/ap/src/Presenter.o
 .debug_macro   0x00015ace       0x10 ./Core/ap/src/Presenter.o
 .debug_macro   0x00015ade       0x20 ./Core/ap/src/Presenter.o
 .debug_macro   0x00015afe       0x1c ./Core/ap/src/Presenter.o
 .debug_macro   0x00015b1a      0x293 ./Core/ap/src/ap_main.o
 .debug_macro   0x00015dad      0x1f7 ./Core/ap/src/queue.o
 .debug_macro   0x00015fa4      0x20f ./Core/ap/src/sound.o
 .debug_macro   0x000161b3      0x252 ./Core/ap/src/stopWatch.o
 .debug_macro   0x00016405      0x252 ./Core/ap/src/timeWatch.o
 .debug_macro   0x00016657      0x1f1 ./Core/driver/Button/Button.o
 .debug_macro   0x00016848      0x1f6 ./Core/driver/FND/FND.o
 .debug_macro   0x00016a3e       0x28 ./Core/driver/FND/FND.o
 .debug_macro   0x00016a66      0x241 ./Core/driver/LCD/lcd.o
 .debug_macro   0x00016ca7      0x205 ./Core/driver/buzzer/buzzer.o
 .debug_macro   0x00016eac      0x247 ./Drivers/STM32F4xx_HAL_Driver/Src/stm32f4xx_hal.o
 .debug_macro   0x000170f3      0x1e7 ./Drivers/STM32F4xx_HAL_Driver/Src/stm32f4xx_hal_cortex.o
 .debug_macro   0x000172da      0x1ed ./Drivers/STM32F4xx_HAL_Driver/Src/stm32f4xx_hal_dma.o
 .debug_macro   0x000174c7      0x1ed ./Drivers/STM32F4xx_HAL_Driver/Src/stm32f4xx_hal_gpio.o
 .debug_macro   0x000176b4      0x235 ./Drivers/STM32F4xx_HAL_Driver/Src/stm32f4xx_hal_i2c.o
 .debug_macro   0x000178e9      0x20b ./Drivers/STM32F4xx_HAL_Driver/Src/stm32f4xx_hal_rcc.o
 .debug_macro   0x00017af4      0x1e8 ./Drivers/STM32F4xx_HAL_Driver/Src/stm32f4xx_hal_tim.o
 .debug_macro   0x00017cdc      0x1e7 ./Drivers/STM32F4xx_HAL_Driver/Src/stm32f4xx_hal_tim_ex.o
 .debug_macro   0x00017ec3      0x1e8 ./Drivers/STM32F4xx_HAL_Driver/Src/stm32f4xx_hal_uart.o

.debug_line     0x00000000    0x19adb
 .debug_line    0x00000000      0x7b7 ./Core/Src/gpio.o
 .debug_line    0x000007b7      0x7e5 ./Core/Src/i2c.o
 .debug_line    0x00000f9c      0xa60 ./Core/Src/main.o
 .debug_line    0x000019fc      0x778 ./Core/Src/stm32f4xx_hal_msp.o
 .debug_line    0x00002174      0x856 ./Core/Src/stm32f4xx_it.o
 .debug_line    0x000029ca      0x7ed ./Core/Src/system_stm32f4xx.o
 .debug_line    0x000031b7      0x9bf ./Core/Src/tim.o
 .debug_line    0x00003b76      0x7e8 ./Core/Src/usart.o
 .debug_line    0x0000435e       0x7a ./Core/Startup/startup_stm32f411retx.o
 .debug_line    0x000043d8      0xa52 ./Core/ap/src/Listener.o
 .debug_line    0x00004e2a      0xb94 ./Core/ap/src/Presenter.o
 .debug_line    0x000059be      0xa21 ./Core/ap/src/ap_main.o
 .debug_line    0x000063df      0x87f ./Core/ap/src/queue.o
 .debug_line    0x00006c5e      0x86c ./Core/ap/src/sound.o
 .debug_line    0x000074ca      0x9de ./Core/ap/src/stopWatch.o
 .debug_line    0x00007ea8      0x94b ./Core/ap/src/timeWatch.o
 .debug_line    0x000087f3      0x7c8 ./Core/driver/Button/Button.o
 .debug_line    0x00008fbb      0x8af ./Core/driver/FND/FND.o
 .debug_line    0x0000986a      0x94b ./Core/driver/LCD/lcd.o
 .debug_line    0x0000a1b5      0x7df ./Core/driver/buzzer/buzzer.o
 .debug_line    0x0000a994      0xa69 ./Drivers/STM32F4xx_HAL_Driver/Src/stm32f4xx_hal.o
 .debug_line    0x0000b3fd      0xd39 ./Drivers/STM32F4xx_HAL_Driver/Src/stm32f4xx_hal_cortex.o
 .debug_line    0x0000c136      0xfd5 ./Drivers/STM32F4xx_HAL_Driver/Src/stm32f4xx_hal_dma.o
 .debug_line    0x0000d10b      0xb85 ./Drivers/STM32F4xx_HAL_Driver/Src/stm32f4xx_hal_gpio.o
 .debug_line    0x0000dc90     0x3b16 ./Drivers/STM32F4xx_HAL_Driver/Src/stm32f4xx_hal_i2c.o
 .debug_line    0x000117a6      0xe78 ./Drivers/STM32F4xx_HAL_Driver/Src/stm32f4xx_hal_rcc.o
 .debug_line    0x0001261e     0x35a8 ./Drivers/STM32F4xx_HAL_Driver/Src/stm32f4xx_hal_tim.o
 .debug_line    0x00015bc6     0x1964 ./Drivers/STM32F4xx_HAL_Driver/Src/stm32f4xx_hal_tim_ex.o
 .debug_line    0x0001752a     0x25b1 ./Drivers/STM32F4xx_HAL_Driver/Src/stm32f4xx_hal_uart.o

.debug_str      0x00000000    0x91206
 .debug_str     0x00000000    0x91206 ./Core/Src/gpio.o
                              0x88beb (size before relaxing)
 .debug_str     0x00091206    0x8911f ./Core/Src/i2c.o
 .debug_str     0x00091206    0x88ed2 ./Core/Src/main.o
 .debug_str     0x00091206    0x88b3d ./Core/Src/stm32f4xx_hal_msp.o
 .debug_str     0x00091206    0x89242 ./Core/Src/stm32f4xx_it.o
 .debug_str     0x00091206    0x88bd0 ./Core/Src/system_stm32f4xx.o
 .debug_str     0x00091206    0x897c8 ./Core/Src/tim.o
 .debug_str     0x00091206    0x89484 ./Core/Src/usart.o
 .debug_str     0x00091206       0x79 ./Core/Startup/startup_stm32f411retx.o
 .debug_str     0x00091206    0x89248 ./Core/ap/src/Listener.o
 .debug_str     0x00091206    0x8cb6e ./Core/ap/src/Presenter.o
 .debug_str     0x00091206    0x89402 ./Core/ap/src/ap_main.o
 .debug_str     0x00091206    0x88a4a ./Core/ap/src/queue.o
 .debug_str     0x00091206    0x88fd5 ./Core/ap/src/sound.o
 .debug_str     0x00091206    0x88c38 ./Core/ap/src/stopWatch.o
 .debug_str     0x00091206    0x88b78 ./Core/ap/src/timeWatch.o
 .debug_str     0x00091206    0x88b47 ./Core/driver/Button/Button.o
 .debug_str     0x00091206    0x88c21 ./Core/driver/FND/FND.o
 .debug_str     0x00091206    0x89110 ./Core/driver/LCD/lcd.o
 .debug_str     0x00091206    0x89006 ./Core/driver/buzzer/buzzer.o
 .debug_str     0x00091206    0x895fc ./Drivers/STM32F4xx_HAL_Driver/Src/stm32f4xx_hal.o
 .debug_str     0x00091206    0x89366 ./Drivers/STM32F4xx_HAL_Driver/Src/stm32f4xx_hal_cortex.o
 .debug_str     0x00091206    0x88fd8 ./Drivers/STM32F4xx_HAL_Driver/Src/stm32f4xx_hal_dma.o
 .debug_str     0x00091206    0x88d4b ./Drivers/STM32F4xx_HAL_Driver/Src/stm32f4xx_hal_gpio.o
 .debug_str     0x00091206    0x89be1 ./Drivers/STM32F4xx_HAL_Driver/Src/stm32f4xx_hal_i2c.o
 .debug_str     0x00091206    0x89004 ./Drivers/STM32F4xx_HAL_Driver/Src/stm32f4xx_hal_rcc.o
 .debug_str     0x00091206    0x89f48 ./Drivers/STM32F4xx_HAL_Driver/Src/stm32f4xx_hal_tim.o
 .debug_str     0x00091206    0x89754 ./Drivers/STM32F4xx_HAL_Driver/Src/stm32f4xx_hal_tim_ex.o
 .debug_str     0x00091206    0x895d3 ./Drivers/STM32F4xx_HAL_Driver/Src/stm32f4xx_hal_uart.o

.comment        0x00000000       0x43
 .comment       0x00000000       0x43 ./Core/Src/gpio.o
                                 0x44 (size before relaxing)
 .comment       0x00000043       0x44 ./Core/Src/i2c.o
 .comment       0x00000043       0x44 ./Core/Src/main.o
 .comment       0x00000043       0x44 ./Core/Src/stm32f4xx_hal_msp.o
 .comment       0x00000043       0x44 ./Core/Src/stm32f4xx_it.o
 .comment       0x00000043       0x44 ./Core/Src/system_stm32f4xx.o
 .comment       0x00000043       0x44 ./Core/Src/tim.o
 .comment       0x00000043       0x44 ./Core/Src/usart.o
 .comment       0x00000043       0x44 ./Core/ap/src/Listener.o
 .comment       0x00000043       0x44 ./Core/ap/src/Presenter.o
 .comment       0x00000043       0x44 ./Core/ap/src/ap_main.o
 .comment       0x00000043       0x44 ./Core/ap/src/queue.o
 .comment       0x00000043       0x44 ./Core/ap/src/sound.o
 .comment       0x00000043       0x44 ./Core/ap/src/stopWatch.o
 .comment       0x00000043       0x44 ./Core/ap/src/timeWatch.o
 .comment       0x00000043       0x44 ./Core/driver/Button/Button.o
 .comment       0x00000043       0x44 ./Core/driver/FND/FND.o
 .comment       0x00000043       0x44 ./Core/driver/LCD/lcd.o
 .comment       0x00000043       0x44 ./Core/driver/buzzer/buzzer.o
 .comment       0x00000043       0x44 ./Drivers/STM32F4xx_HAL_Driver/Src/stm32f4xx_hal.o
 .comment       0x00000043       0x44 ./Drivers/STM32F4xx_HAL_Driver/Src/stm32f4xx_hal_cortex.o
 .comment       0x00000043       0x44 ./Drivers/STM32F4xx_HAL_Driver/Src/stm32f4xx_hal_dma.o
 .comment       0x00000043       0x44 ./Drivers/STM32F4xx_HAL_Driver/Src/stm32f4xx_hal_gpio.o
 .comment       0x00000043       0x44 ./Drivers/STM32F4xx_HAL_Driver/Src/stm32f4xx_hal_i2c.o
 .comment       0x00000043       0x44 ./Drivers/STM32F4xx_HAL_Driver/Src/stm32f4xx_hal_rcc.o
 .comment       0x00000043       0x44 ./Drivers/STM32F4xx_HAL_Driver/Src/stm32f4xx_hal_tim.o
 .comment       0x00000043       0x44 ./Drivers/STM32F4xx_HAL_Driver/Src/stm32f4xx_hal_tim_ex.o
 .comment       0x00000043       0x44 ./Drivers/STM32F4xx_HAL_Driver/Src/stm32f4xx_hal_uart.o

.debug_frame    0x00000000     0x4a0c
 .debug_frame   0x00000000       0x34 ./Core/Src/gpio.o
 .debug_frame   0x00000034       0x74 ./Core/Src/i2c.o
 .debug_frame   0x000000a8       0x68 ./Core/Src/main.o
 .debug_frame   0x00000110       0x34 ./Core/Src/stm32f4xx_hal_msp.o
 .debug_frame   0x00000144      0x13c ./Core/Src/stm32f4xx_it.o
 .debug_frame   0x00000280       0x58 ./Core/Src/system_stm32f4xx.o
 .debug_frame   0x000002d8       0xe8 ./Core/Src/tim.o
 .debug_frame   0x000003c0       0x74 ./Core/Src/usart.o
 .debug_frame   0x00000434       0xac ./Core/ap/src/Listener.o
 .debug_frame   0x000004e0      0x150 ./Core/ap/src/Presenter.o
 .debug_frame   0x00000630       0x90 ./Core/ap/src/ap_main.o
 .debug_frame   0x000006c0       0xf4 ./Core/ap/src/queue.o
 .debug_frame   0x000007b4       0xa8 ./Core/ap/src/sound.o
 .debug_frame   0x0000085c       0xc8 ./Core/ap/src/stopWatch.o
 .debug_frame   0x00000924       0x4c ./Core/ap/src/timeWatch.o
 .debug_frame   0x00000970       0x5c ./Core/driver/Button/Button.o
 .debug_frame   0x000009cc      0x108 ./Core/driver/FND/FND.o
 .debug_frame   0x00000ad4      0x220 ./Core/driver/LCD/lcd.o
 .debug_frame   0x00000cf4       0x98 ./Core/driver/buzzer/buzzer.o
 .debug_frame   0x00000d8c      0x374 ./Drivers/STM32F4xx_HAL_Driver/Src/stm32f4xx_hal.o
 .debug_frame   0x00001100      0x508 ./Drivers/STM32F4xx_HAL_Driver/Src/stm32f4xx_hal_cortex.o
 .debug_frame   0x00001608      0x250 ./Drivers/STM32F4xx_HAL_Driver/Src/stm32f4xx_hal_dma.o
 .debug_frame   0x00001858      0x14c ./Drivers/STM32F4xx_HAL_Driver/Src/stm32f4xx_hal_gpio.o
 .debug_frame   0x000019a4      0xc84 ./Drivers/STM32F4xx_HAL_Driver/Src/stm32f4xx_hal_i2c.o
 .debug_frame   0x00002628      0x1f4 ./Drivers/STM32F4xx_HAL_Driver/Src/stm32f4xx_hal_rcc.o
 .debug_frame   0x0000281c     0x11b8 ./Drivers/STM32F4xx_HAL_Driver/Src/stm32f4xx_hal_tim.o
 .debug_frame   0x000039d4      0x638 ./Drivers/STM32F4xx_HAL_Driver/Src/stm32f4xx_hal_tim_ex.o
 .debug_frame   0x0000400c      0x954 ./Drivers/STM32F4xx_HAL_Driver/Src/stm32f4xx_hal_uart.o
 .debug_frame   0x00004960       0x20 C:/ST/STM32CubeIDE_1.18.1/STM32CubeIDE/plugins/com.st.stm32cube.ide.mcu.externaltools.gnu-tools-for-stm32.13.3.rel1.win32_1.0.0.202411081344/tools/bin/../lib/gcc/arm-none-eabi/13.3.1/../../../../arm-none-eabi/lib/thumb/v7e-m+fp/hard\libc_nano.a(libc_a-memset.o)
 .debug_frame   0x00004980       0x2c C:/ST/STM32CubeIDE_1.18.1/STM32CubeIDE/plugins/com.st.stm32cube.ide.mcu.externaltools.gnu-tools-for-stm32.13.3.rel1.win32_1.0.0.202411081344/tools/bin/../lib/gcc/arm-none-eabi/13.3.1/../../../../arm-none-eabi/lib/thumb/v7e-m+fp/hard\libc_nano.a(libc_a-init.o)
 .debug_frame   0x000049ac       0x2c C:/ST/STM32CubeIDE_1.18.1/STM32CubeIDE/plugins/com.st.stm32cube.ide.mcu.externaltools.gnu-tools-for-stm32.13.3.rel1.win32_1.0.0.202411081344/tools/bin/../lib/gcc/arm-none-eabi/13.3.1/thumb/v7e-m+fp/hard\libgcc.a(_aeabi_uldivmod.o)
 .debug_frame   0x000049d8       0x34 C:/ST/STM32CubeIDE_1.18.1/STM32CubeIDE/plugins/com.st.stm32cube.ide.mcu.externaltools.gnu-tools-for-stm32.13.3.rel1.win32_1.0.0.202411081344/tools/bin/../lib/gcc/arm-none-eabi/13.3.1/thumb/v7e-m+fp/hard\libgcc.a(_udivmoddi4.o)

.debug_line_str
                0x00000000       0x5d
 .debug_line_str
                0x00000000       0x5d ./Core/Startup/startup_stm32f411retx.o
