11:10:34 **** Build of configuration Debug for project 0620_fnd ****
make -j16 all 
arm-none-eabi-gcc -mcpu=cortex-m4 -g3 -DDEBUG -c -I"C:/Users/kccistc/Documents/GitHub/Harman_STM32/workspace/stm32_workspace/0620_fnd/Src/driver/Button" -I"C:/Users/kccistc/Documents/GitHub/Harman_STM32/workspace/stm32_workspace/0620_fnd/Src/driver/FND" -I"C:/Users/kccistc/Documents/GitHub/Harman_STM32/workspace/stm32_workspace/0620_fnd/Src/driver/GPIO" -I"C:/Users/kccistc/Documents/GitHub/Harman_STM32/workspace/stm32_workspace/0620_fnd/Src/driver/LedBar" -I"C:/Users/kccistc/Documents/GitHub/Harman_STM32/workspace/stm32_workspace/0620_fnd/Src/driver/SystemClock" -I"C:/Users/kccistc/Documents/GitHub/Harman_STM32/workspace/stm32_workspace/0620_fnd/Src/ap" -I"C:/Users/kccistc/Documents/GitHub/Harman_STM32/workspace/stm32_workspace/0620_fnd/Inc" -I"C:/Users/kccistc/Documents/GitHub/Harman_STM32/workspace/stm32_workspace/0620_fnd/Src/driver/TIMER" -I"C:/Users/kccistc/Documents/GitHub/Harman_STM32/workspace/stm32_workspace/0620_fnd/Src/driver/SysTick" -x assembler-with-cpp -MMD -MP -MF"Startup/startup_stm32f411retx.d" -MT"Startup/startup_stm32f411retx.o" --specs=nano.specs -mfpu=fpv4-sp-d16 -mfloat-abi=hard -mthumb -o "Startup/startup_stm32f411retx.o" "../Startup/startup_stm32f411retx.s"
arm-none-eabi-gcc "../Src/driver/TIMER/TIMER.c" -mcpu=cortex-m4 -std=gnu11 -g3 -DDEBUG -DSTM32F411xE -DSTM32 -DSTM32F4 -DSTM32F411RETx -c -I../Inc -I"C:/Users/kccistc/Documents/GitHub/Harman_STM32/workspace/stm32_workspace/0620_fnd/Src/driver/Button" -I"C:/Users/kccistc/Documents/GitHub/Harman_STM32/workspace/stm32_workspace/0620_fnd/Src/driver/FND" -I"C:/Users/kccistc/Documents/GitHub/Harman_STM32/workspace/stm32_workspace/0620_fnd/Src/driver/GPIO" -I"C:/Users/kccistc/Documents/GitHub/Harman_STM32/workspace/stm32_workspace/0620_fnd/Src/driver/LedBar" -I"C:/Users/kccistc/Documents/GitHub/Harman_STM32/workspace/stm32_workspace/0620_fnd/Src/driver/SystemClock" -I"C:/Users/kccistc/Documents/GitHub/Harman_STM32/workspace/stm32_workspace/0620_fnd/Src/ap" -I"C:/Users/kccistc/Documents/GitHub/Harman_STM32/workspace/stm32_workspace/0620_fnd/Src/driver/TIMER" -I"C:/Users/kccistc/Documents/GitHub/Harman_STM32/workspace/stm32_workspace/0620_fnd/Src/driver/SysTick" -O0 -ffunction-sections -fdata-sections -Wall -fstack-usage -fcyclomatic-complexity -MMD -MP -MF"Src/driver/TIMER/TIMER.d" -MT"Src/driver/TIMER/TIMER.o" --specs=nano.specs -mfpu=fpv4-sp-d16 -mfloat-abi=hard -mthumb -o "Src/driver/TIMER/TIMER.o"
arm-none-eabi-gcc "../Src/driver/SystemClock/SystemClock.c" -mcpu=cortex-m4 -std=gnu11 -g3 -DDEBUG -DSTM32F411xE -DSTM32 -DSTM32F4 -DSTM32F411RETx -c -I../Inc -I"C:/Users/kccistc/Documents/GitHub/Harman_STM32/workspace/stm32_workspace/0620_fnd/Src/driver/Button" -I"C:/Users/kccistc/Documents/GitHub/Harman_STM32/workspace/stm32_workspace/0620_fnd/Src/driver/FND" -I"C:/Users/kccistc/Documents/GitHub/Harman_STM32/workspace/stm32_workspace/0620_fnd/Src/driver/GPIO" -I"C:/Users/kccistc/Documents/GitHub/Harman_STM32/workspace/stm32_workspace/0620_fnd/Src/driver/LedBar" -I"C:/Users/kccistc/Documents/GitHub/Harman_STM32/workspace/stm32_workspace/0620_fnd/Src/driver/SystemClock" -I"C:/Users/kccistc/Documents/GitHub/Harman_STM32/workspace/stm32_workspace/0620_fnd/Src/ap" -I"C:/Users/kccistc/Documents/GitHub/Harman_STM32/workspace/stm32_workspace/0620_fnd/Src/driver/TIMER" -I"C:/Users/kccistc/Documents/GitHub/Harman_STM32/workspace/stm32_workspace/0620_fnd/Src/driver/SysTick" -O0 -ffunction-sections -fdata-sections -Wall -fstack-usage -fcyclomatic-complexity -MMD -MP -MF"Src/driver/SystemClock/SystemClock.d" -MT"Src/driver/SystemClock/SystemClock.o" --specs=nano.specs -mfpu=fpv4-sp-d16 -mfloat-abi=hard -mthumb -o "Src/driver/SystemClock/SystemClock.o"
arm-none-eabi-gcc "../Src/driver/SysTick/SysTick.c" -mcpu=cortex-m4 -std=gnu11 -g3 -DDEBUG -DSTM32F411xE -DSTM32 -DSTM32F4 -DSTM32F411RETx -c -I../Inc -I"C:/Users/kccistc/Documents/GitHub/Harman_STM32/workspace/stm32_workspace/0620_fnd/Src/driver/Button" -I"C:/Users/kccistc/Documents/GitHub/Harman_STM32/workspace/stm32_workspace/0620_fnd/Src/driver/FND" -I"C:/Users/kccistc/Documents/GitHub/Harman_STM32/workspace/stm32_workspace/0620_fnd/Src/driver/GPIO" -I"C:/Users/kccistc/Documents/GitHub/Harman_STM32/workspace/stm32_workspace/0620_fnd/Src/driver/LedBar" -I"C:/Users/kccistc/Documents/GitHub/Harman_STM32/workspace/stm32_workspace/0620_fnd/Src/driver/SystemClock" -I"C:/Users/kccistc/Documents/GitHub/Harman_STM32/workspace/stm32_workspace/0620_fnd/Src/ap" -I"C:/Users/kccistc/Documents/GitHub/Harman_STM32/workspace/stm32_workspace/0620_fnd/Src/driver/TIMER" -I"C:/Users/kccistc/Documents/GitHub/Harman_STM32/workspace/stm32_workspace/0620_fnd/Src/driver/SysTick" -O0 -ffunction-sections -fdata-sections -Wall -fstack-usage -fcyclomatic-complexity -MMD -MP -MF"Src/driver/SysTick/SysTick.d" -MT"Src/driver/SysTick/SysTick.o" --specs=nano.specs -mfpu=fpv4-sp-d16 -mfloat-abi=hard -mthumb -o "Src/driver/SysTick/SysTick.o"
arm-none-eabi-gcc "../Src/driver/LedBar/LedBar.c" -mcpu=cortex-m4 -std=gnu11 -g3 -DDEBUG -DSTM32F411xE -DSTM32 -DSTM32F4 -DSTM32F411RETx -c -I../Inc -I"C:/Users/kccistc/Documents/GitHub/Harman_STM32/workspace/stm32_workspace/0620_fnd/Src/driver/Button" -I"C:/Users/kccistc/Documents/GitHub/Harman_STM32/workspace/stm32_workspace/0620_fnd/Src/driver/FND" -I"C:/Users/kccistc/Documents/GitHub/Harman_STM32/workspace/stm32_workspace/0620_fnd/Src/driver/GPIO" -I"C:/Users/kccistc/Documents/GitHub/Harman_STM32/workspace/stm32_workspace/0620_fnd/Src/driver/LedBar" -I"C:/Users/kccistc/Documents/GitHub/Harman_STM32/workspace/stm32_workspace/0620_fnd/Src/driver/SystemClock" -I"C:/Users/kccistc/Documents/GitHub/Harman_STM32/workspace/stm32_workspace/0620_fnd/Src/ap" -I"C:/Users/kccistc/Documents/GitHub/Harman_STM32/workspace/stm32_workspace/0620_fnd/Src/driver/TIMER" -I"C:/Users/kccistc/Documents/GitHub/Harman_STM32/workspace/stm32_workspace/0620_fnd/Src/driver/SysTick" -O0 -ffunction-sections -fdata-sections -Wall -fstack-usage -fcyclomatic-complexity -MMD -MP -MF"Src/driver/LedBar/LedBar.d" -MT"Src/driver/LedBar/LedBar.o" --specs=nano.specs -mfpu=fpv4-sp-d16 -mfloat-abi=hard -mthumb -o "Src/driver/LedBar/LedBar.o"
arm-none-eabi-gcc "../Src/driver/GPIO/GPIO.c" -mcpu=cortex-m4 -std=gnu11 -g3 -DDEBUG -DSTM32F411xE -DSTM32 -DSTM32F4 -DSTM32F411RETx -c -I../Inc -I"C:/Users/kccistc/Documents/GitHub/Harman_STM32/workspace/stm32_workspace/0620_fnd/Src/driver/Button" -I"C:/Users/kccistc/Documents/GitHub/Harman_STM32/workspace/stm32_workspace/0620_fnd/Src/driver/FND" -I"C:/Users/kccistc/Documents/GitHub/Harman_STM32/workspace/stm32_workspace/0620_fnd/Src/driver/GPIO" -I"C:/Users/kccistc/Documents/GitHub/Harman_STM32/workspace/stm32_workspace/0620_fnd/Src/driver/LedBar" -I"C:/Users/kccistc/Documents/GitHub/Harman_STM32/workspace/stm32_workspace/0620_fnd/Src/driver/SystemClock" -I"C:/Users/kccistc/Documents/GitHub/Harman_STM32/workspace/stm32_workspace/0620_fnd/Src/ap" -I"C:/Users/kccistc/Documents/GitHub/Harman_STM32/workspace/stm32_workspace/0620_fnd/Src/driver/TIMER" -I"C:/Users/kccistc/Documents/GitHub/Harman_STM32/workspace/stm32_workspace/0620_fnd/Src/driver/SysTick" -O0 -ffunction-sections -fdata-sections -Wall -fstack-usage -fcyclomatic-complexity -MMD -MP -MF"Src/driver/GPIO/GPIO.d" -MT"Src/driver/GPIO/GPIO.o" --specs=nano.specs -mfpu=fpv4-sp-d16 -mfloat-abi=hard -mthumb -o "Src/driver/GPIO/GPIO.o"
arm-none-eabi-gcc "../Src/driver/FND/FND.c" -mcpu=cortex-m4 -std=gnu11 -g3 -DDEBUG -DSTM32F411xE -DSTM32 -DSTM32F4 -DSTM32F411RETx -c -I../Inc -I"C:/Users/kccistc/Documents/GitHub/Harman_STM32/workspace/stm32_workspace/0620_fnd/Src/driver/Button" -I"C:/Users/kccistc/Documents/GitHub/Harman_STM32/workspace/stm32_workspace/0620_fnd/Src/driver/FND" -I"C:/Users/kccistc/Documents/GitHub/Harman_STM32/workspace/stm32_workspace/0620_fnd/Src/driver/GPIO" -I"C:/Users/kccistc/Documents/GitHub/Harman_STM32/workspace/stm32_workspace/0620_fnd/Src/driver/LedBar" -I"C:/Users/kccistc/Documents/GitHub/Harman_STM32/workspace/stm32_workspace/0620_fnd/Src/driver/SystemClock" -I"C:/Users/kccistc/Documents/GitHub/Harman_STM32/workspace/stm32_workspace/0620_fnd/Src/ap" -I"C:/Users/kccistc/Documents/GitHub/Harman_STM32/workspace/stm32_workspace/0620_fnd/Src/driver/TIMER" -I"C:/Users/kccistc/Documents/GitHub/Harman_STM32/workspace/stm32_workspace/0620_fnd/Src/driver/SysTick" -O0 -ffunction-sections -fdata-sections -Wall -fstack-usage -fcyclomatic-complexity -MMD -MP -MF"Src/driver/FND/FND.d" -MT"Src/driver/FND/FND.o" --specs=nano.specs -mfpu=fpv4-sp-d16 -mfloat-abi=hard -mthumb -o "Src/driver/FND/FND.o"
arm-none-eabi-gcc "../Src/driver/Button/Button.c" -mcpu=cortex-m4 -std=gnu11 -g3 -DDEBUG -DSTM32F411xE -DSTM32 -DSTM32F4 -DSTM32F411RETx -c -I../Inc -I"C:/Users/kccistc/Documents/GitHub/Harman_STM32/workspace/stm32_workspace/0620_fnd/Src/driver/Button" -I"C:/Users/kccistc/Documents/GitHub/Harman_STM32/workspace/stm32_workspace/0620_fnd/Src/driver/FND" -I"C:/Users/kccistc/Documents/GitHub/Harman_STM32/workspace/stm32_workspace/0620_fnd/Src/driver/GPIO" -I"C:/Users/kccistc/Documents/GitHub/Harman_STM32/workspace/stm32_workspace/0620_fnd/Src/driver/LedBar" -I"C:/Users/kccistc/Documents/GitHub/Harman_STM32/workspace/stm32_workspace/0620_fnd/Src/driver/SystemClock" -I"C:/Users/kccistc/Documents/GitHub/Harman_STM32/workspace/stm32_workspace/0620_fnd/Src/ap" -I"C:/Users/kccistc/Documents/GitHub/Harman_STM32/workspace/stm32_workspace/0620_fnd/Src/driver/TIMER" -I"C:/Users/kccistc/Documents/GitHub/Harman_STM32/workspace/stm32_workspace/0620_fnd/Src/driver/SysTick" -O0 -ffunction-sections -fdata-sections -Wall -fstack-usage -fcyclomatic-complexity -MMD -MP -MF"Src/driver/Button/Button.d" -MT"Src/driver/Button/Button.o" --specs=nano.specs -mfpu=fpv4-sp-d16 -mfloat-abi=hard -mthumb -o "Src/driver/Button/Button.o"
arm-none-eabi-gcc "../Src/ap/ap_main.c" -mcpu=cortex-m4 -std=gnu11 -g3 -DDEBUG -DSTM32F411xE -DSTM32 -DSTM32F4 -DSTM32F411RETx -c -I../Inc -I"C:/Users/kccistc/Documents/GitHub/Harman_STM32/workspace/stm32_workspace/0620_fnd/Src/driver/Button" -I"C:/Users/kccistc/Documents/GitHub/Harman_STM32/workspace/stm32_workspace/0620_fnd/Src/driver/FND" -I"C:/Users/kccistc/Documents/GitHub/Harman_STM32/workspace/stm32_workspace/0620_fnd/Src/driver/GPIO" -I"C:/Users/kccistc/Documents/GitHub/Harman_STM32/workspace/stm32_workspace/0620_fnd/Src/driver/LedBar" -I"C:/Users/kccistc/Documents/GitHub/Harman_STM32/workspace/stm32_workspace/0620_fnd/Src/driver/SystemClock" -I"C:/Users/kccistc/Documents/GitHub/Harman_STM32/workspace/stm32_workspace/0620_fnd/Src/ap" -I"C:/Users/kccistc/Documents/GitHub/Harman_STM32/workspace/stm32_workspace/0620_fnd/Src/driver/TIMER" -I"C:/Users/kccistc/Documents/GitHub/Harman_STM32/workspace/stm32_workspace/0620_fnd/Src/driver/SysTick" -O0 -ffunction-sections -fdata-sections -Wall -fstack-usage -fcyclomatic-complexity -MMD -MP -MF"Src/ap/ap_main.d" -MT"Src/ap/ap_main.o" --specs=nano.specs -mfpu=fpv4-sp-d16 -mfloat-abi=hard -mthumb -o "Src/ap/ap_main.o"
arm-none-eabi-gcc "../Src/main.c" -mcpu=cortex-m4 -std=gnu11 -g3 -DDEBUG -DSTM32F411xE -DSTM32 -DSTM32F4 -DSTM32F411RETx -c -I../Inc -I"C:/Users/kccistc/Documents/GitHub/Harman_STM32/workspace/stm32_workspace/0620_fnd/Src/driver/Button" -I"C:/Users/kccistc/Documents/GitHub/Harman_STM32/workspace/stm32_workspace/0620_fnd/Src/driver/FND" -I"C:/Users/kccistc/Documents/GitHub/Harman_STM32/workspace/stm32_workspace/0620_fnd/Src/driver/GPIO" -I"C:/Users/kccistc/Documents/GitHub/Harman_STM32/workspace/stm32_workspace/0620_fnd/Src/driver/LedBar" -I"C:/Users/kccistc/Documents/GitHub/Harman_STM32/workspace/stm32_workspace/0620_fnd/Src/driver/SystemClock" -I"C:/Users/kccistc/Documents/GitHub/Harman_STM32/workspace/stm32_workspace/0620_fnd/Src/ap" -I"C:/Users/kccistc/Documents/GitHub/Harman_STM32/workspace/stm32_workspace/0620_fnd/Src/driver/TIMER" -I"C:/Users/kccistc/Documents/GitHub/Harman_STM32/workspace/stm32_workspace/0620_fnd/Src/driver/SysTick" -O0 -ffunction-sections -fdata-sections -Wall -fstack-usage -fcyclomatic-complexity -MMD -MP -MF"Src/main.d" -MT"Src/main.o" --specs=nano.specs -mfpu=fpv4-sp-d16 -mfloat-abi=hard -mthumb -o "Src/main.o"
arm-none-eabi-gcc "../Src/syscalls.c" -mcpu=cortex-m4 -std=gnu11 -g3 -DDEBUG -DSTM32F411xE -DSTM32 -DSTM32F4 -DSTM32F411RETx -c -I../Inc -I"C:/Users/kccistc/Documents/GitHub/Harman_STM32/workspace/stm32_workspace/0620_fnd/Src/driver/Button" -I"C:/Users/kccistc/Documents/GitHub/Harman_STM32/workspace/stm32_workspace/0620_fnd/Src/driver/FND" -I"C:/Users/kccistc/Documents/GitHub/Harman_STM32/workspace/stm32_workspace/0620_fnd/Src/driver/GPIO" -I"C:/Users/kccistc/Documents/GitHub/Harman_STM32/workspace/stm32_workspace/0620_fnd/Src/driver/LedBar" -I"C:/Users/kccistc/Documents/GitHub/Harman_STM32/workspace/stm32_workspace/0620_fnd/Src/driver/SystemClock" -I"C:/Users/kccistc/Documents/GitHub/Harman_STM32/workspace/stm32_workspace/0620_fnd/Src/ap" -I"C:/Users/kccistc/Documents/GitHub/Harman_STM32/workspace/stm32_workspace/0620_fnd/Src/driver/TIMER" -I"C:/Users/kccistc/Documents/GitHub/Harman_STM32/workspace/stm32_workspace/0620_fnd/Src/driver/SysTick" -O0 -ffunction-sections -fdata-sections -Wall -fstack-usage -fcyclomatic-complexity -MMD -MP -MF"Src/syscalls.d" -MT"Src/syscalls.o" --specs=nano.specs -mfpu=fpv4-sp-d16 -mfloat-abi=hard -mthumb -o "Src/syscalls.o"
arm-none-eabi-gcc "../Src/sysmem.c" -mcpu=cortex-m4 -std=gnu11 -g3 -DDEBUG -DSTM32F411xE -DSTM32 -DSTM32F4 -DSTM32F411RETx -c -I../Inc -I"C:/Users/kccistc/Documents/GitHub/Harman_STM32/workspace/stm32_workspace/0620_fnd/Src/driver/Button" -I"C:/Users/kccistc/Documents/GitHub/Harman_STM32/workspace/stm32_workspace/0620_fnd/Src/driver/FND" -I"C:/Users/kccistc/Documents/GitHub/Harman_STM32/workspace/stm32_workspace/0620_fnd/Src/driver/GPIO" -I"C:/Users/kccistc/Documents/GitHub/Harman_STM32/workspace/stm32_workspace/0620_fnd/Src/driver/LedBar" -I"C:/Users/kccistc/Documents/GitHub/Harman_STM32/workspace/stm32_workspace/0620_fnd/Src/driver/SystemClock" -I"C:/Users/kccistc/Documents/GitHub/Harman_STM32/workspace/stm32_workspace/0620_fnd/Src/ap" -I"C:/Users/kccistc/Documents/GitHub/Harman_STM32/workspace/stm32_workspace/0620_fnd/Src/driver/TIMER" -I"C:/Users/kccistc/Documents/GitHub/Harman_STM32/workspace/stm32_workspace/0620_fnd/Src/driver/SysTick" -O0 -ffunction-sections -fdata-sections -Wall -fstack-usage -fcyclomatic-complexity -MMD -MP -MF"Src/sysmem.d" -MT"Src/sysmem.o" --specs=nano.specs -mfpu=fpv4-sp-d16 -mfloat-abi=hard -mthumb -o "Src/sysmem.o"
arm-none-eabi-gcc -o "0620_fnd.elf" @"objects.list"   -mcpu=cortex-m4 -T"C:\Users\kccistc\Documents\GitHub\Harman_STM32\workspace\stm32_workspace\0620_fnd\STM32F411RETX_FLASH.ld" --specs=nosys.specs -Wl,-Map="0620_fnd.map" -Wl,--gc-sections -static --specs=nano.specs -mfpu=fpv4-sp-d16 -mfloat-abi=hard -mthumb -Wl,--start-group -lc -lm -Wl,--end-group
Finished building target: 0620_fnd.elf
 
arm-none-eabi-size  0620_fnd.elf 
arm-none-eabi-objdump -h -S 0620_fnd.elf  > "0620_fnd.list"
   text	   data	    bss	    dec	    hex	filename
   3760	    168	   1672	   5600	   15e0	0620_fnd.elf
Finished building: default.size.stdout
 
Finished building: 0620_fnd.list
 

11:10:35 Build Finished. 0 errors, 0 warnings. (took 737ms)

