16:26:06 **** Clean-only build of configuration Debug for project 0626_zero_mini_project ****
make -j16 clean 
rm -rf ./Drivers/STM32F4xx_HAL_Driver/Src/stm32f4xx_hal.cyclo ./Drivers/STM32F4xx_HAL_Driver/Src/stm32f4xx_hal.d ./Drivers/STM32F4xx_HAL_Driver/Src/stm32f4xx_hal.o ./Drivers/STM32F4xx_HAL_Driver/Src/stm32f4xx_hal.su ./Drivers/STM32F4xx_HAL_Driver/Src/stm32f4xx_hal_cortex.cyclo ./Drivers/STM32F4xx_HAL_Driver/Src/stm32f4xx_hal_cortex.d ./Drivers/STM32F4xx_HAL_Driver/Src/stm32f4xx_hal_cortex.o ./Drivers/STM32F4xx_HAL_Driver/Src/stm32f4xx_hal_cortex.su ./Drivers/STM32F4xx_HAL_Driver/Src/stm32f4xx_hal_dma.cyclo ./Drivers/STM32F4xx_HAL_Driver/Src/stm32f4xx_hal_dma.d ./Drivers/STM32F4xx_HAL_Driver/Src/stm32f4xx_hal_dma.o ./Drivers/STM32F4xx_HAL_Driver/Src/stm32f4xx_hal_dma.su ./Drivers/STM32F4xx_HAL_Driver/Src/stm32f4xx_hal_dma_ex.cyclo ./Drivers/STM32F4xx_HAL_Driver/Src/stm32f4xx_hal_dma_ex.d ./Drivers/STM32F4xx_HAL_Driver/Src/stm32f4xx_hal_dma_ex.o ./Drivers/STM32F4xx_HAL_Driver/Src/stm32f4xx_hal_dma_ex.su ./Drivers/STM32F4xx_HAL_Driver/Src/stm32f4xx_hal_exti.cyclo ./Drivers/STM32F4xx_HAL_Driver/Src/stm32f4xx_hal_exti.d ./Drivers/STM32F4xx_HAL_Driver/Src/stm32f4xx_hal_exti.o ./Drivers/STM32F4xx_HAL_Driver/Src/stm32f4xx_hal_exti.su ./Drivers/STM32F4xx_HAL_Driver/Src/stm32f4xx_hal_flash.cyclo ./Drivers/STM32F4xx_HAL_Driver/Src/stm32f4xx_hal_flash.d ./Drivers/STM32F4xx_HAL_Driver/Src/stm32f4xx_hal_flash.o ./Drivers/STM32F4xx_HAL_Driver/Src/stm32f4xx_hal_flash.su ./Drivers/STM32F4xx_HAL_Driver/Src/stm32f4xx_hal_flash_ex.cyclo ./Drivers/STM32F4xx_HAL_Driver/Src/stm32f4xx_hal_flash_ex.d ./Drivers/STM32F4xx_HAL_Driver/Src/stm32f4xx_hal_flash_ex.o ./Drivers/STM32F4xx_HAL_Driver/Src/stm32f4xx_hal_flash_ex.su ./Drivers/STM32F4xx_HAL_Driver/Src/stm32f4xx_hal_flash_ramfunc.cyclo ./Drivers/STM32F4xx_HAL_Driver/Src/stm32f4xx_hal_flash_ramfunc.d ./Drivers/STM32F4xx_HAL_Driver/Src/stm32f4xx_hal_flash_ramfunc.o ./Drivers/STM32F4xx_HAL_Driver/Src/stm32f4xx_hal_flash_ramfunc.su ./Drivers/STM32F4xx_HAL_Driver/Src/stm32f4xx_hal_gpio.cyclo ./Drivers/STM32F4xx_HAL_Driver/Src/stm32f4xx_hal_gpio.d ./Drivers/STM32F4xx_HAL_Driver/Src/stm32f4xx_hal_gpio.o ./Drivers/STM32F4xx_HAL_Driver/Src/stm32f4xx_hal_gpio.su ./Drivers/STM32F4xx_HAL_Driver/Src/stm32f4xx_hal_i2c.cyclo ./Drivers/STM32F4xx_HAL_Driver/Src/stm32f4xx_hal_i2c.d ./Drivers/STM32F4xx_HAL_Driver/Src/stm32f4xx_hal_i2c.o ./Drivers/STM32F4xx_HAL_Driver/Src/stm32f4xx_hal_i2c.su ./Drivers/STM32F4xx_HAL_Driver/Src/stm32f4xx_hal_i2c_ex.cyclo ./Drivers/STM32F4xx_HAL_Driver/Src/stm32f4xx_hal_i2c_ex.d ./Drivers/STM32F4xx_HAL_Driver/Src/stm32f4xx_hal_i2c_ex.o ./Drivers/STM32F4xx_HAL_Driver/Src/stm32f4xx_hal_i2c_ex.su ./Drivers/STM32F4xx_HAL_Driver/Src/stm32f4xx_hal_pwr.cyclo ./Drivers/STM32F4xx_HAL_Driver/Src/stm32f4xx_hal_pwr.d ./Drivers/STM32F4xx_HAL_Driver/Src/stm32f4xx_hal_pwr.o ./Drivers/STM32F4xx_HAL_Driver/Src/stm32f4xx_hal_pwr.su ./Drivers/STM32F4xx_HAL_Driver/Src/stm32f4xx_hal_pwr_ex.cyclo ./Drivers/STM32F4xx_HAL_Driver/Src/stm32f4xx_hal_pwr_ex.d ./Drivers/STM32F4xx_HAL_Driver/Src/stm32f4xx_hal_pwr_ex.o ./Drivers/STM32F4xx_HAL_Driver/Src/stm32f4xx_hal_pwr_ex.su ./Drivers/STM32F4xx_HAL_Driver/Src/stm32f4xx_hal_rcc.cyclo ./Drivers/STM32F4xx_HAL_Driver/Src/stm32f4xx_hal_rcc.d ./Drivers/STM32F4xx_HAL_Driver/Src/stm32f4xx_hal_rcc.o ./Drivers/STM32F4xx_HAL_Driver/Src/stm32f4xx_hal_rcc.su ./Drivers/STM32F4xx_HAL_Driver/Src/stm32f4xx_hal_rcc_ex.cyclo ./Drivers/STM32F4xx_HAL_Driver/Src/stm32f4xx_hal_rcc_ex.d ./Drivers/STM32F4xx_HAL_Driver/Src/stm32f4xx_hal_rcc_ex.o ./Drivers/STM32F4xx_HAL_Driver/Src/stm32f4xx_hal_rcc_ex.su ./Drivers/STM32F4xx_HAL_Driver/Src/stm32f4xx_hal_tim.cyclo ./Drivers/STM32F4xx_HAL_Driver/Src/stm32f4xx_hal_tim.d ./Drivers/STM32F4xx_HAL_Driver/Src/stm32f4xx_hal_tim.o ./Drivers/STM32F4xx_HAL_Driver/Src/stm32f4xx_hal_tim.su ./Drivers/STM32F4xx_HAL_Driver/Src/stm32f4xx_hal_tim_ex.cyclo ./Drivers/STM32F4xx_HAL_Driver/Src/stm32f4xx_hal_tim_ex.d ./Drivers/STM32F4xx_HAL_Driver/Src/stm32f4xx_hal_tim_ex.o ./Drivers/STM32F4xx_HAL_Driver/Src/stm32f4xx_hal_tim_ex.su ./Drivers/STM32F4xx_HAL_Driver/Src/stm32f4xx_hal_uart.cyclo ./Drivers/STM32F4xx_HAL_Driver/Src/stm32f4xx_hal_uart.d ./Drivers/STM32F4xx_HAL_Driver/Src/stm32f4xx_hal_uart.o ./Drivers/STM32F4xx_HAL_Driver/Src/stm32f4xx_hal_uart.su
rm -rf ./Core/driver/buzzer/Buzzer.cyclo ./Core/driver/buzzer/Buzzer.d ./Core/driver/buzzer/Buzzer.o ./Core/driver/buzzer/Buzzer.su
rm -rf ./Core/driver/Ultra/Ultra.cyclo ./Core/driver/Ultra/Ultra.d ./Core/driver/Ultra/Ultra.o ./Core/driver/Ultra/Ultra.su
rm -rf ./Core/driver/LedBar/LedBar.cyclo ./Core/driver/LedBar/LedBar.d ./Core/driver/LedBar/LedBar.o ./Core/driver/LedBar/LedBar.su
rm -rf ./Core/driver/LCD/lcd.cyclo ./Core/driver/LCD/lcd.d ./Core/driver/LCD/lcd.o ./Core/driver/LCD/lcd.su
rm -rf ./Core/driver/FND/FND.cyclo ./Core/driver/FND/FND.d ./Core/driver/FND/FND.o ./Core/driver/FND/FND.su
rm -rf ./Core/driver/DC_Motor/DC_Motor.cyclo ./Core/driver/DC_Motor/DC_Motor.d ./Core/driver/DC_Motor/DC_Motor.o ./Core/driver/DC_Motor/DC_Motor.su
rm -rf ./Core/driver/Button/Button.cyclo ./Core/driver/Button/Button.d ./Core/driver/Button/Button.o ./Core/driver/Button/Button.su
rm -rf ./Core/ap/src/Controller.cyclo ./Core/ap/src/Controller.d ./Core/ap/src/Controller.o ./Core/ap/src/Controller.su ./Core/ap/src/Listener.cyclo ./Core/ap/src/Listener.d ./Core/ap/src/Listener.o ./Core/ap/src/Listener.su ./Core/ap/src/Motor_Speed.cyclo ./Core/ap/src/Motor_Speed.d ./Core/ap/src/Motor_Speed.o ./Core/ap/src/Motor_Speed.su ./Core/ap/src/Octave.cyclo ./Core/ap/src/Octave.d ./Core/ap/src/Octave.o ./Core/ap/src/Octave.su ./Core/ap/src/Presenter.cyclo ./Core/ap/src/Presenter.d ./Core/ap/src/Presenter.o ./Core/ap/src/Presenter.su ./Core/ap/src/Sound.cyclo ./Core/ap/src/Sound.d ./Core/ap/src/Sound.o ./Core/ap/src/Sound.su ./Core/ap/src/ap_main.cyclo ./Core/ap/src/ap_main.d ./Core/ap/src/ap_main.o ./Core/ap/src/ap_main.su ./Core/ap/src/queue.cyclo ./Core/ap/src/queue.d ./Core/ap/src/queue.o ./Core/ap/src/queue.su ./Core/ap/src/stopWatch.cyclo ./Core/ap/src/stopWatch.d ./Core/ap/src/stopWatch.o ./Core/ap/src/stopWatch.su ./Core/ap/src/timeWatch.cyclo ./Core/ap/src/timeWatch.d ./Core/ap/src/timeWatch.o ./Core/ap/src/timeWatch.su
rm -rf ./Core/Startup/startup_stm32f411retx.d ./Core/Startup/startup_stm32f411retx.o
rm -rf ./Core/Src/gpio.cyclo ./Core/Src/gpio.d ./Core/Src/gpio.o ./Core/Src/gpio.su ./Core/Src/i2c.cyclo ./Core/Src/i2c.d ./Core/Src/i2c.o ./Core/Src/i2c.su ./Core/Src/main.cyclo ./Core/Src/main.d ./Core/Src/main.o ./Core/Src/main.su ./Core/Src/stm32f4xx_hal_msp.cyclo ./Core/Src/stm32f4xx_hal_msp.d ./Core/Src/stm32f4xx_hal_msp.o ./Core/Src/stm32f4xx_hal_msp.su ./Core/Src/stm32f4xx_it.cyclo ./Core/Src/stm32f4xx_it.d ./Core/Src/stm32f4xx_it.o ./Core/Src/stm32f4xx_it.su ./Core/Src/syscalls.cyclo ./Core/Src/syscalls.d ./Core/Src/syscalls.o ./Core/Src/syscalls.su ./Core/Src/sysmem.cyclo ./Core/Src/sysmem.d ./Core/Src/sysmem.o ./Core/Src/sysmem.su ./Core/Src/system_stm32f4xx.cyclo ./Core/Src/system_stm32f4xx.d ./Core/Src/system_stm32f4xx.o ./Core/Src/system_stm32f4xx.su ./Core/Src/tim.cyclo ./Core/Src/tim.d ./Core/Src/tim.o ./Core/Src/tim.su ./Core/Src/usart.cyclo ./Core/Src/usart.d ./Core/Src/usart.o ./Core/Src/usart.su
rm -rf 0626_zero_mini_project.elf 0626_zero_mini_project.list 0626_zero_mini_project.map default.size.stdout
 
16:26:06 **** Build of configuration Debug for project 0626_zero_mini_project ****
make -j16 all 
arm-none-eabi-gcc "../Drivers/STM32F4xx_HAL_Driver/Src/stm32f4xx_hal.c" -mcpu=cortex-m4 -std=gnu11 -g3 -DDEBUG -DUSE_HAL_DRIVER -DSTM32F411xE -c -I../Core/Inc -I../Drivers/STM32F4xx_HAL_Driver/Inc -I../Drivers/STM32F4xx_HAL_Driver/Inc/Legacy -I../Drivers/CMSIS/Device/ST/STM32F4xx/Include -I../Drivers/CMSIS/Include -I"C:/Users/kccistc/Documents/GitHub/STM32_Running/0626_zero_mini_project/Core/ap" -I"C:/Users/kccistc/Documents/GitHub/STM32_Running/0626_zero_mini_project/Core/driver/Button" -I"C:/Users/kccistc/Documents/GitHub/STM32_Running/0626_zero_mini_project/Core/driver/FND" -I"C:/Users/kccistc/Documents/GitHub/STM32_Running/0626_zero_mini_project/Core/driver/LedBar" -I"C:/Users/kccistc/Documents/GitHub/STM32_Running/0626_zero_mini_project/Core/ap/Inc" -I"C:/Users/kccistc/Documents/GitHub/STM32_Running/0626_zero_mini_project/Core/ap/src" -I"C:/Users/kccistc/Documents/GitHub/STM32_Running/0626_zero_mini_project/Core/driver/LCD" -I"C:/Users/kccistc/Documents/GitHub/STM32_Running/0626_zero_mini_project/Core/driver/buzzer" -I"C:/Users/kccistc/Documents/GitHub/STM32_Running/0626_zero_mini_project/Core/driver/DC_Motor" -I"C:/Users/kccistc/Documents/GitHub/STM32_Running/0626_zero_mini_project/Core/driver/Ultra" -O0 -ffunction-sections -fdata-sections -Wall -fstack-usage -fcyclomatic-complexity -MMD -MP -MF"Drivers/STM32F4xx_HAL_Driver/Src/stm32f4xx_hal.d" -MT"Drivers/STM32F4xx_HAL_Driver/Src/stm32f4xx_hal.o" --specs=nano.specs -mfpu=fpv4-sp-d16 -mfloat-abi=hard -mthumb -o "Drivers/STM32F4xx_HAL_Driver/Src/stm32f4xx_hal.o"
arm-none-eabi-gcc "../Drivers/STM32F4xx_HAL_Driver/Src/stm32f4xx_hal_cortex.c" -mcpu=cortex-m4 -std=gnu11 -g3 -DDEBUG -DUSE_HAL_DRIVER -DSTM32F411xE -c -I../Core/Inc -I../Drivers/STM32F4xx_HAL_Driver/Inc -I../Drivers/STM32F4xx_HAL_Driver/Inc/Legacy -I../Drivers/CMSIS/Device/ST/STM32F4xx/Include -I../Drivers/CMSIS/Include -I"C:/Users/kccistc/Documents/GitHub/STM32_Running/0626_zero_mini_project/Core/ap" -I"C:/Users/kccistc/Documents/GitHub/STM32_Running/0626_zero_mini_project/Core/driver/Button" -I"C:/Users/kccistc/Documents/GitHub/STM32_Running/0626_zero_mini_project/Core/driver/FND" -I"C:/Users/kccistc/Documents/GitHub/STM32_Running/0626_zero_mini_project/Core/driver/LedBar" -I"C:/Users/kccistc/Documents/GitHub/STM32_Running/0626_zero_mini_project/Core/ap/Inc" -I"C:/Users/kccistc/Documents/GitHub/STM32_Running/0626_zero_mini_project/Core/ap/src" -I"C:/Users/kccistc/Documents/GitHub/STM32_Running/0626_zero_mini_project/Core/driver/LCD" -I"C:/Users/kccistc/Documents/GitHub/STM32_Running/0626_zero_mini_project/Core/driver/buzzer" -I"C:/Users/kccistc/Documents/GitHub/STM32_Running/0626_zero_mini_project/Core/driver/DC_Motor" -I"C:/Users/kccistc/Documents/GitHub/STM32_Running/0626_zero_mini_project/Core/driver/Ultra" -O0 -ffunction-sections -fdata-sections -Wall -fstack-usage -fcyclomatic-complexity -MMD -MP -MF"Drivers/STM32F4xx_HAL_Driver/Src/stm32f4xx_hal_cortex.d" -MT"Drivers/STM32F4xx_HAL_Driver/Src/stm32f4xx_hal_cortex.o" --specs=nano.specs -mfpu=fpv4-sp-d16 -mfloat-abi=hard -mthumb -o "Drivers/STM32F4xx_HAL_Driver/Src/stm32f4xx_hal_cortex.o"
arm-none-eabi-gcc "../Drivers/STM32F4xx_HAL_Driver/Src/stm32f4xx_hal_dma.c" -mcpu=cortex-m4 -std=gnu11 -g3 -DDEBUG -DUSE_HAL_DRIVER -DSTM32F411xE -c -I../Core/Inc -I../Drivers/STM32F4xx_HAL_Driver/Inc -I../Drivers/STM32F4xx_HAL_Driver/Inc/Legacy -I../Drivers/CMSIS/Device/ST/STM32F4xx/Include -I../Drivers/CMSIS/Include -I"C:/Users/kccistc/Documents/GitHub/STM32_Running/0626_zero_mini_project/Core/ap" -I"C:/Users/kccistc/Documents/GitHub/STM32_Running/0626_zero_mini_project/Core/driver/Button" -I"C:/Users/kccistc/Documents/GitHub/STM32_Running/0626_zero_mini_project/Core/driver/FND" -I"C:/Users/kccistc/Documents/GitHub/STM32_Running/0626_zero_mini_project/Core/driver/LedBar" -I"C:/Users/kccistc/Documents/GitHub/STM32_Running/0626_zero_mini_project/Core/ap/Inc" -I"C:/Users/kccistc/Documents/GitHub/STM32_Running/0626_zero_mini_project/Core/ap/src" -I"C:/Users/kccistc/Documents/GitHub/STM32_Running/0626_zero_mini_project/Core/driver/LCD" -I"C:/Users/kccistc/Documents/GitHub/STM32_Running/0626_zero_mini_project/Core/driver/buzzer" -I"C:/Users/kccistc/Documents/GitHub/STM32_Running/0626_zero_mini_project/Core/driver/DC_Motor" -I"C:/Users/kccistc/Documents/GitHub/STM32_Running/0626_zero_mini_project/Core/driver/Ultra" -O0 -ffunction-sections -fdata-sections -Wall -fstack-usage -fcyclomatic-complexity -MMD -MP -MF"Drivers/STM32F4xx_HAL_Driver/Src/stm32f4xx_hal_dma.d" -MT"Drivers/STM32F4xx_HAL_Driver/Src/stm32f4xx_hal_dma.o" --specs=nano.specs -mfpu=fpv4-sp-d16 -mfloat-abi=hard -mthumb -o "Drivers/STM32F4xx_HAL_Driver/Src/stm32f4xx_hal_dma.o"
arm-none-eabi-gcc "../Drivers/STM32F4xx_HAL_Driver/Src/stm32f4xx_hal_dma_ex.c" -mcpu=cortex-m4 -std=gnu11 -g3 -DDEBUG -DUSE_HAL_DRIVER -DSTM32F411xE -c -I../Core/Inc -I../Drivers/STM32F4xx_HAL_Driver/Inc -I../Drivers/STM32F4xx_HAL_Driver/Inc/Legacy -I../Drivers/CMSIS/Device/ST/STM32F4xx/Include -I../Drivers/CMSIS/Include -I"C:/Users/kccistc/Documents/GitHub/STM32_Running/0626_zero_mini_project/Core/ap" -I"C:/Users/kccistc/Documents/GitHub/STM32_Running/0626_zero_mini_project/Core/driver/Button" -I"C:/Users/kccistc/Documents/GitHub/STM32_Running/0626_zero_mini_project/Core/driver/FND" -I"C:/Users/kccistc/Documents/GitHub/STM32_Running/0626_zero_mini_project/Core/driver/LedBar" -I"C:/Users/kccistc/Documents/GitHub/STM32_Running/0626_zero_mini_project/Core/ap/Inc" -I"C:/Users/kccistc/Documents/GitHub/STM32_Running/0626_zero_mini_project/Core/ap/src" -I"C:/Users/kccistc/Documents/GitHub/STM32_Running/0626_zero_mini_project/Core/driver/LCD" -I"C:/Users/kccistc/Documents/GitHub/STM32_Running/0626_zero_mini_project/Core/driver/buzzer" -I"C:/Users/kccistc/Documents/GitHub/STM32_Running/0626_zero_mini_project/Core/driver/DC_Motor" -I"C:/Users/kccistc/Documents/GitHub/STM32_Running/0626_zero_mini_project/Core/driver/Ultra" -O0 -ffunction-sections -fdata-sections -Wall -fstack-usage -fcyclomatic-complexity -MMD -MP -MF"Drivers/STM32F4xx_HAL_Driver/Src/stm32f4xx_hal_dma_ex.d" -MT"Drivers/STM32F4xx_HAL_Driver/Src/stm32f4xx_hal_dma_ex.o" --specs=nano.specs -mfpu=fpv4-sp-d16 -mfloat-abi=hard -mthumb -o "Drivers/STM32F4xx_HAL_Driver/Src/stm32f4xx_hal_dma_ex.o"
arm-none-eabi-gcc "../Drivers/STM32F4xx_HAL_Driver/Src/stm32f4xx_hal_exti.c" -mcpu=cortex-m4 -std=gnu11 -g3 -DDEBUG -DUSE_HAL_DRIVER -DSTM32F411xE -c -I../Core/Inc -I../Drivers/STM32F4xx_HAL_Driver/Inc -I../Drivers/STM32F4xx_HAL_Driver/Inc/Legacy -I../Drivers/CMSIS/Device/ST/STM32F4xx/Include -I../Drivers/CMSIS/Include -I"C:/Users/kccistc/Documents/GitHub/STM32_Running/0626_zero_mini_project/Core/ap" -I"C:/Users/kccistc/Documents/GitHub/STM32_Running/0626_zero_mini_project/Core/driver/Button" -I"C:/Users/kccistc/Documents/GitHub/STM32_Running/0626_zero_mini_project/Core/driver/FND" -I"C:/Users/kccistc/Documents/GitHub/STM32_Running/0626_zero_mini_project/Core/driver/LedBar" -I"C:/Users/kccistc/Documents/GitHub/STM32_Running/0626_zero_mini_project/Core/ap/Inc" -I"C:/Users/kccistc/Documents/GitHub/STM32_Running/0626_zero_mini_project/Core/ap/src" -I"C:/Users/kccistc/Documents/GitHub/STM32_Running/0626_zero_mini_project/Core/driver/LCD" -I"C:/Users/kccistc/Documents/GitHub/STM32_Running/0626_zero_mini_project/Core/driver/buzzer" -I"C:/Users/kccistc/Documents/GitHub/STM32_Running/0626_zero_mini_project/Core/driver/DC_Motor" -I"C:/Users/kccistc/Documents/GitHub/STM32_Running/0626_zero_mini_project/Core/driver/Ultra" -O0 -ffunction-sections -fdata-sections -Wall -fstack-usage -fcyclomatic-complexity -MMD -MP -MF"Drivers/STM32F4xx_HAL_Driver/Src/stm32f4xx_hal_exti.d" -MT"Drivers/STM32F4xx_HAL_Driver/Src/stm32f4xx_hal_exti.o" --specs=nano.specs -mfpu=fpv4-sp-d16 -mfloat-abi=hard -mthumb -o "Drivers/STM32F4xx_HAL_Driver/Src/stm32f4xx_hal_exti.o"
arm-none-eabi-gcc "../Drivers/STM32F4xx_HAL_Driver/Src/stm32f4xx_hal_flash.c" -mcpu=cortex-m4 -std=gnu11 -g3 -DDEBUG -DUSE_HAL_DRIVER -DSTM32F411xE -c -I../Core/Inc -I../Drivers/STM32F4xx_HAL_Driver/Inc -I../Drivers/STM32F4xx_HAL_Driver/Inc/Legacy -I../Drivers/CMSIS/Device/ST/STM32F4xx/Include -I../Drivers/CMSIS/Include -I"C:/Users/kccistc/Documents/GitHub/STM32_Running/0626_zero_mini_project/Core/ap" -I"C:/Users/kccistc/Documents/GitHub/STM32_Running/0626_zero_mini_project/Core/driver/Button" -I"C:/Users/kccistc/Documents/GitHub/STM32_Running/0626_zero_mini_project/Core/driver/FND" -I"C:/Users/kccistc/Documents/GitHub/STM32_Running/0626_zero_mini_project/Core/driver/LedBar" -I"C:/Users/kccistc/Documents/GitHub/STM32_Running/0626_zero_mini_project/Core/ap/Inc" -I"C:/Users/kccistc/Documents/GitHub/STM32_Running/0626_zero_mini_project/Core/ap/src" -I"C:/Users/kccistc/Documents/GitHub/STM32_Running/0626_zero_mini_project/Core/driver/LCD" -I"C:/Users/kccistc/Documents/GitHub/STM32_Running/0626_zero_mini_project/Core/driver/buzzer" -I"C:/Users/kccistc/Documents/GitHub/STM32_Running/0626_zero_mini_project/Core/driver/DC_Motor" -I"C:/Users/kccistc/Documents/GitHub/STM32_Running/0626_zero_mini_project/Core/driver/Ultra" -O0 -ffunction-sections -fdata-sections -Wall -fstack-usage -fcyclomatic-complexity -MMD -MP -MF"Drivers/STM32F4xx_HAL_Driver/Src/stm32f4xx_hal_flash.d" -MT"Drivers/STM32F4xx_HAL_Driver/Src/stm32f4xx_hal_flash.o" --specs=nano.specs -mfpu=fpv4-sp-d16 -mfloat-abi=hard -mthumb -o "Drivers/STM32F4xx_HAL_Driver/Src/stm32f4xx_hal_flash.o"
arm-none-eabi-gcc "../Drivers/STM32F4xx_HAL_Driver/Src/stm32f4xx_hal_flash_ex.c" -mcpu=cortex-m4 -std=gnu11 -g3 -DDEBUG -DUSE_HAL_DRIVER -DSTM32F411xE -c -I../Core/Inc -I../Drivers/STM32F4xx_HAL_Driver/Inc -I../Drivers/STM32F4xx_HAL_Driver/Inc/Legacy -I../Drivers/CMSIS/Device/ST/STM32F4xx/Include -I../Drivers/CMSIS/Include -I"C:/Users/kccistc/Documents/GitHub/STM32_Running/0626_zero_mini_project/Core/ap" -I"C:/Users/kccistc/Documents/GitHub/STM32_Running/0626_zero_mini_project/Core/driver/Button" -I"C:/Users/kccistc/Documents/GitHub/STM32_Running/0626_zero_mini_project/Core/driver/FND" -I"C:/Users/kccistc/Documents/GitHub/STM32_Running/0626_zero_mini_project/Core/driver/LedBar" -I"C:/Users/kccistc/Documents/GitHub/STM32_Running/0626_zero_mini_project/Core/ap/Inc" -I"C:/Users/kccistc/Documents/GitHub/STM32_Running/0626_zero_mini_project/Core/ap/src" -I"C:/Users/kccistc/Documents/GitHub/STM32_Running/0626_zero_mini_project/Core/driver/LCD" -I"C:/Users/kccistc/Documents/GitHub/STM32_Running/0626_zero_mini_project/Core/driver/buzzer" -I"C:/Users/kccistc/Documents/GitHub/STM32_Running/0626_zero_mini_project/Core/driver/DC_Motor" -I"C:/Users/kccistc/Documents/GitHub/STM32_Running/0626_zero_mini_project/Core/driver/Ultra" -O0 -ffunction-sections -fdata-sections -Wall -fstack-usage -fcyclomatic-complexity -MMD -MP -MF"Drivers/STM32F4xx_HAL_Driver/Src/stm32f4xx_hal_flash_ex.d" -MT"Drivers/STM32F4xx_HAL_Driver/Src/stm32f4xx_hal_flash_ex.o" --specs=nano.specs -mfpu=fpv4-sp-d16 -mfloat-abi=hard -mthumb -o "Drivers/STM32F4xx_HAL_Driver/Src/stm32f4xx_hal_flash_ex.o"
arm-none-eabi-gcc "../Drivers/STM32F4xx_HAL_Driver/Src/stm32f4xx_hal_flash_ramfunc.c" -mcpu=cortex-m4 -std=gnu11 -g3 -DDEBUG -DUSE_HAL_DRIVER -DSTM32F411xE -c -I../Core/Inc -I../Drivers/STM32F4xx_HAL_Driver/Inc -I../Drivers/STM32F4xx_HAL_Driver/Inc/Legacy -I../Drivers/CMSIS/Device/ST/STM32F4xx/Include -I../Drivers/CMSIS/Include -I"C:/Users/kccistc/Documents/GitHub/STM32_Running/0626_zero_mini_project/Core/ap" -I"C:/Users/kccistc/Documents/GitHub/STM32_Running/0626_zero_mini_project/Core/driver/Button" -I"C:/Users/kccistc/Documents/GitHub/STM32_Running/0626_zero_mini_project/Core/driver/FND" -I"C:/Users/kccistc/Documents/GitHub/STM32_Running/0626_zero_mini_project/Core/driver/LedBar" -I"C:/Users/kccistc/Documents/GitHub/STM32_Running/0626_zero_mini_project/Core/ap/Inc" -I"C:/Users/kccistc/Documents/GitHub/STM32_Running/0626_zero_mini_project/Core/ap/src" -I"C:/Users/kccistc/Documents/GitHub/STM32_Running/0626_zero_mini_project/Core/driver/LCD" -I"C:/Users/kccistc/Documents/GitHub/STM32_Running/0626_zero_mini_project/Core/driver/buzzer" -I"C:/Users/kccistc/Documents/GitHub/STM32_Running/0626_zero_mini_project/Core/driver/DC_Motor" -I"C:/Users/kccistc/Documents/GitHub/STM32_Running/0626_zero_mini_project/Core/driver/Ultra" -O0 -ffunction-sections -fdata-sections -Wall -fstack-usage -fcyclomatic-complexity -MMD -MP -MF"Drivers/STM32F4xx_HAL_Driver/Src/stm32f4xx_hal_flash_ramfunc.d" -MT"Drivers/STM32F4xx_HAL_Driver/Src/stm32f4xx_hal_flash_ramfunc.o" --specs=nano.specs -mfpu=fpv4-sp-d16 -mfloat-abi=hard -mthumb -o "Drivers/STM32F4xx_HAL_Driver/Src/stm32f4xx_hal_flash_ramfunc.o"
arm-none-eabi-gcc "../Drivers/STM32F4xx_HAL_Driver/Src/stm32f4xx_hal_gpio.c" -mcpu=cortex-m4 -std=gnu11 -g3 -DDEBUG -DUSE_HAL_DRIVER -DSTM32F411xE -c -I../Core/Inc -I../Drivers/STM32F4xx_HAL_Driver/Inc -I../Drivers/STM32F4xx_HAL_Driver/Inc/Legacy -I../Drivers/CMSIS/Device/ST/STM32F4xx/Include -I../Drivers/CMSIS/Include -I"C:/Users/kccistc/Documents/GitHub/STM32_Running/0626_zero_mini_project/Core/ap" -I"C:/Users/kccistc/Documents/GitHub/STM32_Running/0626_zero_mini_project/Core/driver/Button" -I"C:/Users/kccistc/Documents/GitHub/STM32_Running/0626_zero_mini_project/Core/driver/FND" -I"C:/Users/kccistc/Documents/GitHub/STM32_Running/0626_zero_mini_project/Core/driver/LedBar" -I"C:/Users/kccistc/Documents/GitHub/STM32_Running/0626_zero_mini_project/Core/ap/Inc" -I"C:/Users/kccistc/Documents/GitHub/STM32_Running/0626_zero_mini_project/Core/ap/src" -I"C:/Users/kccistc/Documents/GitHub/STM32_Running/0626_zero_mini_project/Core/driver/LCD" -I"C:/Users/kccistc/Documents/GitHub/STM32_Running/0626_zero_mini_project/Core/driver/buzzer" -I"C:/Users/kccistc/Documents/GitHub/STM32_Running/0626_zero_mini_project/Core/driver/DC_Motor" -I"C:/Users/kccistc/Documents/GitHub/STM32_Running/0626_zero_mini_project/Core/driver/Ultra" -O0 -ffunction-sections -fdata-sections -Wall -fstack-usage -fcyclomatic-complexity -MMD -MP -MF"Drivers/STM32F4xx_HAL_Driver/Src/stm32f4xx_hal_gpio.d" -MT"Drivers/STM32F4xx_HAL_Driver/Src/stm32f4xx_hal_gpio.o" --specs=nano.specs -mfpu=fpv4-sp-d16 -mfloat-abi=hard -mthumb -o "Drivers/STM32F4xx_HAL_Driver/Src/stm32f4xx_hal_gpio.o"
arm-none-eabi-gcc "../Drivers/STM32F4xx_HAL_Driver/Src/stm32f4xx_hal_i2c.c" -mcpu=cortex-m4 -std=gnu11 -g3 -DDEBUG -DUSE_HAL_DRIVER -DSTM32F411xE -c -I../Core/Inc -I../Drivers/STM32F4xx_HAL_Driver/Inc -I../Drivers/STM32F4xx_HAL_Driver/Inc/Legacy -I../Drivers/CMSIS/Device/ST/STM32F4xx/Include -I../Drivers/CMSIS/Include -I"C:/Users/kccistc/Documents/GitHub/STM32_Running/0626_zero_mini_project/Core/ap" -I"C:/Users/kccistc/Documents/GitHub/STM32_Running/0626_zero_mini_project/Core/driver/Button" -I"C:/Users/kccistc/Documents/GitHub/STM32_Running/0626_zero_mini_project/Core/driver/FND" -I"C:/Users/kccistc/Documents/GitHub/STM32_Running/0626_zero_mini_project/Core/driver/LedBar" -I"C:/Users/kccistc/Documents/GitHub/STM32_Running/0626_zero_mini_project/Core/ap/Inc" -I"C:/Users/kccistc/Documents/GitHub/STM32_Running/0626_zero_mini_project/Core/ap/src" -I"C:/Users/kccistc/Documents/GitHub/STM32_Running/0626_zero_mini_project/Core/driver/LCD" -I"C:/Users/kccistc/Documents/GitHub/STM32_Running/0626_zero_mini_project/Core/driver/buzzer" -I"C:/Users/kccistc/Documents/GitHub/STM32_Running/0626_zero_mini_project/Core/driver/DC_Motor" -I"C:/Users/kccistc/Documents/GitHub/STM32_Running/0626_zero_mini_project/Core/driver/Ultra" -O0 -ffunction-sections -fdata-sections -Wall -fstack-usage -fcyclomatic-complexity -MMD -MP -MF"Drivers/STM32F4xx_HAL_Driver/Src/stm32f4xx_hal_i2c.d" -MT"Drivers/STM32F4xx_HAL_Driver/Src/stm32f4xx_hal_i2c.o" --specs=nano.specs -mfpu=fpv4-sp-d16 -mfloat-abi=hard -mthumb -o "Drivers/STM32F4xx_HAL_Driver/Src/stm32f4xx_hal_i2c.o"
arm-none-eabi-gcc "../Drivers/STM32F4xx_HAL_Driver/Src/stm32f4xx_hal_i2c_ex.c" -mcpu=cortex-m4 -std=gnu11 -g3 -DDEBUG -DUSE_HAL_DRIVER -DSTM32F411xE -c -I../Core/Inc -I../Drivers/STM32F4xx_HAL_Driver/Inc -I../Drivers/STM32F4xx_HAL_Driver/Inc/Legacy -I../Drivers/CMSIS/Device/ST/STM32F4xx/Include -I../Drivers/CMSIS/Include -I"C:/Users/kccistc/Documents/GitHub/STM32_Running/0626_zero_mini_project/Core/ap" -I"C:/Users/kccistc/Documents/GitHub/STM32_Running/0626_zero_mini_project/Core/driver/Button" -I"C:/Users/kccistc/Documents/GitHub/STM32_Running/0626_zero_mini_project/Core/driver/FND" -I"C:/Users/kccistc/Documents/GitHub/STM32_Running/0626_zero_mini_project/Core/driver/LedBar" -I"C:/Users/kccistc/Documents/GitHub/STM32_Running/0626_zero_mini_project/Core/ap/Inc" -I"C:/Users/kccistc/Documents/GitHub/STM32_Running/0626_zero_mini_project/Core/ap/src" -I"C:/Users/kccistc/Documents/GitHub/STM32_Running/0626_zero_mini_project/Core/driver/LCD" -I"C:/Users/kccistc/Documents/GitHub/STM32_Running/0626_zero_mini_project/Core/driver/buzzer" -I"C:/Users/kccistc/Documents/GitHub/STM32_Running/0626_zero_mini_project/Core/driver/DC_Motor" -I"C:/Users/kccistc/Documents/GitHub/STM32_Running/0626_zero_mini_project/Core/driver/Ultra" -O0 -ffunction-sections -fdata-sections -Wall -fstack-usage -fcyclomatic-complexity -MMD -MP -MF"Drivers/STM32F4xx_HAL_Driver/Src/stm32f4xx_hal_i2c_ex.d" -MT"Drivers/STM32F4xx_HAL_Driver/Src/stm32f4xx_hal_i2c_ex.o" --specs=nano.specs -mfpu=fpv4-sp-d16 -mfloat-abi=hard -mthumb -o "Drivers/STM32F4xx_HAL_Driver/Src/stm32f4xx_hal_i2c_ex.o"
arm-none-eabi-gcc "../Drivers/STM32F4xx_HAL_Driver/Src/stm32f4xx_hal_pwr.c" -mcpu=cortex-m4 -std=gnu11 -g3 -DDEBUG -DUSE_HAL_DRIVER -DSTM32F411xE -c -I../Core/Inc -I../Drivers/STM32F4xx_HAL_Driver/Inc -I../Drivers/STM32F4xx_HAL_Driver/Inc/Legacy -I../Drivers/CMSIS/Device/ST/STM32F4xx/Include -I../Drivers/CMSIS/Include -I"C:/Users/kccistc/Documents/GitHub/STM32_Running/0626_zero_mini_project/Core/ap" -I"C:/Users/kccistc/Documents/GitHub/STM32_Running/0626_zero_mini_project/Core/driver/Button" -I"C:/Users/kccistc/Documents/GitHub/STM32_Running/0626_zero_mini_project/Core/driver/FND" -I"C:/Users/kccistc/Documents/GitHub/STM32_Running/0626_zero_mini_project/Core/driver/LedBar" -I"C:/Users/kccistc/Documents/GitHub/STM32_Running/0626_zero_mini_project/Core/ap/Inc" -I"C:/Users/kccistc/Documents/GitHub/STM32_Running/0626_zero_mini_project/Core/ap/src" -I"C:/Users/kccistc/Documents/GitHub/STM32_Running/0626_zero_mini_project/Core/driver/LCD" -I"C:/Users/kccistc/Documents/GitHub/STM32_Running/0626_zero_mini_project/Core/driver/buzzer" -I"C:/Users/kccistc/Documents/GitHub/STM32_Running/0626_zero_mini_project/Core/driver/DC_Motor" -I"C:/Users/kccistc/Documents/GitHub/STM32_Running/0626_zero_mini_project/Core/driver/Ultra" -O0 -ffunction-sections -fdata-sections -Wall -fstack-usage -fcyclomatic-complexity -MMD -MP -MF"Drivers/STM32F4xx_HAL_Driver/Src/stm32f4xx_hal_pwr.d" -MT"Drivers/STM32F4xx_HAL_Driver/Src/stm32f4xx_hal_pwr.o" --specs=nano.specs -mfpu=fpv4-sp-d16 -mfloat-abi=hard -mthumb -o "Drivers/STM32F4xx_HAL_Driver/Src/stm32f4xx_hal_pwr.o"
arm-none-eabi-gcc "../Drivers/STM32F4xx_HAL_Driver/Src/stm32f4xx_hal_pwr_ex.c" -mcpu=cortex-m4 -std=gnu11 -g3 -DDEBUG -DUSE_HAL_DRIVER -DSTM32F411xE -c -I../Core/Inc -I../Drivers/STM32F4xx_HAL_Driver/Inc -I../Drivers/STM32F4xx_HAL_Driver/Inc/Legacy -I../Drivers/CMSIS/Device/ST/STM32F4xx/Include -I../Drivers/CMSIS/Include -I"C:/Users/kccistc/Documents/GitHub/STM32_Running/0626_zero_mini_project/Core/ap" -I"C:/Users/kccistc/Documents/GitHub/STM32_Running/0626_zero_mini_project/Core/driver/Button" -I"C:/Users/kccistc/Documents/GitHub/STM32_Running/0626_zero_mini_project/Core/driver/FND" -I"C:/Users/kccistc/Documents/GitHub/STM32_Running/0626_zero_mini_project/Core/driver/LedBar" -I"C:/Users/kccistc/Documents/GitHub/STM32_Running/0626_zero_mini_project/Core/ap/Inc" -I"C:/Users/kccistc/Documents/GitHub/STM32_Running/0626_zero_mini_project/Core/ap/src" -I"C:/Users/kccistc/Documents/GitHub/STM32_Running/0626_zero_mini_project/Core/driver/LCD" -I"C:/Users/kccistc/Documents/GitHub/STM32_Running/0626_zero_mini_project/Core/driver/buzzer" -I"C:/Users/kccistc/Documents/GitHub/STM32_Running/0626_zero_mini_project/Core/driver/DC_Motor" -I"C:/Users/kccistc/Documents/GitHub/STM32_Running/0626_zero_mini_project/Core/driver/Ultra" -O0 -ffunction-sections -fdata-sections -Wall -fstack-usage -fcyclomatic-complexity -MMD -MP -MF"Drivers/STM32F4xx_HAL_Driver/Src/stm32f4xx_hal_pwr_ex.d" -MT"Drivers/STM32F4xx_HAL_Driver/Src/stm32f4xx_hal_pwr_ex.o" --specs=nano.specs -mfpu=fpv4-sp-d16 -mfloat-abi=hard -mthumb -o "Drivers/STM32F4xx_HAL_Driver/Src/stm32f4xx_hal_pwr_ex.o"
arm-none-eabi-gcc "../Drivers/STM32F4xx_HAL_Driver/Src/stm32f4xx_hal_rcc.c" -mcpu=cortex-m4 -std=gnu11 -g3 -DDEBUG -DUSE_HAL_DRIVER -DSTM32F411xE -c -I../Core/Inc -I../Drivers/STM32F4xx_HAL_Driver/Inc -I../Drivers/STM32F4xx_HAL_Driver/Inc/Legacy -I../Drivers/CMSIS/Device/ST/STM32F4xx/Include -I../Drivers/CMSIS/Include -I"C:/Users/kccistc/Documents/GitHub/STM32_Running/0626_zero_mini_project/Core/ap" -I"C:/Users/kccistc/Documents/GitHub/STM32_Running/0626_zero_mini_project/Core/driver/Button" -I"C:/Users/kccistc/Documents/GitHub/STM32_Running/0626_zero_mini_project/Core/driver/FND" -I"C:/Users/kccistc/Documents/GitHub/STM32_Running/0626_zero_mini_project/Core/driver/LedBar" -I"C:/Users/kccistc/Documents/GitHub/STM32_Running/0626_zero_mini_project/Core/ap/Inc" -I"C:/Users/kccistc/Documents/GitHub/STM32_Running/0626_zero_mini_project/Core/ap/src" -I"C:/Users/kccistc/Documents/GitHub/STM32_Running/0626_zero_mini_project/Core/driver/LCD" -I"C:/Users/kccistc/Documents/GitHub/STM32_Running/0626_zero_mini_project/Core/driver/buzzer" -I"C:/Users/kccistc/Documents/GitHub/STM32_Running/0626_zero_mini_project/Core/driver/DC_Motor" -I"C:/Users/kccistc/Documents/GitHub/STM32_Running/0626_zero_mini_project/Core/driver/Ultra" -O0 -ffunction-sections -fdata-sections -Wall -fstack-usage -fcyclomatic-complexity -MMD -MP -MF"Drivers/STM32F4xx_HAL_Driver/Src/stm32f4xx_hal_rcc.d" -MT"Drivers/STM32F4xx_HAL_Driver/Src/stm32f4xx_hal_rcc.o" --specs=nano.specs -mfpu=fpv4-sp-d16 -mfloat-abi=hard -mthumb -o "Drivers/STM32F4xx_HAL_Driver/Src/stm32f4xx_hal_rcc.o"
arm-none-eabi-gcc "../Drivers/STM32F4xx_HAL_Driver/Src/stm32f4xx_hal_rcc_ex.c" -mcpu=cortex-m4 -std=gnu11 -g3 -DDEBUG -DUSE_HAL_DRIVER -DSTM32F411xE -c -I../Core/Inc -I../Drivers/STM32F4xx_HAL_Driver/Inc -I../Drivers/STM32F4xx_HAL_Driver/Inc/Legacy -I../Drivers/CMSIS/Device/ST/STM32F4xx/Include -I../Drivers/CMSIS/Include -I"C:/Users/kccistc/Documents/GitHub/STM32_Running/0626_zero_mini_project/Core/ap" -I"C:/Users/kccistc/Documents/GitHub/STM32_Running/0626_zero_mini_project/Core/driver/Button" -I"C:/Users/kccistc/Documents/GitHub/STM32_Running/0626_zero_mini_project/Core/driver/FND" -I"C:/Users/kccistc/Documents/GitHub/STM32_Running/0626_zero_mini_project/Core/driver/LedBar" -I"C:/Users/kccistc/Documents/GitHub/STM32_Running/0626_zero_mini_project/Core/ap/Inc" -I"C:/Users/kccistc/Documents/GitHub/STM32_Running/0626_zero_mini_project/Core/ap/src" -I"C:/Users/kccistc/Documents/GitHub/STM32_Running/0626_zero_mini_project/Core/driver/LCD" -I"C:/Users/kccistc/Documents/GitHub/STM32_Running/0626_zero_mini_project/Core/driver/buzzer" -I"C:/Users/kccistc/Documents/GitHub/STM32_Running/0626_zero_mini_project/Core/driver/DC_Motor" -I"C:/Users/kccistc/Documents/GitHub/STM32_Running/0626_zero_mini_project/Core/driver/Ultra" -O0 -ffunction-sections -fdata-sections -Wall -fstack-usage -fcyclomatic-complexity -MMD -MP -MF"Drivers/STM32F4xx_HAL_Driver/Src/stm32f4xx_hal_rcc_ex.d" -MT"Drivers/STM32F4xx_HAL_Driver/Src/stm32f4xx_hal_rcc_ex.o" --specs=nano.specs -mfpu=fpv4-sp-d16 -mfloat-abi=hard -mthumb -o "Drivers/STM32F4xx_HAL_Driver/Src/stm32f4xx_hal_rcc_ex.o"
arm-none-eabi-gcc "../Drivers/STM32F4xx_HAL_Driver/Src/stm32f4xx_hal_tim.c" -mcpu=cortex-m4 -std=gnu11 -g3 -DDEBUG -DUSE_HAL_DRIVER -DSTM32F411xE -c -I../Core/Inc -I../Drivers/STM32F4xx_HAL_Driver/Inc -I../Drivers/STM32F4xx_HAL_Driver/Inc/Legacy -I../Drivers/CMSIS/Device/ST/STM32F4xx/Include -I../Drivers/CMSIS/Include -I"C:/Users/kccistc/Documents/GitHub/STM32_Running/0626_zero_mini_project/Core/ap" -I"C:/Users/kccistc/Documents/GitHub/STM32_Running/0626_zero_mini_project/Core/driver/Button" -I"C:/Users/kccistc/Documents/GitHub/STM32_Running/0626_zero_mini_project/Core/driver/FND" -I"C:/Users/kccistc/Documents/GitHub/STM32_Running/0626_zero_mini_project/Core/driver/LedBar" -I"C:/Users/kccistc/Documents/GitHub/STM32_Running/0626_zero_mini_project/Core/ap/Inc" -I"C:/Users/kccistc/Documents/GitHub/STM32_Running/0626_zero_mini_project/Core/ap/src" -I"C:/Users/kccistc/Documents/GitHub/STM32_Running/0626_zero_mini_project/Core/driver/LCD" -I"C:/Users/kccistc/Documents/GitHub/STM32_Running/0626_zero_mini_project/Core/driver/buzzer" -I"C:/Users/kccistc/Documents/GitHub/STM32_Running/0626_zero_mini_project/Core/driver/DC_Motor" -I"C:/Users/kccistc/Documents/GitHub/STM32_Running/0626_zero_mini_project/Core/driver/Ultra" -O0 -ffunction-sections -fdata-sections -Wall -fstack-usage -fcyclomatic-complexity -MMD -MP -MF"Drivers/STM32F4xx_HAL_Driver/Src/stm32f4xx_hal_tim.d" -MT"Drivers/STM32F4xx_HAL_Driver/Src/stm32f4xx_hal_tim.o" --specs=nano.specs -mfpu=fpv4-sp-d16 -mfloat-abi=hard -mthumb -o "Drivers/STM32F4xx_HAL_Driver/Src/stm32f4xx_hal_tim.o"
arm-none-eabi-gcc "../Drivers/STM32F4xx_HAL_Driver/Src/stm32f4xx_hal_tim_ex.c" -mcpu=cortex-m4 -std=gnu11 -g3 -DDEBUG -DUSE_HAL_DRIVER -DSTM32F411xE -c -I../Core/Inc -I../Drivers/STM32F4xx_HAL_Driver/Inc -I../Drivers/STM32F4xx_HAL_Driver/Inc/Legacy -I../Drivers/CMSIS/Device/ST/STM32F4xx/Include -I../Drivers/CMSIS/Include -I"C:/Users/kccistc/Documents/GitHub/STM32_Running/0626_zero_mini_project/Core/ap" -I"C:/Users/kccistc/Documents/GitHub/STM32_Running/0626_zero_mini_project/Core/driver/Button" -I"C:/Users/kccistc/Documents/GitHub/STM32_Running/0626_zero_mini_project/Core/driver/FND" -I"C:/Users/kccistc/Documents/GitHub/STM32_Running/0626_zero_mini_project/Core/driver/LedBar" -I"C:/Users/kccistc/Documents/GitHub/STM32_Running/0626_zero_mini_project/Core/ap/Inc" -I"C:/Users/kccistc/Documents/GitHub/STM32_Running/0626_zero_mini_project/Core/ap/src" -I"C:/Users/kccistc/Documents/GitHub/STM32_Running/0626_zero_mini_project/Core/driver/LCD" -I"C:/Users/kccistc/Documents/GitHub/STM32_Running/0626_zero_mini_project/Core/driver/buzzer" -I"C:/Users/kccistc/Documents/GitHub/STM32_Running/0626_zero_mini_project/Core/driver/DC_Motor" -I"C:/Users/kccistc/Documents/GitHub/STM32_Running/0626_zero_mini_project/Core/driver/Ultra" -O0 -ffunction-sections -fdata-sections -Wall -fstack-usage -fcyclomatic-complexity -MMD -MP -MF"Drivers/STM32F4xx_HAL_Driver/Src/stm32f4xx_hal_tim_ex.d" -MT"Drivers/STM32F4xx_HAL_Driver/Src/stm32f4xx_hal_tim_ex.o" --specs=nano.specs -mfpu=fpv4-sp-d16 -mfloat-abi=hard -mthumb -o "Drivers/STM32F4xx_HAL_Driver/Src/stm32f4xx_hal_tim_ex.o"
arm-none-eabi-gcc "../Drivers/STM32F4xx_HAL_Driver/Src/stm32f4xx_hal_uart.c" -mcpu=cortex-m4 -std=gnu11 -g3 -DDEBUG -DUSE_HAL_DRIVER -DSTM32F411xE -c -I../Core/Inc -I../Drivers/STM32F4xx_HAL_Driver/Inc -I../Drivers/STM32F4xx_HAL_Driver/Inc/Legacy -I../Drivers/CMSIS/Device/ST/STM32F4xx/Include -I../Drivers/CMSIS/Include -I"C:/Users/kccistc/Documents/GitHub/STM32_Running/0626_zero_mini_project/Core/ap" -I"C:/Users/kccistc/Documents/GitHub/STM32_Running/0626_zero_mini_project/Core/driver/Button" -I"C:/Users/kccistc/Documents/GitHub/STM32_Running/0626_zero_mini_project/Core/driver/FND" -I"C:/Users/kccistc/Documents/GitHub/STM32_Running/0626_zero_mini_project/Core/driver/LedBar" -I"C:/Users/kccistc/Documents/GitHub/STM32_Running/0626_zero_mini_project/Core/ap/Inc" -I"C:/Users/kccistc/Documents/GitHub/STM32_Running/0626_zero_mini_project/Core/ap/src" -I"C:/Users/kccistc/Documents/GitHub/STM32_Running/0626_zero_mini_project/Core/driver/LCD" -I"C:/Users/kccistc/Documents/GitHub/STM32_Running/0626_zero_mini_project/Core/driver/buzzer" -I"C:/Users/kccistc/Documents/GitHub/STM32_Running/0626_zero_mini_project/Core/driver/DC_Motor" -I"C:/Users/kccistc/Documents/GitHub/STM32_Running/0626_zero_mini_project/Core/driver/Ultra" -O0 -ffunction-sections -fdata-sections -Wall -fstack-usage -fcyclomatic-complexity -MMD -MP -MF"Drivers/STM32F4xx_HAL_Driver/Src/stm32f4xx_hal_uart.d" -MT"Drivers/STM32F4xx_HAL_Driver/Src/stm32f4xx_hal_uart.o" --specs=nano.specs -mfpu=fpv4-sp-d16 -mfloat-abi=hard -mthumb -o "Drivers/STM32F4xx_HAL_Driver/Src/stm32f4xx_hal_uart.o"
arm-none-eabi-gcc "../Core/driver/buzzer/Buzzer.c" -mcpu=cortex-m4 -std=gnu11 -g3 -DDEBUG -DUSE_HAL_DRIVER -DSTM32F411xE -c -I../Core/Inc -I../Drivers/STM32F4xx_HAL_Driver/Inc -I../Drivers/STM32F4xx_HAL_Driver/Inc/Legacy -I../Drivers/CMSIS/Device/ST/STM32F4xx/Include -I../Drivers/CMSIS/Include -I"C:/Users/kccistc/Documents/GitHub/STM32_Running/0626_zero_mini_project/Core/ap" -I"C:/Users/kccistc/Documents/GitHub/STM32_Running/0626_zero_mini_project/Core/driver/Button" -I"C:/Users/kccistc/Documents/GitHub/STM32_Running/0626_zero_mini_project/Core/driver/FND" -I"C:/Users/kccistc/Documents/GitHub/STM32_Running/0626_zero_mini_project/Core/driver/LedBar" -I"C:/Users/kccistc/Documents/GitHub/STM32_Running/0626_zero_mini_project/Core/ap/Inc" -I"C:/Users/kccistc/Documents/GitHub/STM32_Running/0626_zero_mini_project/Core/ap/src" -I"C:/Users/kccistc/Documents/GitHub/STM32_Running/0626_zero_mini_project/Core/driver/LCD" -I"C:/Users/kccistc/Documents/GitHub/STM32_Running/0626_zero_mini_project/Core/driver/buzzer" -I"C:/Users/kccistc/Documents/GitHub/STM32_Running/0626_zero_mini_project/Core/driver/DC_Motor" -I"C:/Users/kccistc/Documents/GitHub/STM32_Running/0626_zero_mini_project/Core/driver/Ultra" -O0 -ffunction-sections -fdata-sections -Wall -fstack-usage -fcyclomatic-complexity -MMD -MP -MF"Core/driver/buzzer/Buzzer.d" -MT"Core/driver/buzzer/Buzzer.o" --specs=nano.specs -mfpu=fpv4-sp-d16 -mfloat-abi=hard -mthumb -o "Core/driver/buzzer/Buzzer.o"
arm-none-eabi-gcc "../Core/driver/Ultra/Ultra.c" -mcpu=cortex-m4 -std=gnu11 -g3 -DDEBUG -DUSE_HAL_DRIVER -DSTM32F411xE -c -I../Core/Inc -I../Drivers/STM32F4xx_HAL_Driver/Inc -I../Drivers/STM32F4xx_HAL_Driver/Inc/Legacy -I../Drivers/CMSIS/Device/ST/STM32F4xx/Include -I../Drivers/CMSIS/Include -I"C:/Users/kccistc/Documents/GitHub/STM32_Running/0626_zero_mini_project/Core/ap" -I"C:/Users/kccistc/Documents/GitHub/STM32_Running/0626_zero_mini_project/Core/driver/Button" -I"C:/Users/kccistc/Documents/GitHub/STM32_Running/0626_zero_mini_project/Core/driver/FND" -I"C:/Users/kccistc/Documents/GitHub/STM32_Running/0626_zero_mini_project/Core/driver/LedBar" -I"C:/Users/kccistc/Documents/GitHub/STM32_Running/0626_zero_mini_project/Core/ap/Inc" -I"C:/Users/kccistc/Documents/GitHub/STM32_Running/0626_zero_mini_project/Core/ap/src" -I"C:/Users/kccistc/Documents/GitHub/STM32_Running/0626_zero_mini_project/Core/driver/LCD" -I"C:/Users/kccistc/Documents/GitHub/STM32_Running/0626_zero_mini_project/Core/driver/buzzer" -I"C:/Users/kccistc/Documents/GitHub/STM32_Running/0626_zero_mini_project/Core/driver/DC_Motor" -I"C:/Users/kccistc/Documents/GitHub/STM32_Running/0626_zero_mini_project/Core/driver/Ultra" -O0 -ffunction-sections -fdata-sections -Wall -fstack-usage -fcyclomatic-complexity -MMD -MP -MF"Core/driver/Ultra/Ultra.d" -MT"Core/driver/Ultra/Ultra.o" --specs=nano.specs -mfpu=fpv4-sp-d16 -mfloat-abi=hard -mthumb -o "Core/driver/Ultra/Ultra.o"
arm-none-eabi-gcc "../Core/driver/LedBar/LedBar.c" -mcpu=cortex-m4 -std=gnu11 -g3 -DDEBUG -DUSE_HAL_DRIVER -DSTM32F411xE -c -I../Core/Inc -I../Drivers/STM32F4xx_HAL_Driver/Inc -I../Drivers/STM32F4xx_HAL_Driver/Inc/Legacy -I../Drivers/CMSIS/Device/ST/STM32F4xx/Include -I../Drivers/CMSIS/Include -I"C:/Users/kccistc/Documents/GitHub/STM32_Running/0626_zero_mini_project/Core/ap" -I"C:/Users/kccistc/Documents/GitHub/STM32_Running/0626_zero_mini_project/Core/driver/Button" -I"C:/Users/kccistc/Documents/GitHub/STM32_Running/0626_zero_mini_project/Core/driver/FND" -I"C:/Users/kccistc/Documents/GitHub/STM32_Running/0626_zero_mini_project/Core/driver/LedBar" -I"C:/Users/kccistc/Documents/GitHub/STM32_Running/0626_zero_mini_project/Core/ap/Inc" -I"C:/Users/kccistc/Documents/GitHub/STM32_Running/0626_zero_mini_project/Core/ap/src" -I"C:/Users/kccistc/Documents/GitHub/STM32_Running/0626_zero_mini_project/Core/driver/LCD" -I"C:/Users/kccistc/Documents/GitHub/STM32_Running/0626_zero_mini_project/Core/driver/buzzer" -I"C:/Users/kccistc/Documents/GitHub/STM32_Running/0626_zero_mini_project/Core/driver/DC_Motor" -I"C:/Users/kccistc/Documents/GitHub/STM32_Running/0626_zero_mini_project/Core/driver/Ultra" -O0 -ffunction-sections -fdata-sections -Wall -fstack-usage -fcyclomatic-complexity -MMD -MP -MF"Core/driver/LedBar/LedBar.d" -MT"Core/driver/LedBar/LedBar.o" --specs=nano.specs -mfpu=fpv4-sp-d16 -mfloat-abi=hard -mthumb -o "Core/driver/LedBar/LedBar.o"
arm-none-eabi-gcc "../Core/driver/LCD/lcd.c" -mcpu=cortex-m4 -std=gnu11 -g3 -DDEBUG -DUSE_HAL_DRIVER -DSTM32F411xE -c -I../Core/Inc -I../Drivers/STM32F4xx_HAL_Driver/Inc -I../Drivers/STM32F4xx_HAL_Driver/Inc/Legacy -I../Drivers/CMSIS/Device/ST/STM32F4xx/Include -I../Drivers/CMSIS/Include -I"C:/Users/kccistc/Documents/GitHub/STM32_Running/0626_zero_mini_project/Core/ap" -I"C:/Users/kccistc/Documents/GitHub/STM32_Running/0626_zero_mini_project/Core/driver/Button" -I"C:/Users/kccistc/Documents/GitHub/STM32_Running/0626_zero_mini_project/Core/driver/FND" -I"C:/Users/kccistc/Documents/GitHub/STM32_Running/0626_zero_mini_project/Core/driver/LedBar" -I"C:/Users/kccistc/Documents/GitHub/STM32_Running/0626_zero_mini_project/Core/ap/Inc" -I"C:/Users/kccistc/Documents/GitHub/STM32_Running/0626_zero_mini_project/Core/ap/src" -I"C:/Users/kccistc/Documents/GitHub/STM32_Running/0626_zero_mini_project/Core/driver/LCD" -I"C:/Users/kccistc/Documents/GitHub/STM32_Running/0626_zero_mini_project/Core/driver/buzzer" -I"C:/Users/kccistc/Documents/GitHub/STM32_Running/0626_zero_mini_project/Core/driver/DC_Motor" -I"C:/Users/kccistc/Documents/GitHub/STM32_Running/0626_zero_mini_project/Core/driver/Ultra" -O0 -ffunction-sections -fdata-sections -Wall -fstack-usage -fcyclomatic-complexity -MMD -MP -MF"Core/driver/LCD/lcd.d" -MT"Core/driver/LCD/lcd.o" --specs=nano.specs -mfpu=fpv4-sp-d16 -mfloat-abi=hard -mthumb -o "Core/driver/LCD/lcd.o"
arm-none-eabi-gcc "../Core/driver/FND/FND.c" -mcpu=cortex-m4 -std=gnu11 -g3 -DDEBUG -DUSE_HAL_DRIVER -DSTM32F411xE -c -I../Core/Inc -I../Drivers/STM32F4xx_HAL_Driver/Inc -I../Drivers/STM32F4xx_HAL_Driver/Inc/Legacy -I../Drivers/CMSIS/Device/ST/STM32F4xx/Include -I../Drivers/CMSIS/Include -I"C:/Users/kccistc/Documents/GitHub/STM32_Running/0626_zero_mini_project/Core/ap" -I"C:/Users/kccistc/Documents/GitHub/STM32_Running/0626_zero_mini_project/Core/driver/Button" -I"C:/Users/kccistc/Documents/GitHub/STM32_Running/0626_zero_mini_project/Core/driver/FND" -I"C:/Users/kccistc/Documents/GitHub/STM32_Running/0626_zero_mini_project/Core/driver/LedBar" -I"C:/Users/kccistc/Documents/GitHub/STM32_Running/0626_zero_mini_project/Core/ap/Inc" -I"C:/Users/kccistc/Documents/GitHub/STM32_Running/0626_zero_mini_project/Core/ap/src" -I"C:/Users/kccistc/Documents/GitHub/STM32_Running/0626_zero_mini_project/Core/driver/LCD" -I"C:/Users/kccistc/Documents/GitHub/STM32_Running/0626_zero_mini_project/Core/driver/buzzer" -I"C:/Users/kccistc/Documents/GitHub/STM32_Running/0626_zero_mini_project/Core/driver/DC_Motor" -I"C:/Users/kccistc/Documents/GitHub/STM32_Running/0626_zero_mini_project/Core/driver/Ultra" -O0 -ffunction-sections -fdata-sections -Wall -fstack-usage -fcyclomatic-complexity -MMD -MP -MF"Core/driver/FND/FND.d" -MT"Core/driver/FND/FND.o" --specs=nano.specs -mfpu=fpv4-sp-d16 -mfloat-abi=hard -mthumb -o "Core/driver/FND/FND.o"
arm-none-eabi-gcc "../Core/driver/DC_Motor/DC_Motor.c" -mcpu=cortex-m4 -std=gnu11 -g3 -DDEBUG -DUSE_HAL_DRIVER -DSTM32F411xE -c -I../Core/Inc -I../Drivers/STM32F4xx_HAL_Driver/Inc -I../Drivers/STM32F4xx_HAL_Driver/Inc/Legacy -I../Drivers/CMSIS/Device/ST/STM32F4xx/Include -I../Drivers/CMSIS/Include -I"C:/Users/kccistc/Documents/GitHub/STM32_Running/0626_zero_mini_project/Core/ap" -I"C:/Users/kccistc/Documents/GitHub/STM32_Running/0626_zero_mini_project/Core/driver/Button" -I"C:/Users/kccistc/Documents/GitHub/STM32_Running/0626_zero_mini_project/Core/driver/FND" -I"C:/Users/kccistc/Documents/GitHub/STM32_Running/0626_zero_mini_project/Core/driver/LedBar" -I"C:/Users/kccistc/Documents/GitHub/STM32_Running/0626_zero_mini_project/Core/ap/Inc" -I"C:/Users/kccistc/Documents/GitHub/STM32_Running/0626_zero_mini_project/Core/ap/src" -I"C:/Users/kccistc/Documents/GitHub/STM32_Running/0626_zero_mini_project/Core/driver/LCD" -I"C:/Users/kccistc/Documents/GitHub/STM32_Running/0626_zero_mini_project/Core/driver/buzzer" -I"C:/Users/kccistc/Documents/GitHub/STM32_Running/0626_zero_mini_project/Core/driver/DC_Motor" -I"C:/Users/kccistc/Documents/GitHub/STM32_Running/0626_zero_mini_project/Core/driver/Ultra" -O0 -ffunction-sections -fdata-sections -Wall -fstack-usage -fcyclomatic-complexity -MMD -MP -MF"Core/driver/DC_Motor/DC_Motor.d" -MT"Core/driver/DC_Motor/DC_Motor.o" --specs=nano.specs -mfpu=fpv4-sp-d16 -mfloat-abi=hard -mthumb -o "Core/driver/DC_Motor/DC_Motor.o"
arm-none-eabi-gcc "../Core/driver/Button/Button.c" -mcpu=cortex-m4 -std=gnu11 -g3 -DDEBUG -DUSE_HAL_DRIVER -DSTM32F411xE -c -I../Core/Inc -I../Drivers/STM32F4xx_HAL_Driver/Inc -I../Drivers/STM32F4xx_HAL_Driver/Inc/Legacy -I../Drivers/CMSIS/Device/ST/STM32F4xx/Include -I../Drivers/CMSIS/Include -I"C:/Users/kccistc/Documents/GitHub/STM32_Running/0626_zero_mini_project/Core/ap" -I"C:/Users/kccistc/Documents/GitHub/STM32_Running/0626_zero_mini_project/Core/driver/Button" -I"C:/Users/kccistc/Documents/GitHub/STM32_Running/0626_zero_mini_project/Core/driver/FND" -I"C:/Users/kccistc/Documents/GitHub/STM32_Running/0626_zero_mini_project/Core/driver/LedBar" -I"C:/Users/kccistc/Documents/GitHub/STM32_Running/0626_zero_mini_project/Core/ap/Inc" -I"C:/Users/kccistc/Documents/GitHub/STM32_Running/0626_zero_mini_project/Core/ap/src" -I"C:/Users/kccistc/Documents/GitHub/STM32_Running/0626_zero_mini_project/Core/driver/LCD" -I"C:/Users/kccistc/Documents/GitHub/STM32_Running/0626_zero_mini_project/Core/driver/buzzer" -I"C:/Users/kccistc/Documents/GitHub/STM32_Running/0626_zero_mini_project/Core/driver/DC_Motor" -I"C:/Users/kccistc/Documents/GitHub/STM32_Running/0626_zero_mini_project/Core/driver/Ultra" -O0 -ffunction-sections -fdata-sections -Wall -fstack-usage -fcyclomatic-complexity -MMD -MP -MF"Core/driver/Button/Button.d" -MT"Core/driver/Button/Button.o" --specs=nano.specs -mfpu=fpv4-sp-d16 -mfloat-abi=hard -mthumb -o "Core/driver/Button/Button.o"
arm-none-eabi-gcc "../Core/ap/src/Controller.c" -mcpu=cortex-m4 -std=gnu11 -g3 -DDEBUG -DUSE_HAL_DRIVER -DSTM32F411xE -c -I../Core/Inc -I../Drivers/STM32F4xx_HAL_Driver/Inc -I../Drivers/STM32F4xx_HAL_Driver/Inc/Legacy -I../Drivers/CMSIS/Device/ST/STM32F4xx/Include -I../Drivers/CMSIS/Include -I"C:/Users/kccistc/Documents/GitHub/STM32_Running/0626_zero_mini_project/Core/ap" -I"C:/Users/kccistc/Documents/GitHub/STM32_Running/0626_zero_mini_project/Core/driver/Button" -I"C:/Users/kccistc/Documents/GitHub/STM32_Running/0626_zero_mini_project/Core/driver/FND" -I"C:/Users/kccistc/Documents/GitHub/STM32_Running/0626_zero_mini_project/Core/driver/LedBar" -I"C:/Users/kccistc/Documents/GitHub/STM32_Running/0626_zero_mini_project/Core/ap/Inc" -I"C:/Users/kccistc/Documents/GitHub/STM32_Running/0626_zero_mini_project/Core/ap/src" -I"C:/Users/kccistc/Documents/GitHub/STM32_Running/0626_zero_mini_project/Core/driver/LCD" -I"C:/Users/kccistc/Documents/GitHub/STM32_Running/0626_zero_mini_project/Core/driver/buzzer" -I"C:/Users/kccistc/Documents/GitHub/STM32_Running/0626_zero_mini_project/Core/driver/DC_Motor" -I"C:/Users/kccistc/Documents/GitHub/STM32_Running/0626_zero_mini_project/Core/driver/Ultra" -O0 -ffunction-sections -fdata-sections -Wall -fstack-usage -fcyclomatic-complexity -MMD -MP -MF"Core/ap/src/Controller.d" -MT"Core/ap/src/Controller.o" --specs=nano.specs -mfpu=fpv4-sp-d16 -mfloat-abi=hard -mthumb -o "Core/ap/src/Controller.o"
arm-none-eabi-gcc "../Core/ap/src/Listener.c" -mcpu=cortex-m4 -std=gnu11 -g3 -DDEBUG -DUSE_HAL_DRIVER -DSTM32F411xE -c -I../Core/Inc -I../Drivers/STM32F4xx_HAL_Driver/Inc -I../Drivers/STM32F4xx_HAL_Driver/Inc/Legacy -I../Drivers/CMSIS/Device/ST/STM32F4xx/Include -I../Drivers/CMSIS/Include -I"C:/Users/kccistc/Documents/GitHub/STM32_Running/0626_zero_mini_project/Core/ap" -I"C:/Users/kccistc/Documents/GitHub/STM32_Running/0626_zero_mini_project/Core/driver/Button" -I"C:/Users/kccistc/Documents/GitHub/STM32_Running/0626_zero_mini_project/Core/driver/FND" -I"C:/Users/kccistc/Documents/GitHub/STM32_Running/0626_zero_mini_project/Core/driver/LedBar" -I"C:/Users/kccistc/Documents/GitHub/STM32_Running/0626_zero_mini_project/Core/ap/Inc" -I"C:/Users/kccistc/Documents/GitHub/STM32_Running/0626_zero_mini_project/Core/ap/src" -I"C:/Users/kccistc/Documents/GitHub/STM32_Running/0626_zero_mini_project/Core/driver/LCD" -I"C:/Users/kccistc/Documents/GitHub/STM32_Running/0626_zero_mini_project/Core/driver/buzzer" -I"C:/Users/kccistc/Documents/GitHub/STM32_Running/0626_zero_mini_project/Core/driver/DC_Motor" -I"C:/Users/kccistc/Documents/GitHub/STM32_Running/0626_zero_mini_project/Core/driver/Ultra" -O0 -ffunction-sections -fdata-sections -Wall -fstack-usage -fcyclomatic-complexity -MMD -MP -MF"Core/ap/src/Listener.d" -MT"Core/ap/src/Listener.o" --specs=nano.specs -mfpu=fpv4-sp-d16 -mfloat-abi=hard -mthumb -o "Core/ap/src/Listener.o"
arm-none-eabi-gcc "../Core/ap/src/Motor_Speed.c" -mcpu=cortex-m4 -std=gnu11 -g3 -DDEBUG -DUSE_HAL_DRIVER -DSTM32F411xE -c -I../Core/Inc -I../Drivers/STM32F4xx_HAL_Driver/Inc -I../Drivers/STM32F4xx_HAL_Driver/Inc/Legacy -I../Drivers/CMSIS/Device/ST/STM32F4xx/Include -I../Drivers/CMSIS/Include -I"C:/Users/kccistc/Documents/GitHub/STM32_Running/0626_zero_mini_project/Core/ap" -I"C:/Users/kccistc/Documents/GitHub/STM32_Running/0626_zero_mini_project/Core/driver/Button" -I"C:/Users/kccistc/Documents/GitHub/STM32_Running/0626_zero_mini_project/Core/driver/FND" -I"C:/Users/kccistc/Documents/GitHub/STM32_Running/0626_zero_mini_project/Core/driver/LedBar" -I"C:/Users/kccistc/Documents/GitHub/STM32_Running/0626_zero_mini_project/Core/ap/Inc" -I"C:/Users/kccistc/Documents/GitHub/STM32_Running/0626_zero_mini_project/Core/ap/src" -I"C:/Users/kccistc/Documents/GitHub/STM32_Running/0626_zero_mini_project/Core/driver/LCD" -I"C:/Users/kccistc/Documents/GitHub/STM32_Running/0626_zero_mini_project/Core/driver/buzzer" -I"C:/Users/kccistc/Documents/GitHub/STM32_Running/0626_zero_mini_project/Core/driver/DC_Motor" -I"C:/Users/kccistc/Documents/GitHub/STM32_Running/0626_zero_mini_project/Core/driver/Ultra" -O0 -ffunction-sections -fdata-sections -Wall -fstack-usage -fcyclomatic-complexity -MMD -MP -MF"Core/ap/src/Motor_Speed.d" -MT"Core/ap/src/Motor_Speed.o" --specs=nano.specs -mfpu=fpv4-sp-d16 -mfloat-abi=hard -mthumb -o "Core/ap/src/Motor_Speed.o"
arm-none-eabi-gcc "../Core/ap/src/Octave.c" -mcpu=cortex-m4 -std=gnu11 -g3 -DDEBUG -DUSE_HAL_DRIVER -DSTM32F411xE -c -I../Core/Inc -I../Drivers/STM32F4xx_HAL_Driver/Inc -I../Drivers/STM32F4xx_HAL_Driver/Inc/Legacy -I../Drivers/CMSIS/Device/ST/STM32F4xx/Include -I../Drivers/CMSIS/Include -I"C:/Users/kccistc/Documents/GitHub/STM32_Running/0626_zero_mini_project/Core/ap" -I"C:/Users/kccistc/Documents/GitHub/STM32_Running/0626_zero_mini_project/Core/driver/Button" -I"C:/Users/kccistc/Documents/GitHub/STM32_Running/0626_zero_mini_project/Core/driver/FND" -I"C:/Users/kccistc/Documents/GitHub/STM32_Running/0626_zero_mini_project/Core/driver/LedBar" -I"C:/Users/kccistc/Documents/GitHub/STM32_Running/0626_zero_mini_project/Core/ap/Inc" -I"C:/Users/kccistc/Documents/GitHub/STM32_Running/0626_zero_mini_project/Core/ap/src" -I"C:/Users/kccistc/Documents/GitHub/STM32_Running/0626_zero_mini_project/Core/driver/LCD" -I"C:/Users/kccistc/Documents/GitHub/STM32_Running/0626_zero_mini_project/Core/driver/buzzer" -I"C:/Users/kccistc/Documents/GitHub/STM32_Running/0626_zero_mini_project/Core/driver/DC_Motor" -I"C:/Users/kccistc/Documents/GitHub/STM32_Running/0626_zero_mini_project/Core/driver/Ultra" -O0 -ffunction-sections -fdata-sections -Wall -fstack-usage -fcyclomatic-complexity -MMD -MP -MF"Core/ap/src/Octave.d" -MT"Core/ap/src/Octave.o" --specs=nano.specs -mfpu=fpv4-sp-d16 -mfloat-abi=hard -mthumb -o "Core/ap/src/Octave.o"
arm-none-eabi-gcc "../Core/ap/src/Presenter.c" -mcpu=cortex-m4 -std=gnu11 -g3 -DDEBUG -DUSE_HAL_DRIVER -DSTM32F411xE -c -I../Core/Inc -I../Drivers/STM32F4xx_HAL_Driver/Inc -I../Drivers/STM32F4xx_HAL_Driver/Inc/Legacy -I../Drivers/CMSIS/Device/ST/STM32F4xx/Include -I../Drivers/CMSIS/Include -I"C:/Users/kccistc/Documents/GitHub/STM32_Running/0626_zero_mini_project/Core/ap" -I"C:/Users/kccistc/Documents/GitHub/STM32_Running/0626_zero_mini_project/Core/driver/Button" -I"C:/Users/kccistc/Documents/GitHub/STM32_Running/0626_zero_mini_project/Core/driver/FND" -I"C:/Users/kccistc/Documents/GitHub/STM32_Running/0626_zero_mini_project/Core/driver/LedBar" -I"C:/Users/kccistc/Documents/GitHub/STM32_Running/0626_zero_mini_project/Core/ap/Inc" -I"C:/Users/kccistc/Documents/GitHub/STM32_Running/0626_zero_mini_project/Core/ap/src" -I"C:/Users/kccistc/Documents/GitHub/STM32_Running/0626_zero_mini_project/Core/driver/LCD" -I"C:/Users/kccistc/Documents/GitHub/STM32_Running/0626_zero_mini_project/Core/driver/buzzer" -I"C:/Users/kccistc/Documents/GitHub/STM32_Running/0626_zero_mini_project/Core/driver/DC_Motor" -I"C:/Users/kccistc/Documents/GitHub/STM32_Running/0626_zero_mini_project/Core/driver/Ultra" -O0 -ffunction-sections -fdata-sections -Wall -fstack-usage -fcyclomatic-complexity -MMD -MP -MF"Core/ap/src/Presenter.d" -MT"Core/ap/src/Presenter.o" --specs=nano.specs -mfpu=fpv4-sp-d16 -mfloat-abi=hard -mthumb -o "Core/ap/src/Presenter.o"
../Core/ap/src/Controller.c: In function 'Controller_OutData':
../Core/ap/src/Controller.c:33:9: warning: implicit declaration of function 'memcpy' [-Wimplicit-function-declaration]
   33 |         memcpy(c2p_data, &OutputData, sizeof(C2P_Data));
      |         ^~~~~~
../Core/ap/src/Controller.c:8:1: note: include '<string.h>' or provide a declaration of 'memcpy'
    7 | #include "Controller.h"
  +++ |+#include <string.h>
    8 | 
../Core/ap/src/Controller.c:33:9: warning: incompatible implicit declaration of built-in function 'memcpy' [-Wbuiltin-declaration-mismatch]
   33 |         memcpy(c2p_data, &OutputData, sizeof(C2P_Data));
      |         ^~~~~~
../Core/ap/src/Controller.c:33:9: note: include '<string.h>' or provide a declaration of 'memcpy'
../Core/ap/src/Presenter.c:141:6: warning: 'Presenter_SongBuzzer' defined but not used [-Wunused-function]
  141 | void Presenter_SongBuzzer(uint8_t song)
      |      ^~~~~~~~~~~~~~~~~~~~
../Core/ap/src/Presenter.c:90:6: warning: 'Presenter_DispMonitor' defined but not used [-Wunused-function]
   90 | void Presenter_DispMonitor(uint8_t uartRxData)
      |      ^~~~~~~~~~~~~~~~~~~~~
arm-none-eabi-gcc "../Core/ap/src/Sound.c" -mcpu=cortex-m4 -std=gnu11 -g3 -DDEBUG -DUSE_HAL_DRIVER -DSTM32F411xE -c -I../Core/Inc -I../Drivers/STM32F4xx_HAL_Driver/Inc -I../Drivers/STM32F4xx_HAL_Driver/Inc/Legacy -I../Drivers/CMSIS/Device/ST/STM32F4xx/Include -I../Drivers/CMSIS/Include -I"C:/Users/kccistc/Documents/GitHub/STM32_Running/0626_zero_mini_project/Core/ap" -I"C:/Users/kccistc/Documents/GitHub/STM32_Running/0626_zero_mini_project/Core/driver/Button" -I"C:/Users/kccistc/Documents/GitHub/STM32_Running/0626_zero_mini_project/Core/driver/FND" -I"C:/Users/kccistc/Documents/GitHub/STM32_Running/0626_zero_mini_project/Core/driver/LedBar" -I"C:/Users/kccistc/Documents/GitHub/STM32_Running/0626_zero_mini_project/Core/ap/Inc" -I"C:/Users/kccistc/Documents/GitHub/STM32_Running/0626_zero_mini_project/Core/ap/src" -I"C:/Users/kccistc/Documents/GitHub/STM32_Running/0626_zero_mini_project/Core/driver/LCD" -I"C:/Users/kccistc/Documents/GitHub/STM32_Running/0626_zero_mini_project/Core/driver/buzzer" -I"C:/Users/kccistc/Documents/GitHub/STM32_Running/0626_zero_mini_project/Core/driver/DC_Motor" -I"C:/Users/kccistc/Documents/GitHub/STM32_Running/0626_zero_mini_project/Core/driver/Ultra" -O0 -ffunction-sections -fdata-sections -Wall -fstack-usage -fcyclomatic-complexity -MMD -MP -MF"Core/ap/src/Sound.d" -MT"Core/ap/src/Sound.o" --specs=nano.specs -mfpu=fpv4-sp-d16 -mfloat-abi=hard -mthumb -o "Core/ap/src/Sound.o"
arm-none-eabi-gcc "../Core/ap/src/ap_main.c" -mcpu=cortex-m4 -std=gnu11 -g3 -DDEBUG -DUSE_HAL_DRIVER -DSTM32F411xE -c -I../Core/Inc -I../Drivers/STM32F4xx_HAL_Driver/Inc -I../Drivers/STM32F4xx_HAL_Driver/Inc/Legacy -I../Drivers/CMSIS/Device/ST/STM32F4xx/Include -I../Drivers/CMSIS/Include -I"C:/Users/kccistc/Documents/GitHub/STM32_Running/0626_zero_mini_project/Core/ap" -I"C:/Users/kccistc/Documents/GitHub/STM32_Running/0626_zero_mini_project/Core/driver/Button" -I"C:/Users/kccistc/Documents/GitHub/STM32_Running/0626_zero_mini_project/Core/driver/FND" -I"C:/Users/kccistc/Documents/GitHub/STM32_Running/0626_zero_mini_project/Core/driver/LedBar" -I"C:/Users/kccistc/Documents/GitHub/STM32_Running/0626_zero_mini_project/Core/ap/Inc" -I"C:/Users/kccistc/Documents/GitHub/STM32_Running/0626_zero_mini_project/Core/ap/src" -I"C:/Users/kccistc/Documents/GitHub/STM32_Running/0626_zero_mini_project/Core/driver/LCD" -I"C:/Users/kccistc/Documents/GitHub/STM32_Running/0626_zero_mini_project/Core/driver/buzzer" -I"C:/Users/kccistc/Documents/GitHub/STM32_Running/0626_zero_mini_project/Core/driver/DC_Motor" -I"C:/Users/kccistc/Documents/GitHub/STM32_Running/0626_zero_mini_project/Core/driver/Ultra" -O0 -ffunction-sections -fdata-sections -Wall -fstack-usage -fcyclomatic-complexity -MMD -MP -MF"Core/ap/src/ap_main.d" -MT"Core/ap/src/ap_main.o" --specs=nano.specs -mfpu=fpv4-sp-d16 -mfloat-abi=hard -mthumb -o "Core/ap/src/ap_main.o"
arm-none-eabi-gcc "../Core/ap/src/queue.c" -mcpu=cortex-m4 -std=gnu11 -g3 -DDEBUG -DUSE_HAL_DRIVER -DSTM32F411xE -c -I../Core/Inc -I../Drivers/STM32F4xx_HAL_Driver/Inc -I../Drivers/STM32F4xx_HAL_Driver/Inc/Legacy -I../Drivers/CMSIS/Device/ST/STM32F4xx/Include -I../Drivers/CMSIS/Include -I"C:/Users/kccistc/Documents/GitHub/STM32_Running/0626_zero_mini_project/Core/ap" -I"C:/Users/kccistc/Documents/GitHub/STM32_Running/0626_zero_mini_project/Core/driver/Button" -I"C:/Users/kccistc/Documents/GitHub/STM32_Running/0626_zero_mini_project/Core/driver/FND" -I"C:/Users/kccistc/Documents/GitHub/STM32_Running/0626_zero_mini_project/Core/driver/LedBar" -I"C:/Users/kccistc/Documents/GitHub/STM32_Running/0626_zero_mini_project/Core/ap/Inc" -I"C:/Users/kccistc/Documents/GitHub/STM32_Running/0626_zero_mini_project/Core/ap/src" -I"C:/Users/kccistc/Documents/GitHub/STM32_Running/0626_zero_mini_project/Core/driver/LCD" -I"C:/Users/kccistc/Documents/GitHub/STM32_Running/0626_zero_mini_project/Core/driver/buzzer" -I"C:/Users/kccistc/Documents/GitHub/STM32_Running/0626_zero_mini_project/Core/driver/DC_Motor" -I"C:/Users/kccistc/Documents/GitHub/STM32_Running/0626_zero_mini_project/Core/driver/Ultra" -O0 -ffunction-sections -fdata-sections -Wall -fstack-usage -fcyclomatic-complexity -MMD -MP -MF"Core/ap/src/queue.d" -MT"Core/ap/src/queue.o" --specs=nano.specs -mfpu=fpv4-sp-d16 -mfloat-abi=hard -mthumb -o "Core/ap/src/queue.o"
arm-none-eabi-gcc "../Core/ap/src/stopWatch.c" -mcpu=cortex-m4 -std=gnu11 -g3 -DDEBUG -DUSE_HAL_DRIVER -DSTM32F411xE -c -I../Core/Inc -I../Drivers/STM32F4xx_HAL_Driver/Inc -I../Drivers/STM32F4xx_HAL_Driver/Inc/Legacy -I../Drivers/CMSIS/Device/ST/STM32F4xx/Include -I../Drivers/CMSIS/Include -I"C:/Users/kccistc/Documents/GitHub/STM32_Running/0626_zero_mini_project/Core/ap" -I"C:/Users/kccistc/Documents/GitHub/STM32_Running/0626_zero_mini_project/Core/driver/Button" -I"C:/Users/kccistc/Documents/GitHub/STM32_Running/0626_zero_mini_project/Core/driver/FND" -I"C:/Users/kccistc/Documents/GitHub/STM32_Running/0626_zero_mini_project/Core/driver/LedBar" -I"C:/Users/kccistc/Documents/GitHub/STM32_Running/0626_zero_mini_project/Core/ap/Inc" -I"C:/Users/kccistc/Documents/GitHub/STM32_Running/0626_zero_mini_project/Core/ap/src" -I"C:/Users/kccistc/Documents/GitHub/STM32_Running/0626_zero_mini_project/Core/driver/LCD" -I"C:/Users/kccistc/Documents/GitHub/STM32_Running/0626_zero_mini_project/Core/driver/buzzer" -I"C:/Users/kccistc/Documents/GitHub/STM32_Running/0626_zero_mini_project/Core/driver/DC_Motor" -I"C:/Users/kccistc/Documents/GitHub/STM32_Running/0626_zero_mini_project/Core/driver/Ultra" -O0 -ffunction-sections -fdata-sections -Wall -fstack-usage -fcyclomatic-complexity -MMD -MP -MF"Core/ap/src/stopWatch.d" -MT"Core/ap/src/stopWatch.o" --specs=nano.specs -mfpu=fpv4-sp-d16 -mfloat-abi=hard -mthumb -o "Core/ap/src/stopWatch.o"
arm-none-eabi-gcc "../Core/ap/src/timeWatch.c" -mcpu=cortex-m4 -std=gnu11 -g3 -DDEBUG -DUSE_HAL_DRIVER -DSTM32F411xE -c -I../Core/Inc -I../Drivers/STM32F4xx_HAL_Driver/Inc -I../Drivers/STM32F4xx_HAL_Driver/Inc/Legacy -I../Drivers/CMSIS/Device/ST/STM32F4xx/Include -I../Drivers/CMSIS/Include -I"C:/Users/kccistc/Documents/GitHub/STM32_Running/0626_zero_mini_project/Core/ap" -I"C:/Users/kccistc/Documents/GitHub/STM32_Running/0626_zero_mini_project/Core/driver/Button" -I"C:/Users/kccistc/Documents/GitHub/STM32_Running/0626_zero_mini_project/Core/driver/FND" -I"C:/Users/kccistc/Documents/GitHub/STM32_Running/0626_zero_mini_project/Core/driver/LedBar" -I"C:/Users/kccistc/Documents/GitHub/STM32_Running/0626_zero_mini_project/Core/ap/Inc" -I"C:/Users/kccistc/Documents/GitHub/STM32_Running/0626_zero_mini_project/Core/ap/src" -I"C:/Users/kccistc/Documents/GitHub/STM32_Running/0626_zero_mini_project/Core/driver/LCD" -I"C:/Users/kccistc/Documents/GitHub/STM32_Running/0626_zero_mini_project/Core/driver/buzzer" -I"C:/Users/kccistc/Documents/GitHub/STM32_Running/0626_zero_mini_project/Core/driver/DC_Motor" -I"C:/Users/kccistc/Documents/GitHub/STM32_Running/0626_zero_mini_project/Core/driver/Ultra" -O0 -ffunction-sections -fdata-sections -Wall -fstack-usage -fcyclomatic-complexity -MMD -MP -MF"Core/ap/src/timeWatch.d" -MT"Core/ap/src/timeWatch.o" --specs=nano.specs -mfpu=fpv4-sp-d16 -mfloat-abi=hard -mthumb -o "Core/ap/src/timeWatch.o"
arm-none-eabi-gcc -mcpu=cortex-m4 -g3 -DDEBUG -c -I"C:/Users/kccistc/Documents/GitHub/STM32_Running/0626_zero_mini_project/Core/ap" -I"C:/Users/kccistc/Documents/GitHub/STM32_Running/0626_zero_mini_project/Core/driver/Button" -I"C:/Users/kccistc/Documents/GitHub/STM32_Running/0626_zero_mini_project/Core/driver/FND" -I"C:/Users/kccistc/Documents/GitHub/STM32_Running/0626_zero_mini_project/Core/driver/LedBar" -I"C:/Users/kccistc/Documents/GitHub/STM32_Running/0626_zero_mini_project/Core/ap/Inc" -I"C:/Users/kccistc/Documents/GitHub/STM32_Running/0626_zero_mini_project/Core/ap/src" -I"C:/Users/kccistc/Documents/GitHub/STM32_Running/0626_zero_mini_project/Core/Src" -I"C:/Users/kccistc/Documents/GitHub/STM32_Running/0626_zero_mini_project/Core/driver/LCD" -I"C:/Users/kccistc/Documents/GitHub/STM32_Running/0626_zero_mini_project/Core/driver/buzzer" -I"C:/Users/kccistc/Documents/GitHub/STM32_Running/0626_zero_mini_project/Core/driver/DC_Motor" -I"C:/Users/kccistc/Documents/GitHub/STM32_Running/0626_zero_mini_project/Core/driver/Ultra" -x assembler-with-cpp -MMD -MP -MF"Core/Startup/startup_stm32f411retx.d" -MT"Core/Startup/startup_stm32f411retx.o" --specs=nano.specs -mfpu=fpv4-sp-d16 -mfloat-abi=hard -mthumb -o "Core/Startup/startup_stm32f411retx.o" "../Core/Startup/startup_stm32f411retx.s"
arm-none-eabi-gcc "../Core/Src/gpio.c" -mcpu=cortex-m4 -std=gnu11 -g3 -DDEBUG -DUSE_HAL_DRIVER -DSTM32F411xE -c -I../Core/Inc -I../Drivers/STM32F4xx_HAL_Driver/Inc -I../Drivers/STM32F4xx_HAL_Driver/Inc/Legacy -I../Drivers/CMSIS/Device/ST/STM32F4xx/Include -I../Drivers/CMSIS/Include -I"C:/Users/kccistc/Documents/GitHub/STM32_Running/0626_zero_mini_project/Core/ap" -I"C:/Users/kccistc/Documents/GitHub/STM32_Running/0626_zero_mini_project/Core/driver/Button" -I"C:/Users/kccistc/Documents/GitHub/STM32_Running/0626_zero_mini_project/Core/driver/FND" -I"C:/Users/kccistc/Documents/GitHub/STM32_Running/0626_zero_mini_project/Core/driver/LedBar" -I"C:/Users/kccistc/Documents/GitHub/STM32_Running/0626_zero_mini_project/Core/ap/Inc" -I"C:/Users/kccistc/Documents/GitHub/STM32_Running/0626_zero_mini_project/Core/ap/src" -I"C:/Users/kccistc/Documents/GitHub/STM32_Running/0626_zero_mini_project/Core/driver/LCD" -I"C:/Users/kccistc/Documents/GitHub/STM32_Running/0626_zero_mini_project/Core/driver/buzzer" -I"C:/Users/kccistc/Documents/GitHub/STM32_Running/0626_zero_mini_project/Core/driver/DC_Motor" -I"C:/Users/kccistc/Documents/GitHub/STM32_Running/0626_zero_mini_project/Core/driver/Ultra" -O0 -ffunction-sections -fdata-sections -Wall -fstack-usage -fcyclomatic-complexity -MMD -MP -MF"Core/Src/gpio.d" -MT"Core/Src/gpio.o" --specs=nano.specs -mfpu=fpv4-sp-d16 -mfloat-abi=hard -mthumb -o "Core/Src/gpio.o"
arm-none-eabi-gcc "../Core/Src/i2c.c" -mcpu=cortex-m4 -std=gnu11 -g3 -DDEBUG -DUSE_HAL_DRIVER -DSTM32F411xE -c -I../Core/Inc -I../Drivers/STM32F4xx_HAL_Driver/Inc -I../Drivers/STM32F4xx_HAL_Driver/Inc/Legacy -I../Drivers/CMSIS/Device/ST/STM32F4xx/Include -I../Drivers/CMSIS/Include -I"C:/Users/kccistc/Documents/GitHub/STM32_Running/0626_zero_mini_project/Core/ap" -I"C:/Users/kccistc/Documents/GitHub/STM32_Running/0626_zero_mini_project/Core/driver/Button" -I"C:/Users/kccistc/Documents/GitHub/STM32_Running/0626_zero_mini_project/Core/driver/FND" -I"C:/Users/kccistc/Documents/GitHub/STM32_Running/0626_zero_mini_project/Core/driver/LedBar" -I"C:/Users/kccistc/Documents/GitHub/STM32_Running/0626_zero_mini_project/Core/ap/Inc" -I"C:/Users/kccistc/Documents/GitHub/STM32_Running/0626_zero_mini_project/Core/ap/src" -I"C:/Users/kccistc/Documents/GitHub/STM32_Running/0626_zero_mini_project/Core/driver/LCD" -I"C:/Users/kccistc/Documents/GitHub/STM32_Running/0626_zero_mini_project/Core/driver/buzzer" -I"C:/Users/kccistc/Documents/GitHub/STM32_Running/0626_zero_mini_project/Core/driver/DC_Motor" -I"C:/Users/kccistc/Documents/GitHub/STM32_Running/0626_zero_mini_project/Core/driver/Ultra" -O0 -ffunction-sections -fdata-sections -Wall -fstack-usage -fcyclomatic-complexity -MMD -MP -MF"Core/Src/i2c.d" -MT"Core/Src/i2c.o" --specs=nano.specs -mfpu=fpv4-sp-d16 -mfloat-abi=hard -mthumb -o "Core/Src/i2c.o"
arm-none-eabi-gcc "../Core/Src/main.c" -mcpu=cortex-m4 -std=gnu11 -g3 -DDEBUG -DUSE_HAL_DRIVER -DSTM32F411xE -c -I../Core/Inc -I../Drivers/STM32F4xx_HAL_Driver/Inc -I../Drivers/STM32F4xx_HAL_Driver/Inc/Legacy -I../Drivers/CMSIS/Device/ST/STM32F4xx/Include -I../Drivers/CMSIS/Include -I"C:/Users/kccistc/Documents/GitHub/STM32_Running/0626_zero_mini_project/Core/ap" -I"C:/Users/kccistc/Documents/GitHub/STM32_Running/0626_zero_mini_project/Core/driver/Button" -I"C:/Users/kccistc/Documents/GitHub/STM32_Running/0626_zero_mini_project/Core/driver/FND" -I"C:/Users/kccistc/Documents/GitHub/STM32_Running/0626_zero_mini_project/Core/driver/LedBar" -I"C:/Users/kccistc/Documents/GitHub/STM32_Running/0626_zero_mini_project/Core/ap/Inc" -I"C:/Users/kccistc/Documents/GitHub/STM32_Running/0626_zero_mini_project/Core/ap/src" -I"C:/Users/kccistc/Documents/GitHub/STM32_Running/0626_zero_mini_project/Core/driver/LCD" -I"C:/Users/kccistc/Documents/GitHub/STM32_Running/0626_zero_mini_project/Core/driver/buzzer" -I"C:/Users/kccistc/Documents/GitHub/STM32_Running/0626_zero_mini_project/Core/driver/DC_Motor" -I"C:/Users/kccistc/Documents/GitHub/STM32_Running/0626_zero_mini_project/Core/driver/Ultra" -O0 -ffunction-sections -fdata-sections -Wall -fstack-usage -fcyclomatic-complexity -MMD -MP -MF"Core/Src/main.d" -MT"Core/Src/main.o" --specs=nano.specs -mfpu=fpv4-sp-d16 -mfloat-abi=hard -mthumb -o "Core/Src/main.o"
arm-none-eabi-gcc "../Core/Src/stm32f4xx_hal_msp.c" -mcpu=cortex-m4 -std=gnu11 -g3 -DDEBUG -DUSE_HAL_DRIVER -DSTM32F411xE -c -I../Core/Inc -I../Drivers/STM32F4xx_HAL_Driver/Inc -I../Drivers/STM32F4xx_HAL_Driver/Inc/Legacy -I../Drivers/CMSIS/Device/ST/STM32F4xx/Include -I../Drivers/CMSIS/Include -I"C:/Users/kccistc/Documents/GitHub/STM32_Running/0626_zero_mini_project/Core/ap" -I"C:/Users/kccistc/Documents/GitHub/STM32_Running/0626_zero_mini_project/Core/driver/Button" -I"C:/Users/kccistc/Documents/GitHub/STM32_Running/0626_zero_mini_project/Core/driver/FND" -I"C:/Users/kccistc/Documents/GitHub/STM32_Running/0626_zero_mini_project/Core/driver/LedBar" -I"C:/Users/kccistc/Documents/GitHub/STM32_Running/0626_zero_mini_project/Core/ap/Inc" -I"C:/Users/kccistc/Documents/GitHub/STM32_Running/0626_zero_mini_project/Core/ap/src" -I"C:/Users/kccistc/Documents/GitHub/STM32_Running/0626_zero_mini_project/Core/driver/LCD" -I"C:/Users/kccistc/Documents/GitHub/STM32_Running/0626_zero_mini_project/Core/driver/buzzer" -I"C:/Users/kccistc/Documents/GitHub/STM32_Running/0626_zero_mini_project/Core/driver/DC_Motor" -I"C:/Users/kccistc/Documents/GitHub/STM32_Running/0626_zero_mini_project/Core/driver/Ultra" -O0 -ffunction-sections -fdata-sections -Wall -fstack-usage -fcyclomatic-complexity -MMD -MP -MF"Core/Src/stm32f4xx_hal_msp.d" -MT"Core/Src/stm32f4xx_hal_msp.o" --specs=nano.specs -mfpu=fpv4-sp-d16 -mfloat-abi=hard -mthumb -o "Core/Src/stm32f4xx_hal_msp.o"
arm-none-eabi-gcc "../Core/Src/stm32f4xx_it.c" -mcpu=cortex-m4 -std=gnu11 -g3 -DDEBUG -DUSE_HAL_DRIVER -DSTM32F411xE -c -I../Core/Inc -I../Drivers/STM32F4xx_HAL_Driver/Inc -I../Drivers/STM32F4xx_HAL_Driver/Inc/Legacy -I../Drivers/CMSIS/Device/ST/STM32F4xx/Include -I../Drivers/CMSIS/Include -I"C:/Users/kccistc/Documents/GitHub/STM32_Running/0626_zero_mini_project/Core/ap" -I"C:/Users/kccistc/Documents/GitHub/STM32_Running/0626_zero_mini_project/Core/driver/Button" -I"C:/Users/kccistc/Documents/GitHub/STM32_Running/0626_zero_mini_project/Core/driver/FND" -I"C:/Users/kccistc/Documents/GitHub/STM32_Running/0626_zero_mini_project/Core/driver/LedBar" -I"C:/Users/kccistc/Documents/GitHub/STM32_Running/0626_zero_mini_project/Core/ap/Inc" -I"C:/Users/kccistc/Documents/GitHub/STM32_Running/0626_zero_mini_project/Core/ap/src" -I"C:/Users/kccistc/Documents/GitHub/STM32_Running/0626_zero_mini_project/Core/driver/LCD" -I"C:/Users/kccistc/Documents/GitHub/STM32_Running/0626_zero_mini_project/Core/driver/buzzer" -I"C:/Users/kccistc/Documents/GitHub/STM32_Running/0626_zero_mini_project/Core/driver/DC_Motor" -I"C:/Users/kccistc/Documents/GitHub/STM32_Running/0626_zero_mini_project/Core/driver/Ultra" -O0 -ffunction-sections -fdata-sections -Wall -fstack-usage -fcyclomatic-complexity -MMD -MP -MF"Core/Src/stm32f4xx_it.d" -MT"Core/Src/stm32f4xx_it.o" --specs=nano.specs -mfpu=fpv4-sp-d16 -mfloat-abi=hard -mthumb -o "Core/Src/stm32f4xx_it.o"
arm-none-eabi-gcc "../Core/Src/syscalls.c" -mcpu=cortex-m4 -std=gnu11 -g3 -DDEBUG -DUSE_HAL_DRIVER -DSTM32F411xE -c -I../Core/Inc -I../Drivers/STM32F4xx_HAL_Driver/Inc -I../Drivers/STM32F4xx_HAL_Driver/Inc/Legacy -I../Drivers/CMSIS/Device/ST/STM32F4xx/Include -I../Drivers/CMSIS/Include -I"C:/Users/kccistc/Documents/GitHub/STM32_Running/0626_zero_mini_project/Core/ap" -I"C:/Users/kccistc/Documents/GitHub/STM32_Running/0626_zero_mini_project/Core/driver/Button" -I"C:/Users/kccistc/Documents/GitHub/STM32_Running/0626_zero_mini_project/Core/driver/FND" -I"C:/Users/kccistc/Documents/GitHub/STM32_Running/0626_zero_mini_project/Core/driver/LedBar" -I"C:/Users/kccistc/Documents/GitHub/STM32_Running/0626_zero_mini_project/Core/ap/Inc" -I"C:/Users/kccistc/Documents/GitHub/STM32_Running/0626_zero_mini_project/Core/ap/src" -I"C:/Users/kccistc/Documents/GitHub/STM32_Running/0626_zero_mini_project/Core/driver/LCD" -I"C:/Users/kccistc/Documents/GitHub/STM32_Running/0626_zero_mini_project/Core/driver/buzzer" -I"C:/Users/kccistc/Documents/GitHub/STM32_Running/0626_zero_mini_project/Core/driver/DC_Motor" -I"C:/Users/kccistc/Documents/GitHub/STM32_Running/0626_zero_mini_project/Core/driver/Ultra" -O0 -ffunction-sections -fdata-sections -Wall -fstack-usage -fcyclomatic-complexity -MMD -MP -MF"Core/Src/syscalls.d" -MT"Core/Src/syscalls.o" --specs=nano.specs -mfpu=fpv4-sp-d16 -mfloat-abi=hard -mthumb -o "Core/Src/syscalls.o"
arm-none-eabi-gcc "../Core/Src/sysmem.c" -mcpu=cortex-m4 -std=gnu11 -g3 -DDEBUG -DUSE_HAL_DRIVER -DSTM32F411xE -c -I../Core/Inc -I../Drivers/STM32F4xx_HAL_Driver/Inc -I../Drivers/STM32F4xx_HAL_Driver/Inc/Legacy -I../Drivers/CMSIS/Device/ST/STM32F4xx/Include -I../Drivers/CMSIS/Include -I"C:/Users/kccistc/Documents/GitHub/STM32_Running/0626_zero_mini_project/Core/ap" -I"C:/Users/kccistc/Documents/GitHub/STM32_Running/0626_zero_mini_project/Core/driver/Button" -I"C:/Users/kccistc/Documents/GitHub/STM32_Running/0626_zero_mini_project/Core/driver/FND" -I"C:/Users/kccistc/Documents/GitHub/STM32_Running/0626_zero_mini_project/Core/driver/LedBar" -I"C:/Users/kccistc/Documents/GitHub/STM32_Running/0626_zero_mini_project/Core/ap/Inc" -I"C:/Users/kccistc/Documents/GitHub/STM32_Running/0626_zero_mini_project/Core/ap/src" -I"C:/Users/kccistc/Documents/GitHub/STM32_Running/0626_zero_mini_project/Core/driver/LCD" -I"C:/Users/kccistc/Documents/GitHub/STM32_Running/0626_zero_mini_project/Core/driver/buzzer" -I"C:/Users/kccistc/Documents/GitHub/STM32_Running/0626_zero_mini_project/Core/driver/DC_Motor" -I"C:/Users/kccistc/Documents/GitHub/STM32_Running/0626_zero_mini_project/Core/driver/Ultra" -O0 -ffunction-sections -fdata-sections -Wall -fstack-usage -fcyclomatic-complexity -MMD -MP -MF"Core/Src/sysmem.d" -MT"Core/Src/sysmem.o" --specs=nano.specs -mfpu=fpv4-sp-d16 -mfloat-abi=hard -mthumb -o "Core/Src/sysmem.o"
arm-none-eabi-gcc "../Core/Src/system_stm32f4xx.c" -mcpu=cortex-m4 -std=gnu11 -g3 -DDEBUG -DUSE_HAL_DRIVER -DSTM32F411xE -c -I../Core/Inc -I../Drivers/STM32F4xx_HAL_Driver/Inc -I../Drivers/STM32F4xx_HAL_Driver/Inc/Legacy -I../Drivers/CMSIS/Device/ST/STM32F4xx/Include -I../Drivers/CMSIS/Include -I"C:/Users/kccistc/Documents/GitHub/STM32_Running/0626_zero_mini_project/Core/ap" -I"C:/Users/kccistc/Documents/GitHub/STM32_Running/0626_zero_mini_project/Core/driver/Button" -I"C:/Users/kccistc/Documents/GitHub/STM32_Running/0626_zero_mini_project/Core/driver/FND" -I"C:/Users/kccistc/Documents/GitHub/STM32_Running/0626_zero_mini_project/Core/driver/LedBar" -I"C:/Users/kccistc/Documents/GitHub/STM32_Running/0626_zero_mini_project/Core/ap/Inc" -I"C:/Users/kccistc/Documents/GitHub/STM32_Running/0626_zero_mini_project/Core/ap/src" -I"C:/Users/kccistc/Documents/GitHub/STM32_Running/0626_zero_mini_project/Core/driver/LCD" -I"C:/Users/kccistc/Documents/GitHub/STM32_Running/0626_zero_mini_project/Core/driver/buzzer" -I"C:/Users/kccistc/Documents/GitHub/STM32_Running/0626_zero_mini_project/Core/driver/DC_Motor" -I"C:/Users/kccistc/Documents/GitHub/STM32_Running/0626_zero_mini_project/Core/driver/Ultra" -O0 -ffunction-sections -fdata-sections -Wall -fstack-usage -fcyclomatic-complexity -MMD -MP -MF"Core/Src/system_stm32f4xx.d" -MT"Core/Src/system_stm32f4xx.o" --specs=nano.specs -mfpu=fpv4-sp-d16 -mfloat-abi=hard -mthumb -o "Core/Src/system_stm32f4xx.o"
arm-none-eabi-gcc "../Core/Src/tim.c" -mcpu=cortex-m4 -std=gnu11 -g3 -DDEBUG -DUSE_HAL_DRIVER -DSTM32F411xE -c -I../Core/Inc -I../Drivers/STM32F4xx_HAL_Driver/Inc -I../Drivers/STM32F4xx_HAL_Driver/Inc/Legacy -I../Drivers/CMSIS/Device/ST/STM32F4xx/Include -I../Drivers/CMSIS/Include -I"C:/Users/kccistc/Documents/GitHub/STM32_Running/0626_zero_mini_project/Core/ap" -I"C:/Users/kccistc/Documents/GitHub/STM32_Running/0626_zero_mini_project/Core/driver/Button" -I"C:/Users/kccistc/Documents/GitHub/STM32_Running/0626_zero_mini_project/Core/driver/FND" -I"C:/Users/kccistc/Documents/GitHub/STM32_Running/0626_zero_mini_project/Core/driver/LedBar" -I"C:/Users/kccistc/Documents/GitHub/STM32_Running/0626_zero_mini_project/Core/ap/Inc" -I"C:/Users/kccistc/Documents/GitHub/STM32_Running/0626_zero_mini_project/Core/ap/src" -I"C:/Users/kccistc/Documents/GitHub/STM32_Running/0626_zero_mini_project/Core/driver/LCD" -I"C:/Users/kccistc/Documents/GitHub/STM32_Running/0626_zero_mini_project/Core/driver/buzzer" -I"C:/Users/kccistc/Documents/GitHub/STM32_Running/0626_zero_mini_project/Core/driver/DC_Motor" -I"C:/Users/kccistc/Documents/GitHub/STM32_Running/0626_zero_mini_project/Core/driver/Ultra" -O0 -ffunction-sections -fdata-sections -Wall -fstack-usage -fcyclomatic-complexity -MMD -MP -MF"Core/Src/tim.d" -MT"Core/Src/tim.o" --specs=nano.specs -mfpu=fpv4-sp-d16 -mfloat-abi=hard -mthumb -o "Core/Src/tim.o"
arm-none-eabi-gcc "../Core/Src/usart.c" -mcpu=cortex-m4 -std=gnu11 -g3 -DDEBUG -DUSE_HAL_DRIVER -DSTM32F411xE -c -I../Core/Inc -I../Drivers/STM32F4xx_HAL_Driver/Inc -I../Drivers/STM32F4xx_HAL_Driver/Inc/Legacy -I../Drivers/CMSIS/Device/ST/STM32F4xx/Include -I../Drivers/CMSIS/Include -I"C:/Users/kccistc/Documents/GitHub/STM32_Running/0626_zero_mini_project/Core/ap" -I"C:/Users/kccistc/Documents/GitHub/STM32_Running/0626_zero_mini_project/Core/driver/Button" -I"C:/Users/kccistc/Documents/GitHub/STM32_Running/0626_zero_mini_project/Core/driver/FND" -I"C:/Users/kccistc/Documents/GitHub/STM32_Running/0626_zero_mini_project/Core/driver/LedBar" -I"C:/Users/kccistc/Documents/GitHub/STM32_Running/0626_zero_mini_project/Core/ap/Inc" -I"C:/Users/kccistc/Documents/GitHub/STM32_Running/0626_zero_mini_project/Core/ap/src" -I"C:/Users/kccistc/Documents/GitHub/STM32_Running/0626_zero_mini_project/Core/driver/LCD" -I"C:/Users/kccistc/Documents/GitHub/STM32_Running/0626_zero_mini_project/Core/driver/buzzer" -I"C:/Users/kccistc/Documents/GitHub/STM32_Running/0626_zero_mini_project/Core/driver/DC_Motor" -I"C:/Users/kccistc/Documents/GitHub/STM32_Running/0626_zero_mini_project/Core/driver/Ultra" -O0 -ffunction-sections -fdata-sections -Wall -fstack-usage -fcyclomatic-complexity -MMD -MP -MF"Core/Src/usart.d" -MT"Core/Src/usart.o" --specs=nano.specs -mfpu=fpv4-sp-d16 -mfloat-abi=hard -mthumb -o "Core/Src/usart.o"
../Core/ap/src/queue.c: In function 'deQue':
../Core/ap/src/queue.c:40:17: warning: 'return' with no value, in function returning non-void [-Wreturn-type]
   40 |                 return;
      |                 ^~~~~~
../Core/ap/src/queue.c:37:5: note: declared here
   37 | int deQue(Que_TypeDef *q)
      |     ^~~~~
../Core/ap/src/queue.c: In function 'peekQue':
../Core/ap/src/queue.c:50:17: warning: 'return' with no value, in function returning non-void [-Wreturn-type]
   50 |                 return;
      |                 ^~~~~~
../Core/ap/src/queue.c:47:5: note: declared here
   47 | int peekQue(Que_TypeDef *q)
      |     ^~~~~~~
arm-none-eabi-gcc -o "0626_zero_mini_project.elf" @"objects.list"   -mcpu=cortex-m4 -T"C:\Users\kccistc\Documents\GitHub\STM32_Running\0626_zero_mini_project\STM32F411RETX_FLASH.ld" --specs=nosys.specs -Wl,-Map="0626_zero_mini_project.map" -Wl,--gc-sections -static --specs=nano.specs -mfpu=fpv4-sp-d16 -mfloat-abi=hard -mthumb -Wl,--start-group -lc -lm -Wl,--end-group
Finished building target: 0626_zero_mini_project.elf
 
arm-none-eabi-size  0626_zero_mini_project.elf 
arm-none-eabi-objdump -h -S 0626_zero_mini_project.elf  > "0626_zero_mini_project.list"
   text	   data	    bss	    dec	    hex	filename
  21140	    124	   2116	  23380	   5b54	0626_zero_mini_project.elf
Finished building: default.size.stdout
 
Finished building: 0626_zero_mini_project.list
 
16:29:20 **** Incremental Build of configuration Debug for project 0626_zero_mini_project ****
make -j16 all 
arm-none-eabi-gcc "../Drivers/STM32F4xx_HAL_Driver/Src/stm32f4xx_hal.c" -mcpu=cortex-m4 -std=gnu11 -g3 -DDEBUG -DUSE_HAL_DRIVER -DSTM32F411xE -c -I../Core/Inc -I../Drivers/STM32F4xx_HAL_Driver/Inc -I../Drivers/STM32F4xx_HAL_Driver/Inc/Legacy -I../Drivers/CMSIS/Device/ST/STM32F4xx/Include -I../Drivers/CMSIS/Include -I"C:/Users/kccistc/Documents/GitHub/STM32_Running/0626_zero_mini_project/Core/ap" -I"C:/Users/kccistc/Documents/GitHub/STM32_Running/0626_zero_mini_project/Core/driver/Button" -I"C:/Users/kccistc/Documents/GitHub/STM32_Running/0626_zero_mini_project/Core/driver/FND" -I"C:/Users/kccistc/Documents/GitHub/STM32_Running/0626_zero_mini_project/Core/driver/LedBar" -I"C:/Users/kccistc/Documents/GitHub/STM32_Running/0626_zero_mini_project/Core/ap/Inc" -I"C:/Users/kccistc/Documents/GitHub/STM32_Running/0626_zero_mini_project/Core/ap/src" -I"C:/Users/kccistc/Documents/GitHub/STM32_Running/0626_zero_mini_project/Core/driver/LCD" -I"C:/Users/kccistc/Documents/GitHub/STM32_Running/0626_zero_mini_project/Core/driver/buzzer" -I"C:/Users/kccistc/Documents/GitHub/STM32_Running/0626_zero_mini_project/Core/driver/DC_Motor" -I"C:/Users/kccistc/Documents/GitHub/STM32_Running/0626_zero_mini_project/Core/driver/Ultra" -O0 -ffunction-sections -fdata-sections -Wall -fstack-usage -fcyclomatic-complexity -MMD -MP -MF"Drivers/STM32F4xx_HAL_Driver/Src/stm32f4xx_hal.d" -MT"Drivers/STM32F4xx_HAL_Driver/Src/stm32f4xx_hal.o" --specs=nano.specs -mfpu=fpv4-sp-d16 -mfloat-abi=hard -mthumb -o "Drivers/STM32F4xx_HAL_Driver/Src/stm32f4xx_hal.o"
[...]
arm-none-eabi-gcc "../Core/ap/src/Presenter.c" -mcpu=cortex-m4 -std=gnu11 -g3 -DDEBUG -DUSE_HAL_DRIVER -DSTM32F411xE -c -I../Core/Inc -I../Drivers/STM32F4xx_HAL_Driver/Inc -I../Drivers/STM32F4xx_HAL_Driver/Inc/Legacy -I../Drivers/CMSIS/Device/ST/STM32F4xx/Include -I../Drivers/CMSIS/Include -I"C:/Users/kccistc/Documents/GitHub/STM32_Running/0626_zero_mini_project/Core/ap" -I"C:/Users/kccistc/Documents/GitHub/STM32_Running/0626_zero_mini_project/Core/driver/Button" -I"C:/Users/kccistc/Documents/GitHub/STM32_Running/0626_zero_mini_project/Core/driver/FND" -I"C:/Users/kccistc/Documents/GitHub/STM32_Running/0626_zero_mini_project/Core/driver/LedBar" -I"C:/Users/kccistc/Documents/GitHub/STM32_Running/0626_zero_mini_project/Core/ap/Inc" -I"C:/Users/kccistc/Documents/GitHub/STM32_Running/0626_zero_mini_project/Core/ap/src" -I"C:/Users/kccistc/Documents/GitHub/STM32_Running/0626_zero_mini_project/Core/driver/LCD" -I"C:/Users/kccistc/Documents/GitHub/STM32_Running/0626_zero_mini_project/Core/driver/buzzer" -I"C:/Users/kccistc/Documents/GitHub/STM32_Running/0626_zero_mini_project/Core/driver/DC_Motor" -I"C:/Users/kccistc/Documents/GitHub/STM32_Running/0626_zero_mini_project/Core/driver/Ultra" -O0 -ffunction-sections -fdata-sections -Wall -fstack-usage -fcyclomatic-complexity -MMD -MP -MF"Core/ap/src/Presenter.d" -MT"Core/ap/src/Presenter.o" --specs=nano.specs -mfpu=fpv4-sp-d16 -mfloat-abi=hard -mthumb -o "Core/ap/src/Presenter.o"
arm-none-eabi-gcc "../Core/ap/src/Sound.c" -mcpu=cortex-m4 -std=gnu11 -g3 -DDEBUG -DUSE_HAL_DRIVER -DSTM32F411xE -c -I../Core/Inc -I../Drivers/STM32F4xx_HAL_Driver/Inc -I../Drivers/STM32F4xx_HAL_Driver/Inc/Legacy -I../Drivers/CMSIS/Device/ST/STM32F4xx/Include -I../Drivers/CMSIS/Include -I"C:/Users/kccistc/Documents/GitHub/STM32_Running/0626_zero_mini_project/Core/ap" -I"C:/Users/kccistc/Documents/GitHub/STM32_Running/0626_zero_mini_project/Core/driver/Button" -I"C:/Users/kccistc/Documents/GitHub/STM32_Running/0626_zero_mini_project/Core/driver/FND" -I"C:/Users/kccistc/Documents/GitHub/STM32_Running/0626_zero_mini_project/Core/driver/LedBar" -I"C:/Users/kccistc/Documents/GitHub/STM32_Running/0626_zero_mini_project/Core/ap/Inc" -I"C:/Users/kccistc/Documents/GitHub/STM32_Running/0626_zero_mini_project/Core/ap/src" -I"C:/Users/kccistc/Documents/GitHub/STM32_Running/0626_zero_mini_project/Core/driver/LCD" -I"C:/Users/kccistc/Documents/GitHub/STM32_Running/0626_zero_mini_project/Core/driver/buzzer" -I"C:/Users/kccistc/Documents/GitHub/STM32_Running/0626_zero_mini_project/Core/driver/DC_Motor" -I"C:/Users/kccistc/Documents/GitHub/STM32_Running/0626_zero_mini_project/Core/driver/Ultra" -O0 -ffunction-sections -fdata-sections -Wall -fstack-usage -fcyclomatic-complexity -MMD -MP -MF"Core/ap/src/Sound.d" -MT"Core/ap/src/Sound.o" --specs=nano.specs -mfpu=fpv4-sp-d16 -mfloat-abi=hard -mthumb -o "Core/ap/src/Sound.o"
arm-none-eabi-gcc "../Core/ap/src/ap_main.c" -mcpu=cortex-m4 -std=gnu11 -g3 -DDEBUG -DUSE_HAL_DRIVER -DSTM32F411xE -c -I../Core/Inc -I../Drivers/STM32F4xx_HAL_Driver/Inc -I../Drivers/STM32F4xx_HAL_Driver/Inc/Legacy -I../Drivers/CMSIS/Device/ST/STM32F4xx/Include -I../Drivers/CMSIS/Include -I"C:/Users/kccistc/Documents/GitHub/STM32_Running/0626_zero_mini_project/Core/ap" -I"C:/Users/kccistc/Documents/GitHub/STM32_Running/0626_zero_mini_project/Core/driver/Button" -I"C:/Users/kccistc/Documents/GitHub/STM32_Running/0626_zero_mini_project/Core/driver/FND" -I"C:/Users/kccistc/Documents/GitHub/STM32_Running/0626_zero_mini_project/Core/driver/LedBar" -I"C:/Users/kccistc/Documents/GitHub/STM32_Running/0626_zero_mini_project/Core/ap/Inc" -I"C:/Users/kccistc/Documents/GitHub/STM32_Running/0626_zero_mini_project/Core/ap/src" -I"C:/Users/kccistc/Documents/GitHub/STM32_Running/0626_zero_mini_project/Core/driver/LCD" -I"C:/Users/kccistc/Documents/GitHub/STM32_Running/0626_zero_mini_project/Core/driver/buzzer" -I"C:/Users/kccistc/Documents/GitHub/STM32_Running/0626_zero_mini_project/Core/driver/DC_Motor" -I"C:/Users/kccistc/Documents/GitHub/STM32_Running/0626_zero_mini_project/Core/driver/Ultra" -O0 -ffunction-sections -fdata-sections -Wall -fstack-usage -fcyclomatic-complexity -MMD -MP -MF"Core/ap/src/ap_main.d" -MT"Core/ap/src/ap_main.o" --specs=nano.specs -mfpu=fpv4-sp-d16 -mfloat-abi=hard -mthumb -o "Core/ap/src/ap_main.o"
arm-none-eabi-gcc "../Core/Src/main.c" -mcpu=cortex-m4 -std=gnu11 -g3 -DDEBUG -DUSE_HAL_DRIVER -DSTM32F411xE -c -I../Core/Inc -I../Drivers/STM32F4xx_HAL_Driver/Inc -I../Drivers/STM32F4xx_HAL_Driver/Inc/Legacy -I../Drivers/CMSIS/Device/ST/STM32F4xx/Include -I../Drivers/CMSIS/Include -I"C:/Users/kccistc/Documents/GitHub/STM32_Running/0626_zero_mini_project/Core/ap" -I"C:/Users/kccistc/Documents/GitHub/STM32_Running/0626_zero_mini_project/Core/driver/Button" -I"C:/Users/kccistc/Documents/GitHub/STM32_Running/0626_zero_mini_project/Core/driver/FND" -I"C:/Users/kccistc/Documents/GitHub/STM32_Running/0626_zero_mini_project/Core/driver/LedBar" -I"C:/Users/kccistc/Documents/GitHub/STM32_Running/0626_zero_mini_project/Core/ap/Inc" -I"C:/Users/kccistc/Documents/GitHub/STM32_Running/0626_zero_mini_project/Core/ap/src" -I"C:/Users/kccistc/Documents/GitHub/STM32_Running/0626_zero_mini_project/Core/driver/LCD" -I"C:/Users/kccistc/Documents/GitHub/STM32_Running/0626_zero_mini_project/Core/driver/buzzer" -I"C:/Users/kccistc/Documents/GitHub/STM32_Running/0626_zero_mini_project/Core/driver/DC_Motor" -I"C:/Users/kccistc/Documents/GitHub/STM32_Running/0626_zero_mini_project/Core/driver/Ultra" -O0 -ffunction-sections -fdata-sections -Wall -fstack-usage -fcyclomatic-complexity -MMD -MP -MF"Core/Src/main.d" -MT"Core/Src/main.o" --specs=nano.specs -mfpu=fpv4-sp-d16 -mfloat-abi=hard -mthumb -o "Core/Src/main.o"
arm-none-eabi-gcc "../Core/Src/stm32f4xx_it.c" -mcpu=cortex-m4 -std=gnu11 -g3 -DDEBUG -DUSE_HAL_DRIVER -DSTM32F411xE -c -I../Core/Inc -I../Drivers/STM32F4xx_HAL_Driver/Inc -I../Drivers/STM32F4xx_HAL_Driver/Inc/Legacy -I../Drivers/CMSIS/Device/ST/STM32F4xx/Include -I../Drivers/CMSIS/Include -I"C:/Users/kccistc/Documents/GitHub/STM32_Running/0626_zero_mini_project/Core/ap" -I"C:/Users/kccistc/Documents/GitHub/STM32_Running/0626_zero_mini_project/Core/driver/Button" -I"C:/Users/kccistc/Documents/GitHub/STM32_Running/0626_zero_mini_project/Core/driver/FND" -I"C:/Users/kccistc/Documents/GitHub/STM32_Running/0626_zero_mini_project/Core/driver/LedBar" -I"C:/Users/kccistc/Documents/GitHub/STM32_Running/0626_zero_mini_project/Core/ap/Inc" -I"C:/Users/kccistc/Documents/GitHub/STM32_Running/0626_zero_mini_project/Core/ap/src" -I"C:/Users/kccistc/Documents/GitHub/STM32_Running/0626_zero_mini_project/Core/driver/LCD" -I"C:/Users/kccistc/Documents/GitHub/STM32_Running/0626_zero_mini_project/Core/driver/buzzer" -I"C:/Users/kccistc/Documents/GitHub/STM32_Running/0626_zero_mini_project/Core/driver/DC_Motor" -I"C:/Users/kccistc/Documents/GitHub/STM32_Running/0626_zero_mini_project/Core/driver/Ultra" -O0 -ffunction-sections -fdata-sections -Wall -fstack-usage -fcyclomatic-complexity -MMD -MP -MF"Core/Src/stm32f4xx_it.d" -MT"Core/Src/stm32f4xx_it.o" --specs=nano.specs -mfpu=fpv4-sp-d16 -mfloat-abi=hard -mthumb -o "Core/Src/stm32f4xx_it.o"
arm-none-eabi-gcc "../Core/Src/tim.c" -mcpu=cortex-m4 -std=gnu11 -g3 -DDEBUG -DUSE_HAL_DRIVER -DSTM32F411xE -c -I../Core/Inc -I../Drivers/STM32F4xx_HAL_Driver/Inc -I../Drivers/STM32F4xx_HAL_Driver/Inc/Legacy -I../Drivers/CMSIS/Device/ST/STM32F4xx/Include -I../Drivers/CMSIS/Include -I"C:/Users/kccistc/Documents/GitHub/STM32_Running/0626_zero_mini_project/Core/ap" -I"C:/Users/kccistc/Documents/GitHub/STM32_Running/0626_zero_mini_project/Core/driver/Button" -I"C:/Users/kccistc/Documents/GitHub/STM32_Running/0626_zero_mini_project/Core/driver/FND" -I"C:/Users/kccistc/Documents/GitHub/STM32_Running/0626_zero_mini_project/Core/driver/LedBar" -I"C:/Users/kccistc/Documents/GitHub/STM32_Running/0626_zero_mini_project/Core/ap/Inc" -I"C:/Users/kccistc/Documents/GitHub/STM32_Running/0626_zero_mini_project/Core/ap/src" -I"C:/Users/kccistc/Documents/GitHub/STM32_Running/0626_zero_mini_project/Core/driver/LCD" -I"C:/Users/kccistc/Documents/GitHub/STM32_Running/0626_zero_mini_project/Core/driver/buzzer" -I"C:/Users/kccistc/Documents/GitHub/STM32_Running/0626_zero_mini_project/Core/driver/DC_Motor" -I"C:/Users/kccistc/Documents/GitHub/STM32_Running/0626_zero_mini_project/Core/driver/Ultra" -O0 -ffunction-sections -fdata-sections -Wall -fstack-usage -fcyclomatic-complexity -MMD -MP -MF"Core/Src/tim.d" -MT"Core/Src/tim.o" --specs=nano.specs -mfpu=fpv4-sp-d16 -mfloat-abi=hard -mthumb -o "Core/Src/tim.o"
../Core/ap/src/Presenter.c:155:6: warning: 'Presenter_SongBuzzer' defined but not used [-Wunused-function]
  155 | void Presenter_SongBuzzer(uint8_t song)
      |      ^~~~~~~~~~~~~~~~~~~~
../Core/ap/src/Presenter.c:103:6: warning: 'Presenter_DispMonitor' defined but not used [-Wunused-function]
  103 | void Presenter_DispMonitor(char uartRxData)
      |      ^~~~~~~~~~~~~~~~~~~~~
arm-none-eabi-gcc -o "0626_zero_mini_project.elf" @"objects.list"   -mcpu=cortex-m4 -T"C:\Users\kccistc\Documents\GitHub\STM32_Running\0626_zero_mini_project\STM32F411RETX_FLASH.ld" --specs=nosys.specs -Wl,-Map="0626_zero_mini_project.map" -Wl,--gc-sections -static --specs=nano.specs -mfpu=fpv4-sp-d16 -mfloat-abi=hard -mthumb -u _printf_float -u _scanf_float -Wl,--start-group -lc -lm -Wl,--end-group
Finished building target: 0626_zero_mini_project.elf
 
arm-none-eabi-size  0626_zero_mini_project.elf 
arm-none-eabi-objdump -h -S 0626_zero_mini_project.elf  > "0626_zero_mini_project.list"
   text	   data	    bss	    dec	    hex	filename
  47944	    736	   2624	  51304	   c868	0626_zero_mini_project.elf
Finished building: default.size.stdout
 
Finished building: 0626_zero_mini_project.list
 
18:22:14 **** Incremental Build of configuration Debug for project 0626_zero_mini_project ****
make -j16 all 
arm-none-eabi-size  0626_zero_mini_project.elf 
   text	   data	    bss	    dec	    hex	filename
  47944	    736	   2624	  51304	   c868	0626_zero_mini_project.elf
Finished building: default.size.stdout
 
18:22:24 **** Incremental Build of configuration Debug for project 0626_zero_mini_project ****
make -j16 all 
arm-none-eabi-gcc "../Core/ap/src/ap_main.c" -mcpu=cortex-m4 -std=gnu11 -g3 -DDEBUG -DUSE_HAL_DRIVER -DSTM32F411xE -c -I../Core/Inc -I../Drivers/STM32F4xx_HAL_Driver/Inc -I../Drivers/STM32F4xx_HAL_Driver/Inc/Legacy -I../Drivers/CMSIS/Device/ST/STM32F4xx/Include -I../Drivers/CMSIS/Include -I"C:/Users/kccistc/Documents/GitHub/STM32_Running/0626_zero_mini_project/Core/ap" -I"C:/Users/kccistc/Documents/GitHub/STM32_Running/0626_zero_mini_project/Core/driver/Button" -I"C:/Users/kccistc/Documents/GitHub/STM32_Running/0626_zero_mini_project/Core/driver/FND" -I"C:/Users/kccistc/Documents/GitHub/STM32_Running/0626_zero_mini_project/Core/driver/LedBar" -I"C:/Users/kccistc/Documents/GitHub/STM32_Running/0626_zero_mini_project/Core/ap/Inc" -I"C:/Users/kccistc/Documents/GitHub/STM32_Running/0626_zero_mini_project/Core/ap/src" -I"C:/Users/kccistc/Documents/GitHub/STM32_Running/0626_zero_mini_project/Core/driver/LCD" -I"C:/Users/kccistc/Documents/GitHub/STM32_Running/0626_zero_mini_project/Core/driver/buzzer" -I"C:/Users/kccistc/Documents/GitHub/STM32_Running/0626_zero_mini_project/Core/driver/DC_Motor" -I"C:/Users/kccistc/Documents/GitHub/STM32_Running/0626_zero_mini_project/Core/driver/Ultra" -O0 -ffunction-sections -fdata-sections -Wall -fstack-usage -fcyclomatic-complexity -MMD -MP -MF"Core/ap/src/ap_main.d" -MT"Core/ap/src/ap_main.o" --specs=nano.specs -mfpu=fpv4-sp-d16 -mfloat-abi=hard -mthumb -o "Core/ap/src/ap_main.o"
arm-none-eabi-gcc -o "0626_zero_mini_project.elf" @"objects.list"   -mcpu=cortex-m4 -T"C:\Users\kccistc\Documents\GitHub\STM32_Running\0626_zero_mini_project\STM32F411RETX_FLASH.ld" --specs=nosys.specs -Wl,-Map="0626_zero_mini_project.map" -Wl,--gc-sections -static --specs=nano.specs -mfpu=fpv4-sp-d16 -mfloat-abi=hard -mthumb -u _printf_float -u _scanf_float -Wl,--start-group -lc -lm -Wl,--end-group
Finished building target: 0626_zero_mini_project.elf
 
arm-none-eabi-size  0626_zero_mini_project.elf 
arm-none-eabi-objdump -h -S 0626_zero_mini_project.elf  > "0626_zero_mini_project.list"
   text	   data	    bss	    dec	    hex	filename
  47944	    736	   2624	  51304	   c868	0626_zero_mini_project.elf
Finished building: default.size.stdout
 
Finished building: 0626_zero_mini_project.list
 
18:24:14 **** Incremental Build of configuration Debug for project 0626_zero_mini_project ****
make -j16 all 
arm-none-eabi-gcc "../Core/ap/src/ap_main.c" -mcpu=cortex-m4 -std=gnu11 -g3 -DDEBUG -DUSE_HAL_DRIVER -DSTM32F411xE -c -I../Core/Inc -I../Drivers/STM32F4xx_HAL_Driver/Inc -I../Drivers/STM32F4xx_HAL_Driver/Inc/Legacy -I../Drivers/CMSIS/Device/ST/STM32F4xx/Include -I../Drivers/CMSIS/Include -I"C:/Users/kccistc/Documents/GitHub/STM32_Running/0626_zero_mini_project/Core/ap" -I"C:/Users/kccistc/Documents/GitHub/STM32_Running/0626_zero_mini_project/Core/driver/Button" -I"C:/Users/kccistc/Documents/GitHub/STM32_Running/0626_zero_mini_project/Core/driver/FND" -I"C:/Users/kccistc/Documents/GitHub/STM32_Running/0626_zero_mini_project/Core/driver/LedBar" -I"C:/Users/kccistc/Documents/GitHub/STM32_Running/0626_zero_mini_project/Core/ap/Inc" -I"C:/Users/kccistc/Documents/GitHub/STM32_Running/0626_zero_mini_project/Core/ap/src" -I"C:/Users/kccistc/Documents/GitHub/STM32_Running/0626_zero_mini_project/Core/driver/LCD" -I"C:/Users/kccistc/Documents/GitHub/STM32_Running/0626_zero_mini_project/Core/driver/buzzer" -I"C:/Users/kccistc/Documents/GitHub/STM32_Running/0626_zero_mini_project/Core/driver/DC_Motor" -I"C:/Users/kccistc/Documents/GitHub/STM32_Running/0626_zero_mini_project/Core/driver/Ultra" -O0 -ffunction-sections -fdata-sections -Wall -fstack-usage -fcyclomatic-complexity -MMD -MP -MF"Core/ap/src/ap_main.d" -MT"Core/ap/src/ap_main.o" --specs=nano.specs -mfpu=fpv4-sp-d16 -mfloat-abi=hard -mthumb -o "Core/ap/src/ap_main.o"
arm-none-eabi-gcc -o "0626_zero_mini_project.elf" @"objects.list"   -mcpu=cortex-m4 -T"C:\Users\kccistc\Documents\GitHub\STM32_Running\0626_zero_mini_project\STM32F411RETX_FLASH.ld" --specs=nosys.specs -Wl,-Map="0626_zero_mini_project.map" -Wl,--gc-sections -static --specs=nano.specs -mfpu=fpv4-sp-d16 -mfloat-abi=hard -mthumb -u _printf_float -u _scanf_float -Wl,--start-group -lc -lm -Wl,--end-group
Finished building target: 0626_zero_mini_project.elf
 
arm-none-eabi-size  0626_zero_mini_project.elf 
arm-none-eabi-objdump -h -S 0626_zero_mini_project.elf  > "0626_zero_mini_project.list"
   text	   data	    bss	    dec	    hex	filename
  47976	    736	   2632	  51344	   c890	0626_zero_mini_project.elf
Finished building: default.size.stdout
 
Finished building: 0626_zero_mini_project.list
 
18:24:30 **** Incremental Build of configuration Debug for project 0626_zero_mini_project ****
make -j16 all 
arm-none-eabi-gcc "../Core/ap/src/ap_main.c" -mcpu=cortex-m4 -std=gnu11 -g3 -DDEBUG -DUSE_HAL_DRIVER -DSTM32F411xE -c -I../Core/Inc -I../Drivers/STM32F4xx_HAL_Driver/Inc -I../Drivers/STM32F4xx_HAL_Driver/Inc/Legacy -I../Drivers/CMSIS/Device/ST/STM32F4xx/Include -I../Drivers/CMSIS/Include -I"C:/Users/kccistc/Documents/GitHub/STM32_Running/0626_zero_mini_project/Core/ap" -I"C:/Users/kccistc/Documents/GitHub/STM32_Running/0626_zero_mini_project/Core/driver/Button" -I"C:/Users/kccistc/Documents/GitHub/STM32_Running/0626_zero_mini_project/Core/driver/FND" -I"C:/Users/kccistc/Documents/GitHub/STM32_Running/0626_zero_mini_project/Core/driver/LedBar" -I"C:/Users/kccistc/Documents/GitHub/STM32_Running/0626_zero_mini_project/Core/ap/Inc" -I"C:/Users/kccistc/Documents/GitHub/STM32_Running/0626_zero_mini_project/Core/ap/src" -I"C:/Users/kccistc/Documents/GitHub/STM32_Running/0626_zero_mini_project/Core/driver/LCD" -I"C:/Users/kccistc/Documents/GitHub/STM32_Running/0626_zero_mini_project/Core/driver/buzzer" -I"C:/Users/kccistc/Documents/GitHub/STM32_Running/0626_zero_mini_project/Core/driver/DC_Motor" -I"C:/Users/kccistc/Documents/GitHub/STM32_Running/0626_zero_mini_project/Core/driver/Ultra" -O0 -ffunction-sections -fdata-sections -Wall -fstack-usage -fcyclomatic-complexity -MMD -MP -MF"Core/ap/src/ap_main.d" -MT"Core/ap/src/ap_main.o" --specs=nano.specs -mfpu=fpv4-sp-d16 -mfloat-abi=hard -mthumb -o "Core/ap/src/ap_main.o"
arm-none-eabi-gcc -o "0626_zero_mini_project.elf" @"objects.list"   -mcpu=cortex-m4 -T"C:\Users\kccistc\Documents\GitHub\STM32_Running\0626_zero_mini_project\STM32F411RETX_FLASH.ld" --specs=nosys.specs -Wl,-Map="0626_zero_mini_project.map" -Wl,--gc-sections -static --specs=nano.specs -mfpu=fpv4-sp-d16 -mfloat-abi=hard -mthumb -u _printf_float -u _scanf_float -Wl,--start-group -lc -lm -Wl,--end-group
Finished building target: 0626_zero_mini_project.elf
 
arm-none-eabi-size  0626_zero_mini_project.elf 
arm-none-eabi-objdump -h -S 0626_zero_mini_project.elf  > "0626_zero_mini_project.list"
   text	   data	    bss	    dec	    hex	filename
  47992	    736	   2632	  51360	   c8a0	0626_zero_mini_project.elf
Finished building: default.size.stdout
 
Finished building: 0626_zero_mini_project.list
 
18:25:56 **** Incremental Build of configuration Debug for project 0626_zero_mini_project ****
make -j16 all 
arm-none-eabi-gcc "../Core/ap/src/Presenter.c" -mcpu=cortex-m4 -std=gnu11 -g3 -DDEBUG -DUSE_HAL_DRIVER -DSTM32F411xE -c -I../Core/Inc -I../Drivers/STM32F4xx_HAL_Driver/Inc -I../Drivers/STM32F4xx_HAL_Driver/Inc/Legacy -I../Drivers/CMSIS/Device/ST/STM32F4xx/Include -I../Drivers/CMSIS/Include -I"C:/Users/kccistc/Documents/GitHub/STM32_Running/0626_zero_mini_project/Core/ap" -I"C:/Users/kccistc/Documents/GitHub/STM32_Running/0626_zero_mini_project/Core/driver/Button" -I"C:/Users/kccistc/Documents/GitHub/STM32_Running/0626_zero_mini_project/Core/driver/FND" -I"C:/Users/kccistc/Documents/GitHub/STM32_Running/0626_zero_mini_project/Core/driver/LedBar" -I"C:/Users/kccistc/Documents/GitHub/STM32_Running/0626_zero_mini_project/Core/ap/Inc" -I"C:/Users/kccistc/Documents/GitHub/STM32_Running/0626_zero_mini_project/Core/ap/src" -I"C:/Users/kccistc/Documents/GitHub/STM32_Running/0626_zero_mini_project/Core/driver/LCD" -I"C:/Users/kccistc/Documents/GitHub/STM32_Running/0626_zero_mini_project/Core/driver/buzzer" -I"C:/Users/kccistc/Documents/GitHub/STM32_Running/0626_zero_mini_project/Core/driver/DC_Motor" -I"C:/Users/kccistc/Documents/GitHub/STM32_Running/0626_zero_mini_project/Core/driver/Ultra" -O0 -ffunction-sections -fdata-sections -Wall -fstack-usage -fcyclomatic-complexity -MMD -MP -MF"Core/ap/src/Presenter.d" -MT"Core/ap/src/Presenter.o" --specs=nano.specs -mfpu=fpv4-sp-d16 -mfloat-abi=hard -mthumb -o "Core/ap/src/Presenter.o"
../Core/ap/src/Presenter.c:153:6: warning: 'Presenter_SongBuzzer' defined but not used [-Wunused-function]
  153 | void Presenter_SongBuzzer(uint8_t song)
      |      ^~~~~~~~~~~~~~~~~~~~
../Core/ap/src/Presenter.c:101:6: warning: 'Presenter_DispMonitor' defined but not used [-Wunused-function]
  101 | void Presenter_DispMonitor(char uartRxData)
      |      ^~~~~~~~~~~~~~~~~~~~~
arm-none-eabi-gcc -o "0626_zero_mini_project.elf" @"objects.list"   -mcpu=cortex-m4 -T"C:\Users\kccistc\Documents\GitHub\STM32_Running\0626_zero_mini_project\STM32F411RETX_FLASH.ld" --specs=nosys.specs -Wl,-Map="0626_zero_mini_project.map" -Wl,--gc-sections -static --specs=nano.specs -mfpu=fpv4-sp-d16 -mfloat-abi=hard -mthumb -u _printf_float -u _scanf_float -Wl,--start-group -lc -lm -Wl,--end-group
Finished building target: 0626_zero_mini_project.elf
 
arm-none-eabi-size  0626_zero_mini_project.elf 
arm-none-eabi-objdump -h -S 0626_zero_mini_project.elf  > "0626_zero_mini_project.list"
   text	   data	    bss	    dec	    hex	filename
  47984	    736	   2632	  51352	   c898	0626_zero_mini_project.elf
Finished building: default.size.stdout
 
Finished building: 0626_zero_mini_project.list
 
